=== GT-P5210 Kiosk Optimization ===

Step 1: Setting up 60% charging limit...
/system/bin/sh: can't create temporary file /data/local/shzc8469.tmp: Permission
 denied
  -> Charge limiter active (cap: 60%)

Step 2: Optimizing display for kiosk...
WARNING: linker: /system/vendor/lib/hw/memtrack.clovertrail.so: unused DT entry:
 type 0xf arg 0x130
WARNING: linker: /system/vendor/lib/libsrv_um.so: unused DT entry: type 0xf arg
0xbe3
WARNING: linker: /system/vendor/lib/hw/memtrack.clovertrail.so has text relocati
ons. This is wasting memory and prevents security hardening. Please fix.
WARNING: linker: /system/vendor/lib/libsrv_um.so has text relocations. This is w
asting memory and prevents security hardening. Please fix.
WARNING: linker: /system/vendor/lib/hw/gralloc.clovertrail.so: unused DT entry:
type 0xf arg 0x62a
WARNING: linker: /system/vendor/lib/libpvr2d.so: unused DT entry: type 0xf arg 0
x79b
WARNING: linker: /system/vendor/lib/hw/gralloc.clovertrail.so has text relocatio
ns. This is wasting memory and prevents security hardening. Please fix.
WARNING: linker: /system/vendor/lib/libpvr2d.so has text relocations. This is wa
sting memory and prevents security hardening. Please fix.
WARNING: linker:
WARNING: linker: /system/vendor/lib/hw/memtrack.clovertrail.so: unused DT entry:
 type 0xf arg 0x130
WARNING: linker: /system/vendor/lib/libsrv_um.so: unused DT entry: type 0xf arg
0xbe3
WARNING: linker: /system/vendor/lib/hw/memtrack.clovertrail.so has text relocati
ons. This is wasting memory and prevents security hardening. Please fix.
WARNING: linker: /system/vendor/lib/libsrv_um.so has text relocations. This is w
asting memory and prevents security hardening. Please fix.
WARNING: linker: /system/vendor/lib/hw/gralloc.clovertrail.so: unused DT entry:
type 0xf arg 0x62a
WARNING: linker: /system/vendor/lib/libpvr2d.so: unused DT entry: type 0xf arg 0
x79b
WARNING: linker: /system/vendor/lib/hw/gralloc.clovertrail.so has text relocatio
ns. This is wasting memory and prevents security hardening. Please fix.
WARNING: linker: /system/vendor/lib/libpvr2d.so has text relocations. This is wa
sting memory and prevents security hardening. Please fix.
WARNING: linker: /system/vendor/lib/hw/memtrack.clovertrail.so: unused DT entry:
 type 0xf arg 0x130
WARNING: linker: /system/vendor/lib/libsrv_um.so: unused DT entry: type 0xf arg
0xbe3
WARNING: linker: /system/vendor/lib/hw/memtrack.clovertrail.so has text relocati
ons. This is wasting memory and prevents security hardening. Please fix.
WARNING: linker: /system/vendor/lib/libsrv_um.so has text relocations. This is w
asting memory and prevents security hardening. Please fix.
WARNING: linker: /system/vendor/lib/hw/gralloc.clovertrail.so: unused DT entry:
type 0xf arg 0x62a
WARNING: linker: /system/vendor/lib/libpvr2d.so: unused DT entry: type 0xf arg 0
x79b
WARNING: linker: /system/vendor/lib/hw/gralloc.clovertrail.so has text relocatio
ns. This is wasting memory and prevents security hardening. Please fix.
WARNING: linker: /system/vendor/lib/libpvr2d.so has text relocations. This is wa
sting memory and prevents security hardening. Please fix.
WARNING: linker: /system/vendor/lib/hw/memtrack.clovertrail.so: unused DT entry:
 type 0xf arg 0x130
WARNING: linker: /system/vendor/lib/libsrv_um.so: unused DT entry: type 0xf arg
0xbe3
WARNING: linker: /system/vendor/lib/hw/memtrack.clovertrail.so has text relocati
ons. This is wasting memory and prevents security hardening. Please fix.
WARNING: linker: /system/vendor/lib/libsrv_um.so has text relocations. This is w
asting memory and prevents security hardening. Please fix.
WARNING: linker: /system/vendor/lib/hw/gralloc.clovertrail.so: unused DT entry:
type 0xf arg 0x62a
WARNING: linker: /system/vendor/lib/libpvr2d.so: unused DT entry: type 0xf arg 0
x79b
WARNING: linker: /system/vendor/lib/hw/gralloc.clovertrail.so has text relocatio
ns. This is wasting memory and prevents security hardening. Please fix.
WARNING: linker: /system/vendor/lib/libpvr2d.so has text relocations. This is wa
sting memory and prevents security hardening. Please fix.
  -> Screen always on, brightness set to ~47%
Step 3: Disabling unnecessary features...
WARNING: linker:
WARNING: linker: /system/vendor/lib/hw/memtrack.clovertrail.so: unused DT entry:
 type 0xf arg 0x130
WARNING: linker: /system/vendor/lib/libsrv_um.so: unused DT entry: type 0xf arg
0xbe3
WARNING: linker: /system/vendor/lib/hw/memtrack.clovertrail.so has text relocati
ons. This is wasting memory and prevents security hardening. Please fix.
WARNING: linker: /system/vendor/lib/libsrv_um.so has text relocations. This is w
asting memory and prevents security hardening. Please fix.
WARNING: linker: /system/vendor/lib/hw/gralloc.clovertrail.so: unused DT entry:
type 0xf arg 0x62a
WARNING: linker: /system/vendor/lib/libpvr2d.so: unused DT entry: type 0xf arg 0
x79b
WARNING: linker: /system/vendor/lib/hw/gralloc.clovertrail.so has text relocatio
ns. This is wasting memory and prevents security hardening. Please fix.
WARNING: linker: /system/vendor/lib/libpvr2d.so has text relocations. This is wa
sting memory and prevents security hardening. Please fix.
WARNING: linker:
WARNING: linker: /system/vendor/lib/hw/memtrack.clovertrail.so: unused DT entry:
 type 0xf arg 0x130
WARNING: linker: /system/vendor/lib/libsrv_um.so: unused DT entry: type 0xf arg
0xbe3
WARNING: linker: /system/vendor/lib/hw/memtrack.clovertrail.so has text relocati
ons. This is wasting memory and prevents security hardening. Please fix.
WARNING: linker: /system/vendor/lib/libsrv_um.so has text relocations. This is w
asting memory and prevents security hardening. Please fix.
WARNING: linker: /system/vendor/lib/hw/gralloc.clovertrail.so: unused DT entry:
type 0xf arg 0x62a
WARNING: linker: /system/vendor/lib/libpvr2d.so: unused DT entry: type 0xf arg 0
x79b
WARNING: linker: /system/vendor/lib/hw/gralloc.clovertrail.so has text relocatio
ns. This is wasting memory and prevents security hardening. Please fix.
WARNING: linker: /system/vendor/lib/libpvr2d.so has text relocations. This is wa
sting memory and prevents security hardening. Please fix.
WARNING: linker: /system/vendor/lib/hw/memtrack.clovertrail.so: unused DT entry:
 type 0xf arg
 type 0xf arg 0x130
WARNING: linker: /system/vendor/lib/libsrv_um.so: unused DT entry: type 0xf
WARNING: linker: /system/vendor/lib/libsrv_um.so: unused DT entry: type 0xf arg
0xbe3
WARNING: linker: /system/vendor/lib/hw/memtrack.clovertrail.so has text relocati
ons. This is wasting memory and prevents security hardening. Please fix.
WARNING: linker: /system/vendor/lib/libsrv_um.so has text relocations. This is w
asting memory and prevents security hardening. Please fix.
WARNING: linker: /system/vendor/lib/hw/gralloc.clovertrail.so: unused DT entry:
type 0xf arg 0x62a
WARNING: linker: /system/vendor/lib/libpvr2d.so: unused DT entry: type 0xf arg 0
x79b
WARNING: linker: /system/vendor/lib/hw/gralloc.clovertrail.so has text relocatio
ns. This is wasting memory and prevents security hardening. Please fix.
WARNING: linker: /system/vendor/lib/libpvr2d.so has text relocations. This is wa
sting memory and prevents security hardening. Please fix.
WARNING: linker: /system/vendor/lib/hw/memtrack.clovertrail.so: unused DT entry:
 type 0xf arg 0x130
WARNING: linker: /system/vendor/lib/libsrv_um.so: unused DT entry: type 0xf arg
0xbe3
WARNING: linker: /system/vendor/lib/hw/memtrack.clovertrail.so has text relocati
ons. This is wasting memory and prevents security hardening. Please fix.
WARNING: linker: /system/vendor/lib/libsrv_um.so has text relocations. This is w
asting memory and prevents security hardening. Please fix.
WARNING: linker:
WARNING: linker: /system/vendor/lib/hw/gralloc.clovertrail.so: unused DT entry:
type 0xf arg 0x62a
WARNING: linker: /system/vendor/lib/libpvr2d.so: unused DT entry: type 0xf arg 0
x79b
WARNING: linker: /system/vendor/lib/hw/gralloc.clovertrail.so has text relocatio
ns. This is wasting memory and prevents security hardening. Please fix.
WARNING: linker: /system/vendor/lib/libpvr2d.so has text relocations. This is wa
sting memory and prevents security hardening. Please fix.
WARNING: linker: /system/vendor/lib/hw/memtrack.clovertrail.so: unused DT entry:
 type 0xf arg 0x130
WARNING: linker:
WARNING: linker: /system/vendor/lib/libsrv_um.so: unused DT entry: type 0xf arg
0xbe3
WARNING: linker: /system/vendor/lib/hw/memtrack.clovertrail.so has text relocati
ons. This is wasting memory and prevents security hardening. Please fix.
WARNING: linker: /system/vendor/lib/libsrv_um.so has text relocations. This is w
asting memory and prevents security hardening. Please fix.
WARNING: linker: /system/vendor/lib/hw/gralloc.clovertrail.so: unused DT entry:
type 0xf arg 0x62a
WARNING: linker: /system/vendor/lib/libpvr2d.so: unused DT entry: type 0xf arg 0
x79b
WARNING: linker: /system/vendor/lib/hw/gralloc.clovertrail.so has text relocatio
ns. This is wasting memory and prevents security hardening. Please fix.
WARNING: linker: /system/vendor/lib/libpvr2d.so has text relocations. This is wa
sting memory and prevents security hardening. Please fix.
Deep idle mode disabled
Light idle mode disabled
  -> Rotation locked (landscape), lock screen disabled, doze disabled
Step 4: Optimizing performance...
WARNING: linker:
WARNING: linker: /system/vendor/lib/hw/memtrack.clovertrail.so: unused DT entry:
 type 0xf arg 0x130
WARNING: linker: /system/vendor/lib/libsrv_um.so: unused DT entry: type 0xf arg
0xbe3
WARNING: linker: /system/vendor/lib/hw/memtrack.clovertrail.so has text relocati
ons. This is wasting memory and prevents security hardening. Please fix.
WARNING: linker: /system/vendor/lib/libsrv_um.so has text relocations. This is w
asting memory and prevents security hardening. Please fix.
WARNING: linker: /system/vendor/lib/hw/gralloc.clovertrail.so: unused DT entry:
type 0xf arg 0x62a
WARNING: linker: /system/vendor/lib/libpvr2d.so: unused DT entry: type 0xf arg 0
x79b
WARNING: linker: /system/vendor/lib/hw/gralloc.clovertrail.so has text relocatio
ns. This is wasting memory and prevents security hardening. Please fix.
WARNING: linker: /system/vendor/lib/libpvr2d.so has text relocations. This is wa
sting memory and prevents security hardening. Please fix.
WARNING: linker:
WARNING: linker: /system/vendor/lib/hw/memtrack.clovertrail.so: unused DT entry:
 type 0xf arg 0x130
WARNING: linker: /system/vendor/lib/libsrv_um.so: unused DT entry: type 0xf arg
0xbe3
WARNING: linker: /system/vendor/lib/hw/memtrack.clovertrail.so has text relocati
ons. This is wasting memory and prevents security hardening. Please fix.
WARNING: linker: /system/vendor/lib/libsrv_um.so
WARNING: linker: /system/vendor/lib/libsrv_um.so has text relocations. This is w
asting memory and prevents security hardening. Please fix.
WARNING: linker: /system/vendor/lib/hw/gralloc.clovertrail.so: unused DT entry:
type 0xf arg 0x62a
WARNING: linker: /system/vendor/lib/libpvr2d.so: unused DT entry: type 0xf arg 0
x79b
WARNING: linker: /system/vendor/lib/hw/gralloc.clovertrail.so has text relocatio
ns. This is wasting memory and prevents security hardening. Please fix.
WARNING: linker: /system/vendor/lib/libpvr2d.so has text relocations. This is wa
sting memory and prevents security hardening. Please fix.
WARNING: linker: /system/vendor/lib/hw/memtrack.clovertrail.so: unused DT entry:
 type 0xf arg 0x130
WARNING: linker: /system/vendor/lib/libsrv_um.so: unused DT entry: type 0xf arg
0xbe3
WARNING: linker: /system/vendor/lib/hw/memtrack.clovertrail.so has text relocati
ons. This is wasting memory and prevents security hardening. Please fix.
WARNING: linker: /system/vendor/lib/libsrv_um.so has text relocations. This is w
asting memory and prevents security hardening. Please fix.
WARNING: linker: /system/vendor/lib/hw/gralloc.clovertrail.so: unused DT entry:
type 0xf arg 0x62a
WARNING: linker: /system/vendor/lib/libpvr2d.so: unused DT entry: type 0xf arg 0
x79b
WARNING: linker: /system/vendor/lib/hw/gralloc.clovertrail.so has text relocatio
ns. This is wasting memory and prevents security hardening. Please fix.
WARNING: linker: /system/vendor/lib/libpvr2d.so has text relocations. This is wa
sting memory and prevents security hardening. Please fix.
WARNING: linker:
WARNING: linker: /system/vendor/lib/hw/memtrack.clovertrail.so: unused DT entry:
 type 0xf arg 0x130
WARNING: linker: /system/vendor/lib/libsrv_um.so: unused DT entry: type 0xf arg
0xbe3
WARNING: linker: /system/vendor/lib/hw/memtrack.clovertrail.so has text relocati
ons. This is wasting memory and prevents security hardening. Please fix.
WARNING: linker:
WARNING: linker: /system/vendor/lib/libsrv_um.so has text relocations. This is w
asting memory and prevents security hardening. Please fix.
WARNING: linker: /system/vendor/lib/hw/gralloc.clovertrail.so: unused DT entry:
type 0xf arg 0x62a
WARNING: linker: /system/vendor/lib/libpvr2d.so: unused DT entry: type 0xf arg 0
x79b
WARNING: linker: /system/vendor/lib/hw/gralloc.clovertrail.so has text relocatio
ns. This is wasting memory and prevents security hardening. Please fix.
WARNING: linker: /system/vendor/lib/libpvr2d.so has text relocations. This is wa
sting memory and prevents security hardening. Please fix.
  -> Animations reduced, Bluetooth disabled
Step 5: Configuring WallPanel settings...
WARNING: linker: /system/vendor/lib/hw/memtrack.clovertrail.so: unused DT entry:
 type 0xf arg 0x130
WARNING: linker:
WARNING: linker: /system/vendor/lib/libsrv_um.so: unused DT entry: type 0xf arg
0xbe3
WARNING: linker: /system/vendor/lib/hw/memtrack.clovertrail.so has text relocati
ons. This is wasting memory and prevents security hardening. Please fix.
WARNING: linker: /system/vendor/lib/libsrv_um.so has text relocations. This is w
asting memory and prevents security hardening. Please fix.
WARNING: linker: /system/vendor/lib/hw/gralloc.clovertrail.so: unused DT entry:
type 0xf arg 0x62a
WARNING: linker: /system/vendor/lib/libpvr2d.so: unused DT entry: type 0xf arg 0
x79b
WARNING: linker: /system/vendor/lib/hw/gralloc.clovertrail.so has text relocatio
ns. This is wasting memory and prevents security hardening. Please fix.
WARNING: linker:
WARNING: linker: /system/vendor/lib/libpvr2d.so has text relocations. This is wa
sting memory and prevents security hardening. Please fix.
  -> WallPanel found: xyz.wallpanel.app
  -> WallPanel permissions granted
Step 6: Disabling unnecessary system apps...
  -> Disabled: com.android.email
  -> Disabled: com.android.exchange
  -> Disabled: com.android.calendar
  -> Disabled: com.android.gallery3d
  -> Disabled: com.android.deskclock
  -> Disabled: com.android.calculator2
  -> Disabled: com.android.contacts
  -> Disabled: org.lineageos.jelly
  -> Disabled: org.lineageos.recorder
Step 7: Making charge limiter persist across reboots...
/system/bin/sh: can't create temporary file /data/local/sh9qv1xu.tmp: Permission
 denied
  -> Boot script created

=== OPTIMIZATION COMPLETE ===
  Battery limit: 60%
  Screen: Always on, landscape, brightness 47%
  Security: Lock screen disabled, immersive mode
  Performance: Animations halved, Bluetooth off
  Bloat: Unnecessary apps disabled
