Timeout:
WARNING: linker:
WARNING: linker: /system/vendor/lib/hw/memtrack.clovertrail.so: unused DT entry:
 type 0xf arg 0x130
WARNING: linker: /system/vendor/lib/libsrv_um.so: unused DT entry: type
WARNING: linker: /system/vendor/lib/libsrv_um.so: unused DT entry: type 0xf arg
0xbe3
WARNING: linker: /system/vendor/lib/hw/memtrack.clovertrail.so has text relocati
ons. This is wasting memory and prevents security hardening. Please fix.
WARNING: linker: /system/vendor/lib/libsrv_um.so has text relocations. This is w
asting memory and prevents security hardening. Please fix.
WARNING: linker: /system/vendor/lib/hw/gralloc.clovertrail.so: unused DT entry:
type 0xf arg 0x62a
WARNING: linker: /system/vendor/lib/libpvr2d.so: unused DT entry: type 0xf arg 0
x79b
WARNING: linker: /system/vendor/lib/hw/gralloc.clovertrail.so has text relocatio
ns. This is wasting memory and prevents security hardening. Please fix.
WARNING: linker: /system/vendor/lib/libpvr2d.so has text relocations. This is wa
sting memory and prevents security hardening. Please fix.
2147483647
Stayon:
WARNING: linker: /system/vendor/lib/hw/memtrack.clovertrail.so: unused DT entry:
 type 0xf arg 0x130
WARNING: linker:
WARNING: linker: /system/vendor/lib/libsrv_um.so: unused DT entry: type 0xf
WARNING: linker: /system/vendor/lib/libsrv_um.so: unused DT entry: type 0xf arg
0xbe3
WARNING: linker: /system/vendor/lib/hw/memtrack.clovertrail.so has text relocati
ons. This is wasting memory and prevents security hardening. Please fix.
WARNING: linker: /system/vendor/lib/libsrv_um.so
WARNING: linker: /system/vendor/lib/libsrv_um.so has text relocations. This is w
asting memory and prevents security hardening. Please fix.
WARNING: linker: /system/vendor/lib/hw/gralloc.clovertrail.so: unused DT entry:
type 0xf arg 0x62a
WARNING: linker: /system/vendor/lib/libpvr2d.so: unused DT entry: type 0xf arg 0
x79b
WARNING: linker: /system/vendor/lib/hw/gralloc.clovertrail.so has text relocatio
ns. This is wasting memory and prevents security hardening. Please fix.
WARNING: linker:
WARNING: linker: /system/vendor/lib/libpvr2d.so
WARNING: linker: /system/vendor/lib/libpvr2d.so has text relocations. This is wa
sting memory and prevents security hardening. Please fix.
0
Wakelocks:
  mWakefulness=Awake
  mWakefulnessChanging=false
  mWakeLockSummary=0x0
  mLastWakeTime=94459437 (7248565 ms ago)
  mHoldingWakeLockSuspendBlocker=false
  mWakeUpWhenPluggedOrUnpluggedConfig=true
  mWakeUpWhenPluggedOrUnpluggedInTheaterModeConfig=false
  mDoubleTapWakeEnabled=false
Wake Locks: size=0
  PowerManagerService.WakeLocks: ref count=0
