Running: sudo curl -s -X POST --unix-socket /var/run/docker.sock 'http://localho
st/contai...
Running: sudo cp /config/home-assistant_v2.db /config/home-assistant_v2.db.bak_b
efore_sta...
Running: sudo python3 -c "import base64; exec(base64.b64decode('CmltcG9ydCBzcWxp
dGUzCmltc...
=== Starting Statistics Database Fix ===
Fixing sensor.inverter_total_production (meta_id 178), adding 1203.0 from timest
amp 1785625279.8032353 (2026-08-02 04:01:19)
  -> Successfully updated.
Fixing sensor.inverter_total_energy_import (meta_id 171), adding 3140.7999999999
997 from timestamp 1785625279.8032353 (2026-08-02 04:01:19)
  -> Successfully updated.
Fixing sensor.inverter_total_energy_export (meta_id 172), adding 215.99999999999
997 from timestamp 1785625279.8032353 (2026-08-02 04:01:19)
  -> Successfully updated.
Fixing sensor.inverter_total_load_consumption (meta_id 174), adding 4110.3 from
timestamp 1785625279.8032353 (2026-08-02 04:01:19)
  -> Successfully updated.
Fixing sensor.inverter_total_energy (meta_id 165), adding 1185.3 from timestamp
1785625279.8032353 (2026-08-02 04:01:19)
  -> Successfully updated.
Fixing sensor.total_solar_production (meta_id 60), adding 4301.100000000133 from
 timestamp 1785625279.8032353 (2026-08-02 04:01:19)
  -> Successfully updated.
=== Fix Complete ===
