Collecting pandas
  Downloading pandas-3.0.5-cp312-cp312-manylinux_2_24_x86_64.manylinux_2_28_x86_
64.whl.metadata (79 kB)
     ━━━━━━━━━━━━━━━━━━━━━━━━━━━━━━━━━━━━━━━ 79.5/79.5 kB 322.6 kB/s eta 0:00:00
Collecting openpyxl
  Downloading openpyxl-3.1.5-py2.py3-none-any.whl.metadata (2.5 kB)
Collecting numpy>=1.26.0 (from pandas)
  Using cached numpy-2.5.1-cp312-cp312-manylinux_2_27_x86_64.manylinux_2_28_x86_
64.whl.metadata (6.6 kB)
Collecting python-dateutil>=2.8.2 (from pandas)
  Downloading python_dateutil-2.9.0.post0-py2.py3-none-any.whl.metadata (8.4 kB)
Collecting et-xmlfile (from openpyxl)
  Downloading et_xmlfile-2.0.0-py3-none-any.whl.metadata (2.7 kB)
Collecting six>=1.5 (from python-dateutil>=2.8.2->pandas)
  Downloading six-1.17.0-py2.py3-none-any.whl.metadata (1.7 kB)
Downloading pandas-3.0.5-cp312-cp312-manylinux_2_24_x86_64.manylinux_2_28_x86_64
.whl (11.0 MB)
   ━━━━━━━━━━━━━━━━━━━━━━━━━━━━━━━━━━━━━━━━ 11.0/11.0 MB 2.1 MB/s eta 0:00:00
Downloading openpyxl-3.1.5-py2.py3-none-any.whl (250 kB)
   ━━━━━━━━━━━━━━━━━━━━━━━━━━━━━━━━━━━━━━━━ 250.9/250.9 kB 3.9 MB/s eta 0:00:00
Using cached numpy-2.5.1-cp312-cp312-manylinux_2_27_x86_64.manylinux_2_28_x86_64
.whl (16.7 MB)
Downloading python_dateutil-2.9.0.post0-py2.py3-none-any.whl (229 kB)
   ━━━━━━━━━━━━━━━━━━━━━━━━━━━━━━━━━━━━━━━━ 229.9/229.9 kB 4.4 MB/s eta 0:00:00
Downloading et_xmlfile-2.0.0-py3-none-any.whl (18 kB)
Downloading six-1.17.0-py2.py3-none-any.whl (11 kB)
Installing collected packages: six, numpy, et-xmlfile, python-dateutil, openpyxl
, pandas
Successfully installed et-xmlfile-2.0.0 numpy-2.5.1 openpyxl-3.1.5 pandas-3.0.5
python-dateutil-2.9.0.post0 six-1.17.0
--- /home/ahmad/Downloads/Art Society/LSF Marketing Database.xlsx ---
Columns: ['Company', 'Name', 'Position', 'Number', 'Email', 'Unnamed: 5', 'Unnam
ed: 6', 'Unnamed: 7', 'Unnamed: 8']
Head:
                      Company           Name  ... Unnamed: 7 Unnamed: 8
0                 Beyond East   Shamroz Khan  ...        NaN        NaN
1  Mobilink microfinance bank  Shahbaz Zaidi  ...        NaN        NaN

[2 rows x 9 columns]
--- /home/ahmad/Downloads/Art Society/MnA Outreach Cycle 1 2024-2025.xlsx ---
Columns: ['Unnamed: 0', 'Unnamed: 1', 'Unnamed: 2', 'Unnamed: 3', 'Unnamed: 4',
'Unnamed: 5', 'Unnamed: 6', 'Unnamed: 7', 'Unnamed: 8', 'Unnamed: 9', 'Unnamed:
10', 'Unnamed: 11', 'Unnamed: 12', 'Unnamed: 13']
Head:
  Unnamed: 0 Unnamed: 1  ...        Unnamed: 12       Unnamed: 13
0        NaN        NaN  ...                NaN               NaN
1    Roll No    Company  ...  Second Checkpoint  Third Checkpoint

[2 rows x 14 columns]
