[youtube:search] Extracting URL: ytsearch10:most popular TED talks
[download] Downloading playlist: most popular TED talks
[youtube:search] query "most popular TED talks": Downloading web client config
[youtube:search] query "most popular TED talks" page 1: Downloading API JSON
[youtube:search] Playlist most popular TED talks: Downloading 10 items of 10
[download] Downloading item 1 of 10
[youtube] Extracting URL: https://www.youtube.com/watch?v=LNHBMFCzznE
[youtube] LNHBMFCzznE: Downloading webpage
[youtube] LNHBMFCzznE: Downloading android player API JSON
[youtube] LNHBMFCzznE: Downloading web client config
[youtube] LNHBMFCzznE: Downloading web player API JSON
WARNING: [youtube] LNHBMFCzznE: Some android client https formats have been skip
ped as they are missing a URL. YouTube may have enabled the SABR-only streaming
experiment for the current session. See  https://github.com/yt-dlp/yt-dlp/issues
/12482  for more details
[info] LNHBMFCzznE: Downloading subtitles: en
[info] LNHBMFCzznE: Downloading 1 format(s): 18
[info] Writing video subtitles to: /media/ahmad/My Passport/English Talks/After
watching this, your brain will not be the same ｜ Lara Boyd ｜ TEDxVancouver.en.vt
t
WARNING: The extractor specified to use impersonation for this download, but no
impersonate target is available. If you encounter errors, then see  https://gith
ub.com/yt-dlp/yt-dlp#impersonation  for information on installing the required d
ependencies
[download] Destination: /media/ahmad/My Passport/English Talks/After watching th
is, your brain will not be the same ｜ Lara Boyd ｜ TEDxVancouver.en.vtt
[download]    1.00KiB at  788.85KiB/s (00:00:00)
[download]    3.00KiB at    1.42MiB/s (00:00:00)
[download]    7.00KiB at    2.53MiB/s (00:00:00)
[download]   15.00KiB at    2.24MiB/s (00:00:00)
[download]   19.87KiB at  466.31KiB/s (00:00:00)
[download] 100% of   19.87KiB in 00:00:00 at 45.81KiB/s
[SubtitlesConvertor] Converting subtitles
Deleting original file /media/ahmad/My Passport/English Talks/After watching thi
s, your brain will not be the same ｜ Lara Boyd ｜ TEDxVancouver.en.vtt (pass -k t
o keep)
[download] Destination: /media/ahmad/My Passport/English Talks/After watching th
is, your brain will not be the same ｜ Lara Boyd ｜ TEDxVancouver.mp4
[download]   0.0% of   25.46MiB at    1.30MiB/s ETA 00:19
[download]   0.0% of   25.46MiB at    1.29MiB/s ETA 00:19
[download]   0.1% of   25.46MiB at  105.03KiB/s ETA 04:08
[download]   0.1% of   25.46MiB at  167.64KiB/s ETA 02:35
[download]   0.2% of   25.46MiB at  215.38KiB/s ETA 02:00
[download]   0.5% of   25.46MiB at  303.65KiB/s ETA 01:25
[download]   1.0% of   25.46MiB at  462.96KiB/s ETA 00:55
[download]   2.0% of   25.46MiB at  721.10KiB/s ETA 00:35
[download]   3.9% of   25.46MiB at    1.16MiB/s ETA 00:21
[download]   7.9% of   25.46MiB at    1.90MiB/s ETA 00:12
[download]  15.7% of   25.46MiB at    2.77MiB/s ETA 00:07
[download]  31.4% of   25.46MiB at    4.06MiB/s ETA 00:04
[download]  39.1% of   25.46MiB at    4.28MiB/s ETA 00:03
[download]  39.1% of   25.46MiB at  Unknown B/s ETA Unknown
[download]  39.2% of   25.46MiB at  Unknown B/s ETA Unknown
[download]  39.2% of   25.46MiB at  537.92KiB/s ETA 00:29
[download]  39.2% of   25.46MiB at  116.07KiB/s ETA 02:16
[download]  39.3% of   25.46MiB at  194.45KiB/s ETA 01:21
[download]  39.4% of   25.46MiB at  224.33KiB/s ETA 01:10
[download]  39.6% of   25.46MiB at  294.19KiB/s ETA 00:53
[download]  40.1% of   25.46MiB at  439.07KiB/s ETA 00:35
[download]  41.1% of   25.46MiB at  655.29KiB/s ETA 00:23
[download]  43.1% of   25.46MiB at    1.00MiB/s ETA 00:14
[download]  47.0% of   25.46MiB at    1.66MiB/s ETA 00:08
[download]  54.8% of   25.46MiB at    2.25MiB/s ETA 00:05
[download]  68.5% of   25.46MiB at    3.77MiB/s ETA 00:02
[download]  77.5% of   25.46MiB at    4.25MiB/s ETA 00:01
[download]  77.5% of   25.46MiB at  Unknown B/s ETA Unknown
[download]  77.5% of   25.46MiB at    9.38MiB/s ETA 00:00
[download]  77.6% of   25.46MiB at  196.32KiB/s ETA 00:29
[download]  77.7% of   25.46MiB at  195.39KiB/s ETA 00:29
[download]  78.0% of   25.46MiB at  278.31KiB/s ETA 00:20
[download]  78.4% of   25.46MiB at  415.17KiB/s ETA 00:13
[download]  79.4% of   25.46MiB at  671.02KiB/s ETA 00:07
[download]  81.4% of   25.46MiB at  997.47KiB/s ETA 00:04
[download]  85.3% of   25.46MiB at    1.58MiB/s ETA 00:02
[download]  93.2% of   25.46MiB at    2.25MiB/s ETA 00:00
[download] 100.0% of   25.46MiB at    2.40MiB/s ETA 00:00
[download] 100% of   25.46MiB in 00:00:09 at 2.67MiB/s
[ExtractAudio] Destination: /media/ahmad/My Passport/English Talks/After watchin
g this, your brain will not be the same ｜ Lara Boyd ｜ TEDxVancouver.wav
Deleting original file /media/ahmad/My Passport/English Talks/After watching thi
s, your brain will not be the same ｜ Lara Boyd ｜ TEDxVancouver.mp4 (pass -k to k
eep)
[download] Downloading item 2 of 10
[youtube] Extracting URL: https://www.youtube.com/watch?v=esPRsT-lmw8
[youtube] esPRsT-lmw8: Downloading webpage
[youtube] esPRsT-lmw8: Downloading android player API JSON
[youtube] esPRsT-lmw8: Downloading web client config
[youtube] esPRsT-lmw8: Downloading web player API JSON
WARNING: [youtube] esPRsT-lmw8: Some android client https formats have been skip
ped as they are missing a URL. YouTube may have enabled the SABR-only streaming
experiment for the current session. See  https://github.com/yt-dlp/yt-dlp/issues
/12482  for more details
[info] esPRsT-lmw8: Downloading subtitles: en
[info] esPRsT-lmw8: Downloading 1 format(s): 18
[info] Writing video subtitles to: /media/ahmad/My Passport/English Talks/The mo
st important lesson from 83,000 brain scans ｜ Daniel Amen ｜ TEDxOrangeCoast.en.v
tt
WARNING: The extractor specified to use impersonation for this download, but no
impersonate target is available. If you encounter errors, then see  https://gith
ub.com/yt-dlp/yt-dlp#impersonation  for information on installing the required d
ependencies
[download] Destination: /media/ahmad/My Passport/English Talks/The most importan
t lesson from 83,000 brain scans ｜ Daniel Amen ｜ TEDxOrangeCoast.en.vtt
[download]    1.00KiB at  Unknown B/s (00:00:00)
[download]    3.00KiB at    1.90MiB/s (00:00:00)
[download]    7.00KiB at    2.96MiB/s (00:00:00)
[download]   15.00KiB at    4.88MiB/s (00:00:00)
[download]   16.30KiB at    4.38MiB/s (00:00:00)
[download] 100% of   16.30KiB in 00:00:00 at 41.73KiB/s
[SubtitlesConvertor] Converting subtitles
Deleting original file /media/ahmad/My Passport/English Talks/The most important
 lesson from 83,000 brain scans ｜ Daniel Amen ｜ TEDxOrangeCoast.en.vtt (pass -k
to keep)
[download] Destination: /media/ahmad/My Passport/English Talks/The most importan
t lesson from 83,000 brain scans ｜ Daniel Amen ｜ TEDxOrangeCoast.mp4
[download]   0.0% of   22.94MiB at  827.28KiB/s ETA 00:28
[download]   0.0% of   22.94MiB at    1.51MiB/s ETA 00:15
[download]   0.0% of   22.94MiB at    2.61MiB/s ETA 00:08
[download]   0.1% of   22.94MiB at    4.34MiB/s ETA 00:05
[download]   0.1% of   22.94MiB at    4.87MiB/s ETA 00:04
[download]   0.3% of   22.94MiB at    4.80MiB/s ETA 00:04
[download]   0.5% of   22.94MiB at    2.89MiB/s ETA 00:07
[download]   1.1% of   22.94MiB at    3.27MiB/s ETA 00:06
[download]   2.2% of   22.94MiB at    1.08MiB/s ETA 00:20
[download]   4.4% of   22.94MiB at    1.73MiB/s ETA 00:12
[download]   8.7% of   22.94MiB at    2.60MiB/s ETA 00:08
[download]  17.4% of   22.94MiB at    2.98MiB/s ETA 00:06
[download]  32.6% of   22.94MiB at    3.71MiB/s ETA 00:04
[download]  43.5% of   22.94MiB at    4.16MiB/s ETA 00:03
[download]  43.5% of   22.94MiB at  Unknown B/s ETA Unknown
[download]  43.5% of   22.94MiB at    1.01MiB/s ETA 00:12
[download]  43.5% of   22.94MiB at    2.01MiB/s ETA 00:06
[download]  43.5% of   22.94MiB at    3.28MiB/s ETA 00:03
[download]  43.6% of   22.94MiB at    3.03MiB/s ETA 00:04
[download]  43.7% of   22.94MiB at    2.99MiB/s ETA 00:04
[download]  44.0% of   22.94MiB at    3.13MiB/s ETA 00:04
[download]  44.5% of   22.94MiB at    3.42MiB/s ETA 00:03
[download]  45.6% of   22.94MiB at    1.65MiB/s ETA 00:07
[download]  47.8% of   22.94MiB at    2.49MiB/s ETA 00:04
[download]  52.2% of   22.94MiB at    3.54MiB/s ETA 00:03
[download]  60.9% of   22.94MiB at    3.46MiB/s ETA 00:02
[download]  75.7% of   22.94MiB at    4.35MiB/s ETA 00:01
[download]  86.7% of   22.94MiB at    4.42MiB/s ETA 00:00
[download]  86.7% of   22.94MiB at  Unknown B/s ETA Unknown
[download]  86.8% of   22.94MiB at  Unknown B/s ETA Unknown
[download]  86.8% of   22.94MiB at    6.27MiB/s ETA 00:00
[download]  86.8% of   22.94MiB at  362.96KiB/s ETA 00:08
[download]  86.9% of   22.94MiB at  580.08KiB/s ETA 00:05
[download]  87.0% of   22.94MiB at  784.00KiB/s ETA 00:03
[download]  87.3% of   22.94MiB at    1.12MiB/s ETA 00:02
[download]  87.8% of   22.94MiB at    1.32MiB/s ETA 00:02
[download]  88.9% of   22.94MiB at    2.12MiB/s ETA 00:01
[download]  91.1% of   22.94MiB at    2.86MiB/s ETA 00:00
[download]  95.5% of   22.94MiB at    3.44MiB/s ETA 00:00
[download] 100.0% of   22.94MiB at    3.04MiB/s ETA 00:00
[download] 100% of   22.94MiB in 00:00:07 at 3.20MiB/s
[ExtractAudio] Destination: /media/ahmad/My Passport/English Talks/The most impo
rtant lesson from 83,000 brain scans ｜ Daniel Amen ｜ TEDxOrangeCoast.wav
Deleting original file /media/ahmad/My Passport/English Talks/The most important
 lesson from 83,000 brain scans ｜ Daniel Amen ｜ TEDxOrangeCoast.mp4 (pass -k to
keep)
[download] Downloading item 3 of 10
[youtube] Extracting URL: https://www.youtube.com/watch?v=-moW9jvvMr4
[youtube] -moW9jvvMr4: Downloading webpage
[youtube] -moW9jvvMr4: Downloading android player API JSON
[youtube] -moW9jvvMr4: Downloading web client config
[youtube] -moW9jvvMr4: Downloading web player API JSON
WARNING: [youtube] -moW9jvvMr4: Some android client https formats have been skip
ped as they are missing a URL. YouTube may have enabled the SABR-only streaming
experiment for the current session. See  https://github.com/yt-dlp/yt-dlp/issues
/12482  for more details
[info] -moW9jvvMr4: Downloading subtitles: en
[info] -moW9jvvMr4: Downloading 1 format(s): 18
[info] Writing video subtitles to: /media/ahmad/My Passport/English Talks/A Simp
le Way to Break a Bad Habit ｜ Judson Brewer ｜ TED.en.vtt
WARNING: The extractor specified to use impersonation for this download, but no
impersonate target is available. If you encounter errors, then see  https://gith
ub.com/yt-dlp/yt-dlp#impersonation  for information on installing the required d
ependencies
[download] Destination: /media/ahmad/My Passport/English Talks/A Simple Way to B
reak a Bad Habit ｜ Judson Brewer ｜ TED.en.vtt
[download]    1.00KiB at  628.93KiB/s (00:00:00)
[download]    3.00KiB at    1.12MiB/s (00:00:00)
[download]    7.00KiB at    1.82MiB/s (00:00:00)
[download]   15.00KiB at  367.48KiB/s (00:00:00)
[download] 100% of   15.00KiB in 00:00:00 at 22.74KiB/s
[SubtitlesConvertor] Converting subtitles
Deleting original file /media/ahmad/My Passport/English Talks/A Simple Way to Br
eak a Bad Habit ｜ Judson Brewer ｜ TED.en.vtt (pass -k to keep)
[download] Destination: /media/ahmad/My Passport/English Talks/A Simple Way to B
reak a Bad Habit ｜ Judson Brewer ｜ TED.mp4
[download]   0.0% of   16.88MiB at  286.01KiB/s ETA 01:00
[download]   0.0% of   16.88MiB at  744.90KiB/s ETA 00:23
[download]   0.0% of   16.88MiB at   25.50KiB/s ETA 11:17
[download]   0.1% of   16.88MiB at   54.48KiB/s ETA 05:17
[download]   0.2% of   16.88MiB at   85.17KiB/s ETA 03:22
[download]   0.4% of   16.88MiB at   74.18KiB/s ETA 03:52
[download]   0.7% of   16.88MiB at  148.95KiB/s ETA 01:55
[download]   1.5% of   16.88MiB at  215.59KiB/s ETA 01:19
[download]   3.0% of   16.88MiB at  331.38KiB/s ETA 00:50
[download]   5.9% of   16.88MiB at  537.91KiB/s ETA 00:30
[download]  11.8% of   16.88MiB at  913.01KiB/s ETA 00:16
[download]  23.7% of   16.88MiB at    1.37MiB/s ETA 00:09
[download]  41.1% of   16.88MiB at    2.01MiB/s ETA 00:04
[download]  56.7% of   16.88MiB at    2.30MiB/s ETA 00:03
[download]  56.7% of   16.88MiB at   59.72KiB/s ETA 02:05
[download]  56.7% of   16.88MiB at  175.04KiB/s ETA 00:42
[download]  56.7% of   16.88MiB at  158.70KiB/s ETA 00:47
[download]  56.7% of   16.88MiB at   47.79KiB/s ETA 02:36
[download]  56.8% of   16.88MiB at   89.85KiB/s ETA 01:23
[download]  57.0% of   16.88MiB at  104.40KiB/s ETA 01:11
[download]  57.4% of   16.88MiB at  147.78KiB/s ETA 00:49
[download]  58.1% of   16.88MiB at  218.63KiB/s ETA 00:33
[download]  59.6% of   16.88MiB at  340.67KiB/s ETA 00:20
[download]  62.6% of   16.88MiB at  558.60KiB/s ETA 00:11
[download]  68.5% of   16.88MiB at  949.46KiB/s ETA 00:05
[download]  80.3% of   16.88MiB at    1.62MiB/s ETA 00:02
[download] 100.0% of   16.88MiB at    2.16MiB/s ETA 00:00
[download] 100% of   16.88MiB in 00:00:10 at 1.57MiB/s
[ExtractAudio] Destination: /media/ahmad/My Passport/English Talks/A Simple Way
to Break a Bad Habit ｜ Judson Brewer ｜ TED.wav
Deleting original file /media/ahmad/My Passport/English Talks/A Simple Way to Br
eak a Bad Habit ｜ Judson Brewer ｜ TED.mp4 (pass -k to keep)
[download] Downloading item 4 of 10
[youtube] Extracting URL: https://www.youtube.com/watch?v=RcGyVTAoXEU
[youtube] RcGyVTAoXEU: Downloading webpage
[youtube] RcGyVTAoXEU: Downloading android player API JSON
[youtube] RcGyVTAoXEU: Downloading web client config
[youtube] RcGyVTAoXEU: Downloading web player API JSON
WARNING: [youtube] RcGyVTAoXEU: Some android client https formats have been skip
ped as they are missing a URL. YouTube may have enabled the SABR-only streaming
experiment for the current session. See  https://github.com/yt-dlp/yt-dlp/issues
/12482  for more details
[info] RcGyVTAoXEU: Downloading subtitles: en
[info] RcGyVTAoXEU: Downloading 1 format(s): 18
[info] Writing video subtitles to: /media/ahmad/My Passport/English Talks/How to
 Make Stress Your Friend ｜ Kelly McGonigal ｜ TED.en.vtt
WARNING: The extractor specified to use impersonation for this download, but no
impersonate target is available. If you encounter errors, then see  https://gith
ub.com/yt-dlp/yt-dlp#impersonation  for information on installing the required d
ependencies
[download] Destination: /media/ahmad/My Passport/English Talks/How to Make Stres
s Your Friend ｜ Kelly McGonigal ｜ TED.en.vtt
[download]    3.00KiB at    2.50MiB/s (00:00:00)
[download]    7.00KiB at    3.80MiB/s (00:00:00)
[download]   15.00KiB at    5.51MiB/s (00:00:00)
[download]   19.82KiB at  517.47KiB/s (00:00:00)
[download] 100% of   19.82KiB in 00:00:00 at 41.07KiB/s
[SubtitlesConvertor] Converting subtitles
Deleting original file /media/ahmad/My Passport/English Talks/How to Make Stress
 Your Friend ｜ Kelly McGonigal ｜ TED.en.vtt (pass -k to keep)
[download] Destination: /media/ahmad/My Passport/English Talks/How to Make Stres
s Your Friend ｜ Kelly McGonigal ｜ TED.mp4
[download]   0.0% of   28.41MiB at  Unknown B/s ETA 00:29
[download]   0.0% of   28.41MiB at    1.75MiB/s ETA 00:16
[download]   0.0% of   28.41MiB at    3.13MiB/s ETA 00:09
[download]   0.1% of   28.41MiB at    1.53MiB/s ETA 00:18
[download]   0.1% of   28.41MiB at    2.43MiB/s ETA 00:11
[download]   0.2% of   28.41MiB at    3.85MiB/s ETA 00:07
[download]   0.4% of   28.41MiB at    4.26MiB/s ETA 00:06
[download]   0.9% of   28.41MiB at    5.06MiB/s ETA 00:05
[download]   1.8% of   28.41MiB at    3.85MiB/s ETA 00:07
[download]   3.5% of   28.41MiB at    4.29MiB/s ETA 00:06
[download]   7.0% of   28.41MiB at    4.72MiB/s ETA 00:05
[download]  14.1% of   28.41MiB at    4.14MiB/s ETA 00:05
[download]  27.0% of   28.41MiB at    4.63MiB/s ETA 00:04
[download]  33.5% of   28.41MiB at    5.08MiB/s ETA 00:03
[download]  33.5% of   28.41MiB at  Unknown B/s ETA Unknown
[download]  33.5% of   28.41MiB at    7.47MiB/s ETA 00:02
[download]  33.6% of   28.41MiB at    4.82MiB/s ETA 00:03
[download]  33.7% of   28.41MiB at    4.76MiB/s ETA 00:03
[download]  33.9% of   28.41MiB at    5.44MiB/s ETA 00:03
[download]  34.3% of   28.41MiB at    3.33MiB/s ETA 00:05
[download]  35.2% of   28.41MiB at    4.01MiB/s ETA 00:04
[download]  37.0% of   28.41MiB at    5.15MiB/s ETA 00:03
[download]  40.5% of   28.41MiB at    6.17MiB/s ETA 00:02
[download]  47.5% of   28.41MiB at    7.19MiB/s ETA 00:02
[download]  61.6% of   28.41MiB at    6.38MiB/s ETA 00:01
[download]  68.1% of   28.41MiB at    6.45MiB/s ETA 00:01
[download]  68.1% of   28.41MiB at  323.98KiB/s ETA 00:28
[download]  68.1% of   28.41MiB at  840.09KiB/s ETA 00:11
[download]  68.1% of   28.41MiB at    1.70MiB/s ETA 00:05
[download]  68.1% of   28.41MiB at    1.46MiB/s ETA 00:06
[download]  68.2% of   28.41MiB at    2.36MiB/s ETA 00:03
[download]  68.3% of   28.41MiB at    2.69MiB/s ETA 00:03
[download]  68.5% of   28.41MiB at    3.68MiB/s ETA 00:02
[download]  69.0% of   28.41MiB at    4.36MiB/s ETA 00:02
[download]  69.8% of   28.41MiB at    5.14MiB/s ETA 00:01
[download]  71.6% of   28.41MiB at    5.02MiB/s ETA 00:01
[download]  75.1% of   28.41MiB at    4.32MiB/s ETA 00:01
[download]  82.2% of   28.41MiB at    5.40MiB/s ETA 00:00
[download]  96.2% of   28.41MiB at    5.32MiB/s ETA 00:00
[download] 100.0% of   28.41MiB at    5.50MiB/s ETA 00:00
[download] 100% of   28.41MiB in 00:00:06 at 4.44MiB/s
[ExtractAudio] Destination: /media/ahmad/My Passport/English Talks/How to Make S
tress Your Friend ｜ Kelly McGonigal ｜ TED.wav
Deleting original file /media/ahmad/My Passport/English Talks/How to Make Stress
 Your Friend ｜ Kelly McGonigal ｜ TED.mp4 (pass -k to keep)
[download] Downloading item 5 of 10
[youtube] Extracting URL: https://www.youtube.com/watch?v=P6FORpg0KVo
[youtube] P6FORpg0KVo: Downloading webpage
[youtube] P6FORpg0KVo: Downloading android player API JSON
[youtube] P6FORpg0KVo: Downloading web client config
[youtube] P6FORpg0KVo: Downloading web player API JSON
WARNING: [youtube] P6FORpg0KVo: Some android client https formats have been skip
ped as they are missing a URL. YouTube may have enabled the SABR-only streaming
experiment for the current session. See  https://github.com/yt-dlp/yt-dlp/issues
/12482  for more details
[info] P6FORpg0KVo: Downloading subtitles: en
[info] P6FORpg0KVo: Downloading 1 format(s): 18
[info] Writing video subtitles to: /media/ahmad/My Passport/English Talks/How to
 Make Learning as Addictive as Social Media ｜ Duolingo's Luis Von Ahn ｜ TED.en.v
tt
WARNING: The extractor specified to use impersonation for this download, but no
impersonate target is available. If you encounter errors, then see  https://gith
ub.com/yt-dlp/yt-dlp#impersonation  for information on installing the required d
ependencies
[download] Destination: /media/ahmad/My Passport/English Talks/How to Make Learn
ing as Addictive as Social Media ｜ Duolingo's Luis Von Ahn ｜ TED.en.vtt
[download]    3.00KiB at    1.41MiB/s (00:00:00)
[download]    7.00KiB at    2.26MiB/s (00:00:00)
[download]   15.00KiB at  334.84KiB/s (00:00:00)
[download]   22.13KiB at  466.34KiB/s (00:00:00)
[download] 100% of   22.13KiB in 00:00:00 at 49.18KiB/s
[SubtitlesConvertor] Converting subtitles
Deleting original file /media/ahmad/My Passport/English Talks/How to Make Learni
ng as Addictive as Social Media ｜ Duolingo's Luis Von Ahn ｜ TED.en.vtt (pass -k
to keep)
[download] Destination: /media/ahmad/My Passport/English Talks/How to Make Learn
ing as Addictive as Social Media ｜ Duolingo's Luis Von Ahn ｜ TED.mp4
[download]   0.0% of   30.56MiB at    1.51MiB/s ETA 00:20
[download]   0.0% of   30.56MiB at    2.93MiB/s ETA 00:10
[download]   0.1% of   30.56MiB at    3.09MiB/s ETA 00:09
[download]   0.2% of   30.56MiB at    3.76MiB/s ETA 00:08
[download]   0.4% of   30.56MiB at    3.79MiB/s ETA 00:08
[download]   0.8% of   30.56MiB at    4.20MiB/s ETA 00:07
[download]   1.6% of   30.56MiB at    4.84MiB/s ETA 00:06
[download]   3.3% of   30.56MiB at    5.83MiB/s ETA 00:05
[download]   6.5% of   30.56MiB at    6.51MiB/s ETA 00:04
[download]  13.1% of   30.56MiB at    6.39MiB/s ETA 00:04
[download]  26.2% of   30.56MiB at    5.15MiB/s ETA 00:04
[download]  32.6% of   30.56MiB at    5.26MiB/s ETA 00:03
[download]  32.6% of   30.56MiB at  333.36KiB/s ETA 01:03
[download]  32.6% of   30.56MiB at  881.28KiB/s ETA 00:23
[download]  32.6% of   30.56MiB at    1.70MiB/s ETA 00:12
[download]  32.6% of   30.56MiB at    3.06MiB/s ETA 00:06
[download]  32.7% of   30.56MiB at    4.70MiB/s ETA 00:04
[download]  32.8% of   30.56MiB at    3.61MiB/s ETA 00:05
[download]  33.0% of   30.56MiB at    4.67MiB/s ETA 00:04
[download]  33.4% of   30.56MiB at    3.76MiB/s ETA 00:05
[download]  34.2% of   30.56MiB at    4.98MiB/s ETA 00:04
[download]  35.9% of   30.56MiB at    5.69MiB/s ETA 00:03
[download]  39.1% of   30.56MiB at    6.04MiB/s ETA 00:03
[download]  45.7% of   30.56MiB at    6.31MiB/s ETA 00:02
[download]  58.8% of   30.56MiB at    6.12MiB/s ETA 00:02
[download]  64.6% of   30.56MiB at    5.14MiB/s ETA 00:02
[download]  64.6% of   30.56MiB at  342.81KiB/s ETA 00:32
[download]  64.6% of   30.56MiB at    1.79MiB/s ETA 00:06
[download]  64.6% of   30.56MiB at    3.44MiB/s ETA 00:03
[download]  64.7% of   30.56MiB at    3.04MiB/s ETA 00:03
[download]  64.8% of   30.56MiB at    1.35MiB/s ETA 00:07
[download]  65.0% of   30.56MiB at    2.00MiB/s ETA 00:05
[download]  65.4% of   30.56MiB at    2.60MiB/s ETA 00:04
[download]  66.2% of   30.56MiB at    2.12MiB/s ETA 00:04
[download]  67.9% of   30.56MiB at    2.37MiB/s ETA 00:04
[download]  71.1% of   30.56MiB at    2.78MiB/s ETA 00:03
[download]  77.7% of   30.56MiB at    3.02MiB/s ETA 00:02
[download]  88.5% of   30.56MiB at    3.55MiB/s ETA 00:00
[download]  95.8% of   30.56MiB at    3.98MiB/s ETA 00:00
[download]  95.8% of   30.56MiB at  415.43KiB/s ETA 00:03
[download]  95.8% of   30.56MiB at  879.57KiB/s ETA 00:01
[download]  95.9% of   30.56MiB at    1.63MiB/s ETA 00:00
[download]  95.9% of   30.56MiB at    2.30MiB/s ETA 00:00
[download]  96.0% of   30.56MiB at    3.10MiB/s ETA 00:00
[download]  96.2% of   30.56MiB at    2.05MiB/s ETA 00:00
[download]  96.6% of   30.56MiB at    3.11MiB/s ETA 00:00
[download]  97.5% of   30.56MiB at    4.69MiB/s ETA 00:00
[download]  99.1% of   30.56MiB at    5.13MiB/s ETA 00:00
[download] 100.0% of   30.56MiB at    5.69MiB/s ETA 00:00
[download] 100% of   30.56MiB in 00:00:08 at 3.70MiB/s
[ExtractAudio] Destination: /media/ahmad/My Passport/English Talks/How to Make L
earning as Addictive as Social Media ｜ Duolingo's Luis Von Ahn ｜ TED.wav
Deleting original file /media/ahmad/My Passport/English Talks/How to Make Learni
ng as Addictive as Social Media ｜ Duolingo's Luis Von Ahn ｜ TED.mp4 (pass -k to
keep)
[download] Downloading item 6 of 10
[youtube] Extracting URL: https://www.youtube.com/watch?v=gUV5DJb6KGs
[youtube] gUV5DJb6KGs: Downloading webpage
[youtube] gUV5DJb6KGs: Downloading android player API JSON
[youtube] gUV5DJb6KGs: Downloading web client config
[youtube] gUV5DJb6KGs: Downloading web player API JSON
WARNING: [youtube] gUV5DJb6KGs: Some android client https formats have been skip
ped as they are missing a URL. YouTube may have enabled the SABR-only streaming
experiment for the current session. See  https://github.com/yt-dlp/yt-dlp/issues
/12482  for more details
[info] gUV5DJb6KGs: Downloading subtitles: en
[info] gUV5DJb6KGs: Downloading 1 format(s): 18
[info] Writing video subtitles to: /media/ahmad/My Passport/English Talks/How to
 talk to the worst parts of yourself ｜ Karen Faith ｜ TEDxKC.en.vtt
WARNING: The extractor specified to use impersonation for this download, but no
impersonate target is available. If you encounter errors, then see  https://gith
ub.com/yt-dlp/yt-dlp#impersonation  for information on installing the required d
ependencies
[download] Destination: /media/ahmad/My Passport/English Talks/How to talk to th
e worst parts of yourself ｜ Karen Faith ｜ TEDxKC.en.vtt
[download]    3.00KiB at    2.82MiB/s (00:00:00)
[download]    7.00KiB at    4.28MiB/s (00:00:00)
[download]   15.00KiB at  563.20KiB/s (00:00:00)
[download]   20.37KiB at  343.01KiB/s (00:00:00)
[download] 100% of   20.37KiB in 00:00:00 at 34.12KiB/s
[SubtitlesConvertor] Converting subtitles
Deleting original file /media/ahmad/My Passport/English Talks/How to talk to the
 worst parts of yourself ｜ Karen Faith ｜ TEDxKC.en.vtt (pass -k to keep)
[download] Destination: /media/ahmad/My Passport/English Talks/How to talk to th
e worst parts of yourself ｜ Karen Faith ｜ TEDxKC.mp4
[download]   0.0% of   28.38MiB at    1.63MiB/s ETA 00:17
[download]   0.0% of   28.38MiB at    2.95MiB/s ETA 00:09
[download]   0.1% of   28.38MiB at  104.24KiB/s ETA 04:38
[download]   0.1% of   28.38MiB at  172.33KiB/s ETA 02:48
[download]   0.2% of   28.38MiB at  206.69KiB/s ETA 02:20
[download]   0.4% of   28.38MiB at  300.39KiB/s ETA 01:36
[download]   0.9% of   28.38MiB at  439.21KiB/s ETA 01:05
[download]   1.8% of   28.38MiB at  707.00KiB/s ETA 00:40
[download]   3.5% of   28.38MiB at    1.12MiB/s ETA 00:24
[download]   7.0% of   28.38MiB at    1.83MiB/s ETA 00:14
[download]  14.1% of   28.38MiB at    2.32MiB/s ETA 00:10
[download]  25.2% of   28.38MiB at    3.12MiB/s ETA 00:06
[download]  33.8% of   28.38MiB at    3.39MiB/s ETA 00:05
[download]  33.8% of   28.38MiB at  Unknown B/s ETA Unknown
[download]  33.8% of   28.38MiB at    6.00MiB/s ETA 00:03
[download]  33.8% of   28.38MiB at    2.28MiB/s ETA 00:08
[download]  33.9% of   28.38MiB at    4.33MiB/s ETA 00:04
[download]  34.0% of   28.38MiB at    1.17MiB/s ETA 00:16
[download]  34.2% of   28.38MiB at    1.98MiB/s ETA 00:09
[download]  34.7% of   28.38MiB at    2.91MiB/s ETA 00:06
[download]  35.6% of   28.38MiB at    3.87MiB/s ETA 00:04
[download]  37.3% of   28.38MiB at    4.13MiB/s ETA 00:04
[download]  40.8% of   28.38MiB at    5.12MiB/s ETA 00:03
[download]  47.9% of   28.38MiB at    4.81MiB/s ETA 00:03
[download]  62.0% of   28.38MiB at    4.64MiB/s ETA 00:02
[download]  67.4% of   28.38MiB at    4.88MiB/s ETA 00:01
[download]  67.4% of   28.38MiB at  Unknown B/s ETA Unknown
[download]  67.5% of   28.38MiB at    4.88MiB/s ETA 00:01
[download]  67.5% of   28.38MiB at    6.20MiB/s ETA 00:01
[download]  67.5% of   28.38MiB at    4.73MiB/s ETA 00:01
[download]  67.6% of   28.38MiB at  917.86KiB/s ETA 00:10
[download]  67.9% of   28.38MiB at    1.16MiB/s ETA 00:07
[download]  68.3% of   28.38MiB at    1.87MiB/s ETA 00:04
[download]  69.2% of   28.38MiB at    2.72MiB/s ETA 00:03
[download]  71.0% of   28.38MiB at    3.81MiB/s ETA 00:02
[download]  74.5% of   28.38MiB at    4.28MiB/s ETA 00:01
[download]  81.5% of   28.38MiB at    5.16MiB/s ETA 00:01
[download]  95.6% of   28.38MiB at    5.78MiB/s ETA 00:00
[download] 100.0% of   28.38MiB at    6.06MiB/s ETA 00:00
[download] 100% of   28.38MiB in 00:00:08 at 3.47MiB/s
[ExtractAudio] Destination: /media/ahmad/My Passport/English Talks/How to talk t
o the worst parts of yourself ｜ Karen Faith ｜ TEDxKC.wav
Deleting original file /media/ahmad/My Passport/English Talks/How to talk to the
 worst parts of yourself ｜ Karen Faith ｜ TEDxKC.mp4 (pass -k to keep)
[download] Downloading item 7 of 10
[youtube] Extracting URL: https://www.youtube.com/watch?v=rNxC16mlO60
[youtube] rNxC16mlO60: Downloading webpage
[youtube] rNxC16mlO60: Downloading android player API JSON
[youtube] rNxC16mlO60: Downloading web client config
[youtube] rNxC16mlO60: Downloading web player API JSON
WARNING: [youtube] rNxC16mlO60: Some android client https formats have been skip
ped as they are missing a URL. YouTube may have enabled the SABR-only streaming
experiment for the current session. See  https://github.com/yt-dlp/yt-dlp/issues
/12482  for more details
[info] rNxC16mlO60: Downloading subtitles: en
[info] rNxC16mlO60: Downloading 1 format(s): 18
[info] Writing video subtitles to: /media/ahmad/My Passport/English Talks/The Se
crets and Science of Mental Toughness ｜ Joe Risser MD, MPH ｜ TEDxSanDiego.en.vtt
WARNING: The extractor specified to use impersonation for this download, but no
impersonate target is available. If you encounter errors, then see  https://gith
ub.com/yt-dlp/yt-dlp#impersonation  for information on installing the required d
ependencies
[download] Destination: /media/ahmad/My Passport/English Talks/The Secrets and S
cience of Mental Toughness ｜ Joe Risser MD, MPH ｜ TEDxSanDiego.en.vtt
[download]    1.00KiB at  Unknown B/s (00:00:00)
[download]    3.00KiB at    2.15MiB/s (00:00:00)
[download]    7.00KiB at    2.32MiB/s (00:00:00)
[download]    8.93KiB at    1.33MiB/s (00:00:00)
[download] 100% of    8.93KiB in 00:00:00 at 10.97KiB/s
[SubtitlesConvertor] Converting subtitles
Deleting original file /media/ahmad/My Passport/English Talks/The Secrets and Sc
ience of Mental Toughness ｜ Joe Risser MD, MPH ｜ TEDxSanDiego.en.vtt (pass -k to
 keep)
[download] Destination: /media/ahmad/My Passport/English Talks/The Secrets and S
cience of Mental Toughness ｜ Joe Risser MD, MPH ｜ TEDxSanDiego.mp4
[download]   0.0% of   22.74MiB at  699.36KiB/s ETA 00:33
[download]   0.0% of   22.74MiB at    1.46MiB/s ETA 00:15
[download]   0.1% of   22.74MiB at    2.70MiB/s ETA 00:08
[download]   0.1% of   22.74MiB at  211.28KiB/s ETA 01:50
[download]   0.3% of   22.74MiB at  231.84KiB/s ETA 01:40
[download]   0.5% of   22.74MiB at  288.00KiB/s ETA 01:20
[download]   1.1% of   22.74MiB at  437.15KiB/s ETA 00:52
[download]   2.2% of   22.74MiB at  628.33KiB/s ETA 00:36
[download]   4.4% of   22.74MiB at    1.00MiB/s ETA 00:21
[download]   8.8% of   22.74MiB at    1.65MiB/s ETA 00:12
[download]  17.6% of   22.74MiB at    2.15MiB/s ETA 00:08
[download]  31.1% of   22.74MiB at    3.34MiB/s ETA 00:04
[download]  42.0% of   22.74MiB at    3.56MiB/s ETA 00:03
[download]  42.0% of   22.74MiB at    4.72KiB/s ETA 47:43
[download]  42.0% of   22.74MiB at   14.08KiB/s ETA 15:59
[download]  42.0% of   22.74MiB at   32.67KiB/s ETA 06:53
[download]  42.1% of   22.74MiB at   69.68KiB/s ETA 03:13
[download]  42.1% of   22.74MiB at  143.49KiB/s ETA 01:33
[download]  42.3% of   22.74MiB at  216.01KiB/s ETA 01:02
[download]  42.5% of   22.74MiB at  289.41KiB/s ETA 00:46
[download]  43.1% of   22.74MiB at  351.93KiB/s ETA 00:37
[download]  44.2% of   22.74MiB at  651.20KiB/s ETA 00:19
[download]  46.4% of   22.74MiB at    1.05MiB/s ETA 00:11
[download]  50.8% of   22.74MiB at    1.77MiB/s ETA 00:06
[download]  59.6% of   22.74MiB at    2.23MiB/s ETA 00:04
[download]  72.8% of   22.74MiB at    3.41MiB/s ETA 00:01
[download]  84.8% of   22.74MiB at    3.94MiB/s ETA 00:00
[download]  84.8% of   22.74MiB at   36.43KiB/s ETA 01:37
[download]  84.8% of   22.74MiB at  107.70KiB/s ETA 00:32
[download]  84.8% of   22.74MiB at  244.80KiB/s ETA 00:14
[download]  84.9% of   22.74MiB at  512.59KiB/s ETA 00:06
[download]  84.9% of   22.74MiB at  191.86KiB/s ETA 00:18
[download]  85.1% of   22.74MiB at  224.20KiB/s ETA 00:15
[download]  85.3% of   22.74MiB at  307.64KiB/s ETA 00:11
[download]  85.9% of   22.74MiB at  447.70KiB/s ETA 00:07
[download]  87.0% of   22.74MiB at  709.72KiB/s ETA 00:04
[download]  89.2% of   22.74MiB at    1.13MiB/s ETA 00:02
[download]  93.6% of   22.74MiB at    1.74MiB/s ETA 00:00
[download] 100.0% of   22.74MiB at    2.25MiB/s ETA 00:00
[download] 100% of   22.74MiB in 00:00:08 at 2.71MiB/s
[ExtractAudio] Destination: /media/ahmad/My Passport/English Talks/The Secrets a
nd Science of Mental Toughness ｜ Joe Risser MD, MPH ｜ TEDxSanDiego.wav
Deleting original file /media/ahmad/My Passport/English Talks/The Secrets and Sc
ience of Mental Toughness ｜ Joe Risser MD, MPH ｜ TEDxSanDiego.mp4 (pass -k to ke
ep)
[download] Downloading item 8 of 10
[youtube] Extracting URL: https://www.youtube.com/watch?v=arj7oStGLkU
[youtube] arj7oStGLkU: Downloading webpage
[youtube] arj7oStGLkU: Downloading android player API JSON
[youtube] arj7oStGLkU: Downloading web client config
[youtube] arj7oStGLkU: Downloading web player API JSON
WARNING: [youtube] arj7oStGLkU: Some android client https formats have been skip
ped as they are missing a URL. YouTube may have enabled the SABR-only streaming
experiment for the current session. See  https://github.com/yt-dlp/yt-dlp/issues
/12482  for more details
[info] arj7oStGLkU: Downloading subtitles: en
[info] arj7oStGLkU: Downloading 1 format(s): 18
[info] Writing video subtitles to: /media/ahmad/My Passport/English Talks/Inside
 the Mind of a Master Procrastinator ｜ Tim Urban ｜ TED.en.vtt
WARNING: The extractor specified to use impersonation for this download, but no
impersonate target is available. If you encounter errors, then see  https://gith
ub.com/yt-dlp/yt-dlp#impersonation  for information on installing the required d
ependencies
[download] Destination: /media/ahmad/My Passport/English Talks/Inside the Mind o
f a Master Procrastinator ｜ Tim Urban ｜ TED.en.vtt
[download]    1.00KiB at  626.76KiB/s (00:00:00)
[download]    3.00KiB at    1.36MiB/s (00:00:00)
[download]    7.00KiB at    2.45MiB/s (00:00:00)
[download]   15.00KiB at    2.24MiB/s (00:00:00)
[download]   21.95KiB at  396.65KiB/s (00:00:00)
[download] 100% of   21.95KiB in 00:00:00 at 45.74KiB/s
[SubtitlesConvertor] Converting subtitles
Deleting original file /media/ahmad/My Passport/English Talks/Inside the Mind of
 a Master Procrastinator ｜ Tim Urban ｜ TED.en.vtt (pass -k to keep)
[download] Destination: /media/ahmad/My Passport/English Talks/Inside the Mind o
f a Master Procrastinator ｜ Tim Urban ｜ TED.mp4
[download]   0.0% of   35.48MiB at  691.63KiB/s ETA 00:52
[download]   0.0% of   35.48MiB at    1.42MiB/s ETA 00:24
[download]   0.0% of   35.48MiB at    2.74MiB/s ETA 00:12
[download]   0.1% of   35.48MiB at    3.17MiB/s ETA 00:11
[download]   0.2% of   35.48MiB at    3.75MiB/s ETA 00:09
[download]   0.3% of   35.48MiB at    4.68MiB/s ETA 00:07
[download]   0.7% of   35.48MiB at    3.56MiB/s ETA 00:09
[download]   1.4% of   35.48MiB at    4.86MiB/s ETA 00:07
[download]   2.8% of   35.48MiB at    3.68MiB/s ETA 00:09
[download]   5.6% of   35.48MiB at    4.03MiB/s ETA 00:08
[download]  11.3% of   35.48MiB at    4.26MiB/s ETA 00:07
[download]  22.5% of   35.48MiB at    5.16MiB/s ETA 00:05
[download]  27.1% of   35.48MiB at    4.93MiB/s ETA 00:05
[download]  27.1% of   35.48MiB at   44.20KiB/s ETA 09:59
[download]  27.1% of   35.48MiB at  128.41KiB/s ETA 03:26
[download]  27.1% of   35.48MiB at  286.40KiB/s ETA 01:32
[download]  27.1% of   35.48MiB at  579.21KiB/s ETA 00:45
[download]  27.2% of   35.48MiB at   96.44KiB/s ETA 04:34
[download]  27.3% of   35.48MiB at  112.30KiB/s ETA 03:55
[download]  27.5% of   35.48MiB at  140.26KiB/s ETA 03:07
[download]  27.8% of   35.48MiB at  213.40KiB/s ETA 02:02
[download]  28.5% of   35.48MiB at  330.88KiB/s ETA 01:18
[download]  29.9% of   35.48MiB at  535.10KiB/s ETA 00:47
[download]  32.7% of   35.48MiB at  868.02KiB/s ETA 00:28
[download]  38.4% of   35.48MiB at    1.36MiB/s ETA 00:16
[download]  48.1% of   35.48MiB at    1.70MiB/s ETA 00:10
[download]  54.8% of   35.48MiB at    2.19MiB/s ETA 00:07
[download]  55.1% of   35.48MiB at    2.21MiB/s ETA 00:07
[download]  55.1% of   35.48MiB at   26.13KiB/s ETA 10:25
[download]  55.1% of   35.48MiB at   77.27KiB/s ETA 03:31
[download]  55.1% of   35.48MiB at  175.81KiB/s ETA 01:32
[download]  55.1% of   35.48MiB at  364.80KiB/s ETA 00:44
[download]  55.1% of   35.48MiB at   97.43KiB/s ETA 02:47
[download]  55.2% of   35.48MiB at  107.98KiB/s ETA 02:30
[download]  55.4% of   35.48MiB at  143.40KiB/s ETA 01:52
[download]  55.8% of   35.48MiB at  213.42KiB/s ETA 01:15
[download]  56.5% of   35.48MiB at  290.65KiB/s ETA 00:54
[download]  57.7% of   35.48MiB at  453.29KiB/s ETA 00:33
[download]  60.2% of   35.48MiB at  727.17KiB/s ETA 00:19
[download]  65.2% of   35.48MiB at  997.39KiB/s ETA 00:12
[download]  69.7% of   35.48MiB at    1.28MiB/s ETA 00:08
[download]  78.6% of   35.48MiB at    1.89MiB/s ETA 00:04
[download]  82.5% of   35.48MiB at    1.94MiB/s ETA 00:03
[download]  82.5% of   35.48MiB at   36.16KiB/s ETA 02:56
[download]  82.5% of   35.48MiB at  106.73KiB/s ETA 00:59
[download]  82.5% of   35.48MiB at  243.38KiB/s ETA 00:26
[download]  82.5% of   35.48MiB at  506.91KiB/s ETA 00:12
[download]  82.6% of   35.48MiB at   89.05KiB/s ETA 01:11
[download]  82.6% of   35.48MiB at  109.07KiB/s ETA 00:57
[download]  82.8% of   35.48MiB at  146.49KiB/s ETA 00:42
[download]  83.2% of   35.48MiB at  215.69KiB/s ETA 00:28
[download]  83.9% of   35.48MiB at  340.78KiB/s ETA 00:17
[download]  85.3% of   35.48MiB at  561.13KiB/s ETA 00:09
[download]  88.1% of   35.48MiB at  841.00KiB/s ETA 00:05
[download]  92.7% of   35.48MiB at    1.27MiB/s ETA 00:02
[download] 100.0% of   35.48MiB at    1.90MiB/s ETA 00:00
[download] 100% of   35.48MiB in 00:00:19 at 1.84MiB/s
[ExtractAudio] Destination: /media/ahmad/My Passport/English Talks/Inside the Mi
nd of a Master Procrastinator ｜ Tim Urban ｜ TED.wav
Deleting original file /media/ahmad/My Passport/English Talks/Inside the Mind of
 a Master Procrastinator ｜ Tim Urban ｜ TED.mp4 (pass -k to keep)
[download] Downloading item 9 of 10
[youtube] Extracting URL: https://www.youtube.com/watch?v=8KkKuTCFvzI
[youtube] 8KkKuTCFvzI: Downloading webpage
[youtube] 8KkKuTCFvzI: Downloading android player API JSON
[youtube] 8KkKuTCFvzI: Downloading web client config
[youtube] 8KkKuTCFvzI: Downloading web player API JSON
WARNING: [youtube] 8KkKuTCFvzI: Some android client https formats have been skip
ped as they are missing a URL. YouTube may have enabled the SABR-only streaming
experiment for the current session. See  https://github.com/yt-dlp/yt-dlp/issues
/12482  for more details
[info] 8KkKuTCFvzI: Downloading subtitles: en
[info] 8KkKuTCFvzI: Downloading 1 format(s): 18
[info] Writing video subtitles to: /media/ahmad/My Passport/English Talks/What M
akes a Good Life？ Lessons from the Longest Study on Happiness ｜ Robert Waldinger
 ｜ TED.en.vtt
WARNING: The extractor specified to use impersonation for this download, but no
impersonate target is available. If you encounter errors, then see  https://gith
ub.com/yt-dlp/yt-dlp#impersonation  for information on installing the required d
ependencies
[download] Destination: /media/ahmad/My Passport/English Talks/What Makes a Good
 Life？ Lessons from the Longest Study on Happiness ｜ Robert Waldinger ｜ TED.en.v
tt
[download]    3.00KiB at  Unknown B/s (00:00:00)
[download]    7.00KiB at    4.76MiB/s (00:00:00)
[download]   15.00KiB at    1.14MiB/s (00:00:00)
[download]   15.87KiB at  991.41KiB/s (00:00:00)
[download] 100% of   15.87KiB in 00:00:00 at 32.91KiB/s
[SubtitlesConvertor] Converting subtitles
Deleting original file /media/ahmad/My Passport/English Talks/What Makes a Good
Life？ Lessons from the Longest Study on Happiness ｜ Robert Waldinger ｜ TED.en.vt
t (pass -k to keep)
[download] Destination: /media/ahmad/My Passport/English Talks/What Makes a Good
 Life？ Lessons from the Longest Study on Happiness ｜ Robert Waldinger ｜ TED.mp4
[download]   0.0% of   17.77MiB at  981.97KiB/s ETA 00:18
[download]   0.0% of   17.77MiB at    1.94MiB/s ETA 00:09
[download]   0.1% of   17.77MiB at   52.71KiB/s ETA 05:44
[download]   0.2% of   17.77MiB at   84.00KiB/s ETA 03:36
[download]   0.3% of   17.77MiB at  107.08KiB/s ETA 02:49
[download]   0.7% of   17.77MiB at  146.37KiB/s ETA 02:03
[download]   1.4% of   17.77MiB at  229.08KiB/s ETA 01:18
[download]   2.8% of   17.77MiB at  187.31KiB/s ETA 01:34
[download]   3.7% of   17.77MiB at  228.92KiB/s ETA 01:16
[download]   5.4% of   17.77MiB at  315.37KiB/s ETA 00:54
[download]   8.9% of   17.77MiB at  473.55KiB/s ETA 00:34
[download]  15.9% of   17.77MiB at  723.97KiB/s ETA 00:21
[download]  28.1% of   17.77MiB at    1.19MiB/s ETA 00:10
[download]  50.7% of   17.77MiB at    1.75MiB/s ETA 00:05
[download]  54.2% of   17.77MiB at    1.84MiB/s ETA 00:04
[download]  54.2% of   17.77MiB at  326.48KiB/s ETA 00:25
[download]  54.2% of   17.77MiB at  883.88KiB/s ETA 00:09
[download]  54.2% of   17.77MiB at  223.29KiB/s ETA 00:37
[download]  54.3% of   17.77MiB at   50.89KiB/s ETA 02:43
[download]  54.4% of   17.77MiB at   85.42KiB/s ETA 01:37
[download]  54.5% of   17.77MiB at  106.32KiB/s ETA 01:17
[download]  54.9% of   17.77MiB at  141.86KiB/s ETA 00:57
[download]  55.6% of   17.77MiB at  216.92KiB/s ETA 00:37
[download]  57.0% of   17.77MiB at  346.20KiB/s ETA 00:22
[download]  59.8% of   17.77MiB at  565.43KiB/s ETA 00:12
[download]  65.4% of   17.77MiB at  961.93KiB/s ETA 00:06
[download]  76.7% of   17.77MiB at    1.52MiB/s ETA 00:02
[download]  98.8% of   17.77MiB at    2.15MiB/s ETA 00:00
[download] 100.0% of   17.77MiB at    2.21MiB/s ETA 00:00
[download] 100% of   17.77MiB in 00:00:11 at 1.52MiB/s
[ExtractAudio] Destination: /media/ahmad/My Passport/English Talks/What Makes a
Good Life？ Lessons from the Longest Study on Happiness ｜ Robert Waldinger ｜ TED.
wav
Deleting original file /media/ahmad/My Passport/English Talks/What Makes a Good
Life？ Lessons from the Longest Study on Happiness ｜ Robert Waldinger ｜ TED.mp4 (
pass -k to keep)
[download] Downloading item 10 of 10
[youtube] Extracting URL: https://www.youtube.com/watch?v=qYvXk_bqlBk
[youtube] qYvXk_bqlBk: Downloading webpage
[youtube] qYvXk_bqlBk: Downloading android player API JSON
[youtube] qYvXk_bqlBk: Downloading web client config
[youtube] qYvXk_bqlBk: Downloading web player API JSON
WARNING: [youtube] qYvXk_bqlBk: Some android client https formats have been skip
ped as they are missing a URL. YouTube may have enabled the SABR-only streaming
experiment for the current session. See  https://github.com/yt-dlp/yt-dlp/issues
/12482  for more details
[info] qYvXk_bqlBk: Downloading subtitles: en
[info] qYvXk_bqlBk: Downloading 1 format(s): 18
[info] Writing video subtitles to: /media/ahmad/My Passport/English Talks/Who ar
e you, really？ The puzzle of personality ｜ Brian Little ｜ TED.en.vtt
WARNING: The extractor specified to use impersonation for this download, but no
impersonate target is available. If you encounter errors, then see  https://gith
ub.com/yt-dlp/yt-dlp#impersonation  for information on installing the required d
ependencies
[download] Destination: /media/ahmad/My Passport/English Talks/Who are you, real
ly？ The puzzle of personality ｜ Brian Little ｜ TED.en.vtt
[download]    3.00KiB at    2.13MiB/s (00:00:00)
[download]    7.00KiB at    3.83MiB/s (00:00:00)
[download]   15.00KiB at    1.07MiB/s (00:00:00)
[download]   19.66KiB at  460.49KiB/s (00:00:00)
[download] 100% of   19.66KiB in 00:00:00 at 39.92KiB/s
[SubtitlesConvertor] Converting subtitles
Deleting original file /media/ahmad/My Passport/English Talks/Who are you, reall
y？ The puzzle of personality ｜ Brian Little ｜ TED.en.vtt (pass -k to keep)
[download] Destination: /media/ahmad/My Passport/English Talks/Who are you, real
ly？ The puzzle of personality ｜ Brian Little ｜ TED.mp4
[download]   0.0% of   20.96MiB at  Unknown B/s ETA Unknown
[download]   0.0% of   20.96MiB at    4.87MiB/s ETA 00:04
[download]   0.1% of   20.96MiB at   25.29KiB/s ETA 14:07
[download]   0.1% of   20.96MiB at   47.90KiB/s ETA 07:27
[download]   0.3% of   20.96MiB at   88.71KiB/s ETA 04:01
[download]   0.5% of   20.96MiB at  115.82KiB/s ETA 03:04
[download]   1.0% of   20.96MiB at  184.23KiB/s ETA 01:55
[download]   2.0% of   20.96MiB at  291.48KiB/s ETA 01:12
[download]   4.0% of   20.96MiB at  480.46KiB/s ETA 00:42
[download]   8.1% of   20.96MiB at  702.55KiB/s ETA 00:28
[download]  14.2% of   20.96MiB at    1.19MiB/s ETA 00:15
[download]  26.4% of   20.96MiB at    1.86MiB/s ETA 00:08
[download]  45.5% of   20.96MiB at    2.42MiB/s ETA 00:04
[download]  47.2% of   20.96MiB at    2.51MiB/s ETA 00:04
[download]  47.2% of   20.96MiB at  Unknown B/s ETA Unknown
[download]  47.2% of   20.96MiB at  161.10KiB/s ETA 01:10
[download]  47.3% of   20.96MiB at   56.42KiB/s ETA 03:20
[download]  47.4% of   20.96MiB at   93.09KiB/s ETA 02:01
[download]  47.5% of   20.96MiB at  100.65KiB/s ETA 01:51
[download]  47.8% of   20.96MiB at  150.31KiB/s ETA 01:14
[download]  48.4% of   20.96MiB at  221.34KiB/s ETA 00:50
[download]  49.6% of   20.96MiB at  354.73KiB/s ETA 00:30
[download]  52.0% of   20.96MiB at  500.93KiB/s ETA 00:20
[download]  55.9% of   20.96MiB at  857.72KiB/s ETA 00:11
[download]  63.9% of   20.96MiB at    1.26MiB/s ETA 00:06
[download]  77.1% of   20.96MiB at    1.70MiB/s ETA 00:02
[download]  91.8% of   20.96MiB at    1.90MiB/s ETA 00:00
[download]  92.7% of   20.96MiB at    1.89MiB/s ETA 00:00
[download]  92.7% of   20.96MiB at  Unknown B/s ETA Unknown
[download]  92.7% of   20.96MiB at    4.54MiB/s ETA 00:00
[download]  92.7% of   20.96MiB at    4.20MiB/s ETA 00:00
[download]  92.8% of   20.96MiB at    3.06MiB/s ETA 00:00
[download]  93.0% of   20.96MiB at    3.18MiB/s ETA 00:00
[download]  93.3% of   20.96MiB at    4.12MiB/s ETA 00:00
[download]  93.9% of   20.96MiB at    3.20MiB/s ETA 00:00
[download]  95.0% of   20.96MiB at    3.81MiB/s ETA 00:00
[download]  97.4% of   20.96MiB at    4.40MiB/s ETA 00:00
[download] 100.0% of   20.96MiB at    3.83MiB/s ETA 00:00
[download] 100% of   20.96MiB in 00:00:12 at 1.65MiB/s
[ExtractAudio] Destination: /media/ahmad/My Passport/English Talks/Who are you,
really？ The puzzle of personality ｜ Brian Little ｜ TED.wav
Deleting original file /media/ahmad/My Passport/English Talks/Who are you, reall
y？ The puzzle of personality ｜ Brian Little ｜ TED.mp4 (pass -k to keep)
[download] Finished downloading playlist: most popular TED talks
