WARNING: [youtube] YouTube said: ERROR - Precondition check failed.
WARNING: [youtube] HTTP Error 400: Bad Request. Retrying (1/3)...
WARNING: [youtube] YouTube said: ERROR - Precondition check failed.
WARNING: [youtube] HTTP Error 400: Bad Request. Retrying (2/3)...
WARNING: [youtube] YouTube said: ERROR - Precondition check failed.
WARNING: [youtube] HTTP Error 400: Bad Request. Retrying (3/3)...
WARNING: [youtube] YouTube said: ERROR - Precondition check failed.
WARNING: [youtube] Unable to download API page: HTTP Error 400: Bad Request (cau
sed by <HTTPError 400: Bad Request>)
WARNING: [youtube] YouTube said: ERROR - Precondition check failed.
WARNING: [youtube] HTTP Error 400: Bad Request. Retrying (1/3)...
WARNING: [youtube] YouTube said: ERROR - Precondition check failed.
WARNING: [youtube] HTTP Error 400: Bad Request. Retrying (2/3)...
WARNING: [youtube] YouTube said: ERROR - Precondition check failed.
WARNING: [youtube] HTTP Error 400: Bad Request. Retrying (3/3)...
WARNING: [youtube] YouTube said: ERROR - Precondition check failed.
WARNING: [youtube] Unable to download API page: HTTP Error 400: Bad Request (cau
sed by <HTTPError 400: Bad Request>)
WARNING: Only images are available for download. use --list-formats to see them
ERROR: [youtube] RcGyVTAoXEU: Requested format is not available. Use --list-form
ats for a list of available formats
WARNING: [youtube] YouTube said: ERROR - Precondition check failed.
WARNING: [youtube] HTTP Error 400: Bad Request. Retrying (1/3)...
WARNING: [youtube] YouTube said: ERROR - Precondition check failed.
WARNING: [youtube] HTTP Error 400: Bad Request. Retrying (2/3)...
WARNING: [youtube] YouTube said: ERROR - Precondition check failed.
WARNING: [youtube] HTTP Error 400: Bad Request. Retrying (3/3)...
WARNING: [youtube] YouTube said: ERROR - Precondition check failed.
WARNING: [youtube] Unable to download API page: HTTP Error 400: Bad Request (cau
sed by <HTTPError 400: Bad Request>)
WARNING: [youtube] YouTube said: ERROR - Precondition check failed.
WARNING: [youtube] HTTP Error 400: Bad Request. Retrying (1/3)...
WARNING: [youtube] YouTube said: ERROR - Precondition check failed.
WARNING: [youtube] HTTP Error 400: Bad Request. Retrying (2/3)...
WARNING: [youtube] YouTube said: ERROR - Precondition check failed.
WARNING: [youtube] HTTP Error 400: Bad Request. Retrying (3/3)...
WARNING: [youtube] YouTube said: ERROR - Precondition check failed.
WARNING: [youtube] Unable to download API page: HTTP Error 400: Bad Request (cau
sed by <HTTPError 400: Bad Request>)
WARNING: Only images are available for download. use --list-formats to see them
ERROR: [youtube] BHY0FxzoKZE: Requested format is not available. Use --list-form
ats for a list of available formats
WARNING: [youtube] YouTube said: ERROR - Precondition check failed.
WARNING: [youtube] HTTP Error 400: Bad Request. Retrying (1/3)...
WARNING: [youtube] YouTube said: ERROR - Precondition check failed.
WARNING: [youtube] HTTP Error 400: Bad Request. Retrying (2/3)...
WARNING: [youtube] YouTube said: ERROR - Precondition check failed.
WARNING: [youtube] HTTP Error 400: Bad Request. Retrying (3/3)...
WARNING: [youtube] YouTube said: ERROR - Precondition check failed.
WARNING: [youtube] Unable to download API page: HTTP Error 400: Bad Request (cau
sed by <HTTPError 400: Bad Request>)
WARNING: [youtube] YouTube said: ERROR - Precondition check failed.
WARNING: [youtube] HTTP Error 400: Bad Request. Retrying (1/3)...
WARNING: [youtube] YouTube said: ERROR - Precondition check failed.
WARNING: [youtube] HTTP Error 400: Bad Request. Retrying (2/3)...
WARNING: [youtube] YouTube said: ERROR - Precondition check failed.
WARNING: [youtube] HTTP Error 400: Bad Request. Retrying (3/3)...
WARNING: [youtube] YouTube said: ERROR - Precondition check failed.
WARNING: [youtube] Unable to download API page: HTTP Error 400: Bad Request (cau
sed by <HTTPError 400: Bad Request>)
WARNING: Only images are available for download. use --list-formats to see them
ERROR: [youtube] 5MuIMqhT8DM: Requested format is not available. Use --list-form
ats for a list of available formats
WARNING: [youtube] YouTube said: ERROR - Precondition check failed.
WARNING: [youtube] HTTP Error 400: Bad Request. Retrying (1/3)...
WARNING: [youtube] YouTube said: ERROR - Precondition check failed.
WARNING: [youtube] HTTP Error 400: Bad Request. Retrying (2/3)...
WARNING: [youtube] YouTube said: ERROR - Precondition check failed.
WARNING: [youtube] HTTP Error 400: Bad Request. Retrying (3/3)...
WARNING: [youtube] YouTube said: ERROR - Precondition check failed.
WARNING: [youtube] Unable to download API page: HTTP Error 400: Bad Request (cau
sed by <HTTPError 400: Bad Request>)
WARNING: [youtube] YouTube said: ERROR - Precondition check failed.
WARNING: [youtube] HTTP Error 400: Bad Request. Retrying (1/3)...
WARNING: [youtube] YouTube said: ERROR - Precondition check failed.
WARNING: [youtube] HTTP Error 400: Bad Request. Retrying (2/3)...
WARNING: [youtube] YouTube said: ERROR - Precondition check failed.
WARNING: [youtube] HTTP Error 400: Bad Request. Retrying (3/3)...
WARNING: [youtube] YouTube said: ERROR - Precondition check failed.
WARNING: [youtube] Unable to download API page: HTTP Error 400: Bad Request (cau
sed by <HTTPError 400: Bad Request>)
WARNING: Only images are available for download. use --list-formats to see them
ERROR: [youtube] LpSDuDIaBGk: Requested format is not available. Use --list-form
ats for a list of available formats
WARNING: [youtube] YouTube said: ERROR - Precondition check failed.
WARNING: [youtube] HTTP Error 400: Bad Request. Retrying (1/3)...
WARNING: [youtube] YouTube said: ERROR - Precondition check failed.
WARNING: [youtube] HTTP Error 400: Bad Request. Retrying (2/3)...
WARNING: [youtube] YouTube said: ERROR - Precondition check failed.
WARNING: [youtube] HTTP Error 400: Bad Request. Retrying (3/3)...
WARNING: [youtube] YouTube said: ERROR - Precondition check failed.
WARNING: [youtube] Unable to download API page: HTTP Error 400: Bad Request (cau
sed by <HTTPError 400: Bad Request>)
WARNING: [youtube] YouTube said: ERROR - Precondition check failed.
WARNING: [youtube] HTTP Error 400: Bad Request. Retrying (1/3)...
WARNING: [youtube] YouTube said: ERROR - Precondition check failed.
WARNING: [youtube] HTTP Error 400: Bad Request. Retrying (2/3)...
WARNING: [youtube] YouTube said: ERROR - Precondition check failed.
WARNING: [youtube] HTTP Error 400: Bad Request. Retrying (3/3)...
WARNING: [youtube] YouTube said: ERROR - Precondition check failed.
WARNING: [youtube] Unable to download API page: HTTP Error 400: Bad Request (cau
sed by <HTTPError 400: Bad Request>)
WARNING: Only images are available for download. use --list-formats to see them
ERROR: [youtube] -moW9jvvMr4: Requested format is not available. Use --list-form
ats for a list of available formats
WARNING: [youtube] YouTube said: ERROR - Precondition check failed.
WARNING: [youtube] HTTP Error 400: Bad Request. Retrying (1/3)...
WARNING: [youtube] YouTube said: ERROR - Precondition check failed.
WARNING: [youtube] HTTP Error 400: Bad Request. Retrying (2/3)...
WARNING: [youtube] YouTube said: ERROR - Precondition check failed.
WARNING: [youtube] HTTP Error 400: Bad Request. Retrying (3/3)...
WARNING: [youtube] YouTube said: ERROR - Precondition check failed.
WARNING: [youtube] Unable to download API page: HTTP Error 400: Bad Request (cau
sed by <HTTPError 400: Bad Request>)
WARNING: [youtube] YouTube said: ERROR - Precondition check failed.
WARNING: [youtube] HTTP Error 400: Bad Request. Retrying (1/3)...
WARNING: [youtube] YouTube said: ERROR - Precondition check failed.
WARNING: [youtube] HTTP Error 400: Bad Request. Retrying (2/3)...
WARNING: [youtube] YouTube said: ERROR - Precondition check failed.
WARNING: [youtube] HTTP Error 400: Bad Request. Retrying (3/3)...
WARNING: [youtube] YouTube said: ERROR - Precondition check failed.
WARNING: [youtube] Unable to download API page: HTTP Error 400: Bad Request (cau
sed by <HTTPError 400: Bad Request>)
WARNING: Only images are available for download. use --list-formats to see them
ERROR: [youtube] LNHBMFCzznE: Requested format is not available. Use --list-form
ats for a list of available formats
WARNING: [youtube] YouTube said: ERROR - Precondition check failed.
WARNING: [youtube] HTTP Error 400: Bad Request. Retrying (1/3)...
WARNING: [youtube] YouTube said: ERROR - Precondition check failed.
WARNING: [youtube] HTTP Error 400: Bad Request. Retrying (2/3)...
WARNING: [youtube] YouTube said: ERROR - Precondition check failed.
WARNING: [youtube] HTTP Error 400: Bad Request. Retrying (3/3)...
WARNING: [youtube] YouTube said: ERROR - Precondition check failed.
WARNING: [youtube] Unable to download API page: HTTP Error 400: Bad Request (cau
sed by <HTTPError 400: Bad Request>)
WARNING: [youtube] YouTube said: ERROR - Precondition check failed.
WARNING: [youtube] HTTP Error 400: Bad Request. Retrying (1/3)...
WARNING: [youtube] YouTube said: ERROR - Precondition check failed.
WARNING: [youtube] HTTP Error 400: Bad Request. Retrying (2/3)...
WARNING: [youtube] YouTube said: ERROR - Precondition check failed.
WARNING: [youtube] HTTP Error 400: Bad Request. Retrying (3/3)...
WARNING: [youtube] YouTube said: ERROR - Precondition check failed.
WARNING: [youtube] Unable to download API page: HTTP Error 400: Bad Request (cau
sed by <HTTPError 400: Bad Request>)
WARNING: Only images are available for download. use --list-formats to see them
ERROR: [youtube] 6Af6b_wyiwI: Requested format is not available. Use --list-form
ats for a list of available formats
WARNING: [youtube] YouTube said: ERROR - Precondition check failed.
WARNING: [youtube] HTTP Error 400: Bad Request. Retrying (1/3)...
