--- OUTPUT for lsblk -o NAME,SIZE,TYPE,MOUNTPOINT ---
NAME                           SIZE TYPE MOUNTPOINT
sda                          465.7G disk
├─sda1                       446.2G part
└─sda2                        19.5G part
nvme0n1                      238.5G disk
├─nvme0n1p1                   1007K part
├─nvme0n1p2                      1G part /boot/efi
└─nvme0n1p3                  237.5G part
  ├─pve-swap                   7.6G lvm  [SWAP]
  ├─pve-root                  69.5G lvm  /
  ├─pve-data_tmeta             1.4G lvm
  │ └─pve-data-tpool         141.5G lvm
  │   ├─pve-data             141.5G lvm
  │   ├─pve-vm--100--disk--0    32G lvm
  │   ├─pve-vm--100--disk--1     4M lvm
  │   ├─pve-vm--101--disk--0     8G lvm
  │   ├─pve-vm--102--disk--0     2G lvm
  │   ├─pve-vm--103--disk--0     2G lvm
  │   └─pve-vm--105--disk--0     8G lvm
  └─pve-data_tdata           141.5G lvm
    └─pve-data-tpool         141.5G lvm
      ├─pve-data             141.5G lvm
      ├─pve-vm--100--disk--0    32G lvm
      ├─pve-vm--100--disk--1     4M lvm
      ├─pve-vm--101--disk--0     8G lvm
      ├─pve-vm--102--disk--0     2G lvm
      ├─pve-vm--103--disk--0     2G lvm
      └─pve-vm--105--disk--0     8G lvm
--- OUTPUT for pvesm status ---
Name                Type     Status     Total (KiB)      Used (KiB) Available (K
iB)        %
LUMS-Offsite         dir     active        71109784        62049884         5401
968   87.26%
local                dir     active        71109784        62049884         5401
968   87.26%
local-lvm        lvmthin     active       148369408        46142885       102226
522   31.10%
--- OUTPUT for pveam update && pveam available | grep ubuntu ---
update successful
system          ubuntu-22.04-standard_22.04-1_amd64.tar.zst
system          ubuntu-24.04-standard_24.04-2_amd64.tar.zst
system          ubuntu-25.04-standard_25.04-1.1_amd64.tar.zst
system          ubuntu-26.04-standard_26.04-1_amd64.tar.zst
