
----------------------------------------
Starting batch for: Mandarin Chinese
Folder: Mandarin Chinese Talks
Searching for 50 potential Mandarin Chinese talks...
[Cookies] Loading cookie      0/   889

ERROR: [youtube] 3h093ure0uY: Requested format is not available. Use --list-form
ats for a list of available formats
[1/10] FOUND VALID TRANSCRIPT: Downloading 'Learn to read Chinese ... with ease!
 | ShaoLan'...

ERROR: Did not get any data blocks

ERROR: Did not get any data blocks

ERROR: Did not get any data blocks
ERROR: unable to download video data: HTTP Error 403: Forbidden
[2/10] FOUND VALID TRANSCRIPT: Downloading 'How to learn any language in six mon
ths | Chris Lonsdale | TEDxLingnanUniversity'...

ERROR: Did not get any data blocks

ERROR: Did not get any data blocks

ERROR: Did not get any data blocks

ERROR: Did not get any data blocks
ERROR: unable to download video data: HTTP Error 403: Forbidden
[3/10] FOUND VALID TRANSCRIPT: Downloading 'Leslie T. Chang: The voices of China
's workers'...
