----------------------------------------
Starting batch for: Standard Arabic
Folder: Standard Arabic Talks
Subtitles: en.*, ar.*
[youtube:search] Extracting URL: ytsearch10:TED talk in Standard Arabic
[download] Downloading playlist: TED talk in Standard Arabic
[youtube:search] query "TED talk in Standard Arabic": Downloading web client con
fig
[youtube:search] query "TED talk in Standard Arabic" page 1: Downloading API JSO
N
[youtube:search] Playlist TED talk in Standard Arabic: Downloading 10 items of 1
0
[download] Downloading item 1 of 10
[youtube] Extracting URL: https://www.youtube.com/watch?v=KkQx3BWcBcM
[youtube] KkQx3BWcBcM: Downloading webpage
WARNING: [youtube] No supported JavaScript runtime could be found. Only deno is
enabled by default; to use another runtime add  --js-runtimes RUNTIME[:PATH]  to
 your command/config. YouTube extraction without a JS runtime has been deprecate
d, and some formats may be missing. See  https://github.com/yt-dlp/yt-dlp/wiki/E
JS  for details on installing one
[youtube] KkQx3BWcBcM: Downloading android vr player API JSON
[info] KkQx3BWcBcM: Downloading 1 format(s): 251
[info] There are no subtitles for the requested languages
[SubtitlesConvertor] There aren't any subtitles to convert
[download] Destination: Arabic Language：  My home away from home ｜ Dr. Hanada Ta
ha Thomure ｜ TEDxZayedUniversity.webm
[download]   0.0% of    8.08MiB at  153.66KiB/s ETA 00:53
[download]   0.1% of    8.08MiB at  348.75KiB/s ETA 00:23
[download]   0.2% of    8.08MiB at  728.06KiB/s ETA 00:11
[download]   0.4% of    8.08MiB at    1.43MiB/s ETA 00:05
[download]   0.8% of    8.08MiB at    1.37MiB/s ETA 00:05
[download]   1.5% of    8.08MiB at    1.26MiB/s ETA 00:06
[download]   3.1% of    8.08MiB at    1.17MiB/s ETA 00:06
[download]   6.2% of    8.08MiB at    1.84MiB/s ETA 00:04
[download]  12.4% of    8.08MiB at    2.05MiB/s ETA 00:03
[download]  24.8% of    8.08MiB at    1.46MiB/s ETA 00:04
[download]  38.8% of    8.08MiB at  987.13KiB/s ETA 00:05
[download]  46.3% of    8.08MiB at    1.04MiB/s ETA 00:04
[download]  61.2% of    8.08MiB at    1.12MiB/s ETA 00:02
[download]  79.5% of    8.08MiB at    1.18MiB/s ETA 00:01
[download]  97.6% of    8.08MiB at    1.37MiB/s ETA 00:00
[download] 100.0% of    8.08MiB at    1.38MiB/s ETA 00:00
[download] 100% of    8.08MiB in 00:00:06 at 1.26MiB/s
[ExtractAudio] Destination: Arabic Language：  My home away from home ｜ Dr. Hanad
a Taha Thomure ｜ TEDxZayedUniversity.wav
Deleting original file Arabic Language：  My home away from home ｜ Dr. Hanada Tah
a Thomure ｜ TEDxZayedUniversity.webm (pass -k to keep)
[download] Downloading item 2 of 10
[youtube] Extracting URL: https://www.youtube.com/watch?v=YX_OxBfsvbk
[youtube] YX_OxBfsvbk: Downloading webpage
WARNING: [youtube] No supported JavaScript runtime could be found. Only deno is
enabled by default; to use another runtime add  --js-runtimes RUNTIME[:PATH]  to
 your command/config. YouTube extraction without a JS runtime has been deprecate
d, and some formats may be missing. See  https://github.com/yt-dlp/yt-dlp/wiki/E
JS  for details on installing one
[youtube] YX_OxBfsvbk: Downloading android vr player API JSON
[info] YX_OxBfsvbk: Downloading subtitles: en, ar
[info] YX_OxBfsvbk: Downloading 1 format(s): 251
[info] Writing video subtitles to: Why is 'x' the unknown？ ｜ Terry Moore.en.vtt
WARNING: The extractor specified to use impersonation for this download, but no
impersonate target is available. If you encounter errors, then see  https://gith
ub.com/yt-dlp/yt-dlp#impersonation  for information on installing the required d
ependencies
[download] Destination: Why is 'x' the unknown？ ｜ Terry Moore.en.vtt
[download]    1.00KiB at  953.47KiB/s (00:00:00)
[download]    3.00KiB at    1.93MiB/s (00:00:00)
[download]    5.52KiB at    1.67MiB/s (00:00:00)
[download] 100% of    5.52KiB in 00:00:00 at 14.46KiB/s
[info] Writing video subtitles to: Why is 'x' the unknown？ ｜ Terry Moore.ar.vtt
WARNING: The extractor specified to use impersonation for this download, but no
impersonate target is available. If you encounter errors, then see  https://gith
ub.com/yt-dlp/yt-dlp#impersonation  for information on installing the required d
ependencies
[download] Destination: Why is 'x' the unknown？ ｜ Terry Moore.ar.vtt
[download]    1.00KiB at  857.56KiB/s (00:00:00)
[download]    3.00KiB at    1.66MiB/s (00:00:00)
[download]    7.00KiB at    2.45MiB/s (00:00:00)
[download]    7.01KiB at    2.00MiB/s (00:00:00)
[download] 100% of    7.01KiB in 00:00:00 at 14.72KiB/s
[SubtitlesConvertor] Converting subtitles
Deleting original file Why is 'x' the unknown？ ｜ Terry Moore.ar.vtt (pass -k to
keep)
Deleting original file Why is 'x' the unknown？ ｜ Terry Moore.en.vtt (pass -k to
keep)
[download] Destination: Why is 'x' the unknown？ ｜ Terry Moore.webm
[download]   0.1% of    3.12MiB at    2.72MiB/s ETA 00:01
[download]   0.2% of    3.12MiB at    5.01MiB/s ETA 00:00
[download]   0.5% of    3.12MiB at    8.47MiB/s ETA 00:00
[download]   1.0% of    3.12MiB at    3.17MiB/s ETA 00:00
[download]   2.0% of    3.12MiB at    3.82MiB/s ETA 00:00
[download]   4.0% of    3.12MiB at    5.33MiB/s ETA 00:00
[download]   8.0% of    3.12MiB at    6.32MiB/s ETA 00:00
[download]  16.0% of    3.12MiB at    6.03MiB/s ETA 00:00
[download]  32.0% of    3.12MiB at    5.30MiB/s ETA 00:00
[download]  64.1% of    3.12MiB at    6.04MiB/s ETA 00:00
[download] 100.0% of    3.12MiB at    5.26MiB/s ETA 00:00
[download] 100% of    3.12MiB in 00:00:01 at 2.94MiB/s
[ExtractAudio] Destination: Why is 'x' the unknown？ ｜ Terry Moore.wav
Deleting original file Why is 'x' the unknown？ ｜ Terry Moore.webm (pass -k to ke
ep)
[download] Downloading item 3 of 10
[youtube] Extracting URL: https://www.youtube.com/watch?v=hyf7p9mFjmE
[youtube] hyf7p9mFjmE: Downloading webpage
WARNING: [youtube] No supported JavaScript runtime could be found. Only deno is
enabled by default; to use another runtime add  --js-runtimes RUNTIME[:PATH]  to
 your command/config. YouTube extraction without a JS runtime has been deprecate
d, and some formats may be missing. See  https://github.com/yt-dlp/yt-dlp/wiki/E
JS  for details on installing one
[youtube] hyf7p9mFjmE: Downloading android vr player API JSON
[info] hyf7p9mFjmE: Downloading subtitles: ar
[info] hyf7p9mFjmE: Downloading 1 format(s): 251
[info] Writing video subtitles to: العربية فصحى أم لهجات؟ ｜ Safaa Belhasawi ｜ TE
DxDohaInstitute.ar.vtt
WARNING: The extractor specified to use impersonation for this download, but no
impersonate target is available. If you encounter errors, then see  https://gith
ub.com/yt-dlp/yt-dlp#impersonation  for information on installing the required d
ependencies
[download] Destination: العربية فصحى أم لهجات؟ ｜ Safaa Belhasawi ｜ TEDxDohaInsti
tute.ar.vtt
[download]    1.00KiB at  911.81KiB/s (00:00:00)
[download]    3.00KiB at    1.71MiB/s (00:00:00)
[download]    7.00KiB at    2.35MiB/s (00:00:00)
[download]    8.97KiB at    2.33MiB/s (00:00:00)
[download] 100% of    8.97KiB in 00:00:00 at 17.48KiB/s
[SubtitlesConvertor] Converting subtitles
Deleting original file العربية فصحى أم لهجات؟ ｜ Safaa Belhasawi ｜ TEDxDohaInstit
ute.ar.vtt (pass -k to keep)
[download] Destination: العربية فصحى أم لهجات؟ ｜ Safaa Belhasawi ｜ TEDxDohaInsti
tute.webm
[download]   0.0% of    5.74MiB at   40.18KiB/s ETA 02:26
[download]   0.1% of    5.74MiB at  118.12KiB/s ETA 00:49
[download]   0.1% of    5.74MiB at  271.64KiB/s ETA 00:21
[download]   0.3% of    5.74MiB at  558.39KiB/s ETA 00:10
[download]   0.5% of    5.74MiB at   99.97KiB/s ETA 00:58
[download]   1.1% of    5.74MiB at  111.67KiB/s ETA 00:52
[download]   2.2% of    5.74MiB at  150.30KiB/s ETA 00:38
[download]   4.3% of    5.74MiB at  227.08KiB/s ETA 00:24
[download]   8.7% of    5.74MiB at  361.47KiB/s ETA 00:14
[download]  17.4% of    5.74MiB at  596.08KiB/s ETA 00:08
[download]  34.8% of    5.74MiB at 1010.57KiB/s ETA 00:03
[download]  69.7% of    5.74MiB at    1.70MiB/s ETA 00:01
[download] 100.0% of    5.74MiB at    1.64MiB/s ETA 00:00
[download] 100% of    5.74MiB in 00:00:05 at 1.02MiB/s
[ExtractAudio] Destination: العربية فصحى أم لهجات؟ ｜ Safaa Belhasawi ｜ TEDxDohaI
nstitute.wav
Deleting original file العربية فصحى أم لهجات؟ ｜ Safaa Belhasawi ｜ TEDxDohaInstit
ute.webm (pass -k to keep)
[download] Downloading item 4 of 10
[youtube] Extracting URL: https://www.youtube.com/watch?v=GC2yy_gI6m0
[youtube] GC2yy_gI6m0: Downloading webpage
WARNING: [youtube] No supported JavaScript runtime could be found. Only deno is
enabled by default; to use another runtime add  --js-runtimes RUNTIME[:PATH]  to
 your command/config. YouTube extraction without a JS runtime has been deprecate
d, and some formats may be missing. See  https://github.com/yt-dlp/yt-dlp/wiki/E
JS  for details on installing one
[youtube] GC2yy_gI6m0: Downloading android vr player API JSON
[info] GC2yy_gI6m0: Downloading 1 format(s): 251
[info] There are no subtitles for the requested languages
[SubtitlesConvertor] There aren't any subtitles to convert
[download] Destination: How to Learn Arabic On Your Own.webm
[download]   0.1% of    4.71MiB at  396.92KiB/s ETA 00:12
[download]   0.1% of    4.71MiB at  888.68KiB/s ETA 00:05
[download]   0.3% of    4.71MiB at    1.74MiB/s ETA 00:02
[download]   0.6% of    4.71MiB at    1.14MiB/s ETA 00:04
[download]   1.3% of    4.71MiB at    1.68MiB/s ETA 00:02
[download]   2.6% of    4.71MiB at    2.51MiB/s ETA 00:01
[download]   5.3% of    4.71MiB at    2.49MiB/s ETA 00:01
[download]  10.6% of    4.71MiB at    3.25MiB/s ETA 00:01
[download]  21.2% of    4.71MiB at    3.74MiB/s ETA 00:00
[download]  42.4% of    4.71MiB at    4.51MiB/s ETA 00:00
[download]  84.9% of    4.71MiB at    4.71MiB/s ETA 00:00
[download] 100.0% of    4.71MiB at    5.04MiB/s ETA 00:00
[download] 100% of    4.71MiB in 00:00:01 at 2.88MiB/s
[ExtractAudio] Destination: How to Learn Arabic On Your Own.wav
Deleting original file How to Learn Arabic On Your Own.webm (pass -k to keep)
[download] Downloading item 5 of 10
[youtube] Extracting URL: https://www.youtube.com/watch?v=o75ZGYUUW_Q
[youtube] o75ZGYUUW_Q: Downloading webpage
WARNING: [youtube] No supported JavaScript runtime could be found. Only deno is
enabled by default; to use another runtime add  --js-runtimes RUNTIME[:PATH]  to
 your command/config. YouTube extraction without a JS runtime has been deprecate
d, and some formats may be missing. See  https://github.com/yt-dlp/yt-dlp/wiki/E
JS  for details on installing one
[youtube] o75ZGYUUW_Q: Downloading android vr player API JSON
[info] o75ZGYUUW_Q: Downloading subtitles: en, ar
[info] o75ZGYUUW_Q: Downloading 1 format(s): 251
[info] Writing video subtitles to: صوتك مصدر قوتك ｜ Lubaba Yousef ｜ TEDxQatarUni
versity.en.vtt
WARNING: The extractor specified to use impersonation for this download, but no
impersonate target is available. If you encounter errors, then see  https://gith
ub.com/yt-dlp/yt-dlp#impersonation  for information on installing the required d
ependencies
[download] Destination: صوتك مصدر قوتك ｜ Lubaba Yousef ｜ TEDxQatarUniversity.en.
vtt
[download]    1.00KiB at  Unknown B/s (00:00:00)
[download]    3.00KiB at    1.02MiB/s (00:00:00)
[download]    7.00KiB at    1.90MiB/s (00:00:00)
[download]   14.69KiB at    1.10MiB/s (00:00:00)
[download] 100% of   14.69KiB in 00:00:00 at 28.94KiB/s
[info] Writing video subtitles to: صوتك مصدر قوتك ｜ Lubaba Yousef ｜ TEDxQatarUni
versity.ar.vtt
WARNING: The extractor specified to use impersonation for this download, but no
impersonate target is available. If you encounter errors, then see  https://gith
ub.com/yt-dlp/yt-dlp#impersonation  for information on installing the required d
ependencies
[download] Destination: صوتك مصدر قوتك ｜ Lubaba Yousef ｜ TEDxQatarUniversity.ar.
vtt
[download]    3.00KiB at    2.08MiB/s (00:00:00)
[download] 100% of   15.94KiB in 00:00:00 at 40.38KiB/s
[SubtitlesConvertor] Converting subtitles
Deleting original file صوتك مصدر قوتك ｜ Lubaba Yousef ｜ TEDxQatarUniversity.ar.v
tt (pass -k to keep)
Deleting original file صوتك مصدر قوتك ｜ Lubaba Yousef ｜ TEDxQatarUniversity.en.v
tt (pass -k to keep)
[download] Destination: صوتك مصدر قوتك ｜ Lubaba Yousef ｜ TEDxQatarUniversity.web
m
[download]   0.0% of   12.87MiB at   31.59KiB/s ETA 06:57
[download]   0.0% of   12.87MiB at   93.26KiB/s ETA 02:21
[download]   0.1% of   12.87MiB at  213.72KiB/s ETA 01:01
[download]   0.1% of   12.87MiB at  447.63KiB/s ETA 00:29
[download]   0.2% of   12.87MiB at   98.44KiB/s ETA 02:13
[download]   0.5% of   12.87MiB at  113.93KiB/s ETA 01:55
[download]   1.0% of   12.87MiB at  149.52KiB/s ETA 01:27
[download]   1.9% of   12.87MiB at  220.38KiB/s ETA 00:58
[download]   3.9% of   12.87MiB at  346.36KiB/s ETA 00:36
[download]   7.8% of   12.87MiB at  570.29KiB/s ETA 00:21
[download]  15.5% of   12.87MiB at  938.14KiB/s ETA 00:11
[download]  31.1% of   12.87MiB at    1.61MiB/s ETA 00:05
[download]  62.1% of   12.87MiB at  435.57KiB/s ETA 00:11
[download]  74.0% of   12.87MiB at  507.75KiB/s ETA 00:06
[download]  74.0% of   12.87MiB at   32.49KiB/s ETA 01:45
[download]  74.0% of   12.87MiB at   96.23KiB/s ETA 00:35
[download]  74.1% of   12.87MiB at  218.79KiB/s ETA 00:15
[download]  74.1% of   12.87MiB at  453.89KiB/s ETA 00:07
[download]  74.2% of   12.87MiB at   92.37KiB/s ETA 00:36
[download]  74.5% of   12.87MiB at   99.46KiB/s ETA 00:33
[download]  75.0% of   12.87MiB at  142.72KiB/s ETA 00:23
[download]  75.9% of   12.87MiB at  213.97KiB/s ETA 00:14
[download]  77.9% of   12.87MiB at  334.42KiB/s ETA 00:08
[download]  81.8% of   12.87MiB at  552.74KiB/s ETA 00:04
[download]  89.5% of   12.87MiB at  945.87KiB/s ETA 00:01
[download] 100.0% of   12.87MiB at    1.39MiB/s ETA 00:00
[download] 100% of   12.87MiB in 00:00:24 at 532.01KiB/s
[ExtractAudio] Destination: صوتك مصدر قوتك ｜ Lubaba Yousef ｜ TEDxQatarUniversity
.wav
Deleting original file صوتك مصدر قوتك ｜ Lubaba Yousef ｜ TEDxQatarUniversity.webm
 (pass -k to keep)
[download] Downloading item 6 of 10
[youtube] Extracting URL: https://www.youtube.com/watch?v=cZe3zcNoIKk
[youtube] cZe3zcNoIKk: Downloading webpage
WARNING: [youtube] No supported JavaScript runtime could be found. Only deno is
enabled by default; to use another runtime add  --js-runtimes RUNTIME[:PATH]  to
 your command/config. YouTube extraction without a JS runtime has been deprecate
d, and some formats may be missing. See  https://github.com/yt-dlp/yt-dlp/wiki/E
JS  for details on installing one
[youtube] cZe3zcNoIKk: Downloading android vr player API JSON
[info] cZe3zcNoIKk: Downloading subtitles: en, ar
[info] cZe3zcNoIKk: Downloading 1 format(s): 251
[info] Writing video subtitles to: How I'm using LEGO to teach Arabic ｜ Ghada Wa
li.en.vtt
WARNING: The extractor specified to use impersonation for this download, but no
impersonate target is available. If you encounter errors, then see  https://gith
ub.com/yt-dlp/yt-dlp#impersonation  for information on installing the required d
ependencies
[download] Destination: How I'm using LEGO to teach Arabic ｜ Ghada Wali.en.vtt
[download]    3.00KiB at    2.06MiB/s (00:00:00)
[download]    7.00KiB at    3.23MiB/s (00:00:00)
[download]   10.92KiB at    1.66MiB/s (00:00:00)
[download] 100% of   10.92KiB in 00:00:00 at 23.28KiB/s
[info] Writing video subtitles to: How I'm using LEGO to teach Arabic ｜ Ghada Wa
li.ar.vtt
WARNING: The extractor specified to use impersonation for this download, but no
impersonate target is available. If you encounter errors, then see  https://gith
ub.com/yt-dlp/yt-dlp#impersonation  for information on installing the required d
ependencies
[download] Destination: How I'm using LEGO to teach Arabic ｜ Ghada Wali.ar.vtt
[download]    1.00KiB at  950.87KiB/s (00:00:00)
[download]    3.00KiB at    1.01MiB/s (00:00:00)
[download]    7.00KiB at    1.80MiB/s (00:00:00)
[download]   14.03KiB at    2.90MiB/s (00:00:00)
[download] 100% of   14.03KiB in 00:00:00 at 25.89KiB/s
[SubtitlesConvertor] Converting subtitles
Deleting original file How I'm using LEGO to teach Arabic ｜ Ghada Wali.en.vtt (p
ass -k to keep)
Deleting original file How I'm using LEGO to teach Arabic ｜ Ghada Wali.ar.vtt (p
ass -k to keep)
[download] Destination: How I'm using LEGO to teach Arabic ｜ Ghada Wali.webm
[download]   0.0% of    6.47MiB at  585.09KiB/s ETA 00:11
[download]   0.1% of    6.47MiB at    1.22MiB/s ETA 00:05
[download]   0.2% of    6.47MiB at    2.39MiB/s ETA 00:02
[download]   0.5% of    6.47MiB at    3.18MiB/s ETA 00:02
[download]   1.0% of    6.47MiB at    3.75MiB/s ETA 00:01
[download]   1.9% of    6.47MiB at    1.94MiB/s ETA 00:03
[download]   3.8% of    6.47MiB at    1.66MiB/s ETA 00:03
[download]   7.7% of    6.47MiB at    1.94MiB/s ETA 00:03
[download]  15.4% of    6.47MiB at    2.94MiB/s ETA 00:01
[download]  30.9% of    6.47MiB at    4.25MiB/s ETA 00:01
[download]  61.8% of    6.47MiB at    5.34MiB/s ETA 00:00
[download] 100.0% of    6.47MiB at    3.56MiB/s ETA 00:00
[download] 100% of    6.47MiB in 00:00:02 at 2.55MiB/s
[ExtractAudio] Destination: How I'm using LEGO to teach Arabic ｜ Ghada Wali.wav
Deleting original file How I'm using LEGO to teach Arabic ｜ Ghada Wali.webm (pas
s -k to keep)
[download] Downloading item 7 of 10
[youtube] Extracting URL: https://www.youtube.com/watch?v=XqkH6M2BPLE
[youtube] XqkH6M2BPLE: Downloading webpage
WARNING: [youtube] No supported JavaScript runtime could be found. Only deno is
enabled by default; to use another runtime add  --js-runtimes RUNTIME[:PATH]  to
 your command/config. YouTube extraction without a JS runtime has been deprecate
d, and some formats may be missing. See  https://github.com/yt-dlp/yt-dlp/wiki/E
JS  for details on installing one
[youtube] XqkH6M2BPLE: Downloading android vr player API JSON
[info] XqkH6M2BPLE: Downloading 1 format(s): 251
[info] There are no subtitles for the requested languages
[SubtitlesConvertor] There aren't any subtitles to convert
[download] Destination: AI, and the future of the Arabic Language ｜ Mohammad AlS
harekh ｜ TEDxAlShuwaikh.webm
[download]   0.0% of   11.87MiB at  586.83KiB/s ETA 00:20
[download]   0.1% of   11.87MiB at    1.20MiB/s ETA 00:09
[download]   0.1% of   11.87MiB at    2.26MiB/s ETA 00:05
[download]   0.3% of   11.87MiB at  857.78KiB/s ETA 00:14
[download]   0.5% of   11.87MiB at    1.33MiB/s ETA 00:08
[download]   1.0% of   11.87MiB at    2.20MiB/s ETA 00:05
[download]   2.1% of   11.87MiB at    3.44MiB/s ETA 00:03
[download]   4.2% of   11.87MiB at    3.43MiB/s ETA 00:03
[download]   8.4% of   11.87MiB at    3.78MiB/s ETA 00:02
[download]  16.8% of   11.87MiB at    3.71MiB/s ETA 00:02
[download]  33.7% of   11.87MiB at    4.38MiB/s ETA 00:01
[download]  67.4% of   11.87MiB at    4.61MiB/s ETA 00:00
[download]  81.3% of   11.87MiB at    4.38MiB/s ETA 00:00
[download]  81.4% of   11.87MiB at  316.26KiB/s ETA 00:07
[download]  81.4% of   11.87MiB at  844.43KiB/s ETA 00:02
[download]  81.4% of   11.87MiB at    1.59MiB/s ETA 00:01
[download]  81.5% of   11.87MiB at    2.79MiB/s ETA 00:00
[download]  81.6% of   11.87MiB at  707.92KiB/s ETA 00:03
[download]  81.9% of   11.87MiB at    1.16MiB/s ETA 00:01
[download]  82.4% of   11.87MiB at    2.07MiB/s ETA 00:01
[download]  83.4% of   11.87MiB at    3.26MiB/s ETA 00:00
[download]  85.6% of   11.87MiB at  737.95KiB/s ETA 00:02
[download]  89.0% of   11.87MiB at    1.15MiB/s ETA 00:01
[download]  95.8% of   11.87MiB at    1.83MiB/s ETA 00:00
[download] 100.0% of   11.87MiB at    1.96MiB/s ETA 00:00
[download] 100% of   11.87MiB in 00:00:03 at 3.04MiB/s
[ExtractAudio] Destination: AI, and the future of the Arabic Language ｜ Mohammad
 AlSharekh ｜ TEDxAlShuwaikh.wav
Deleting original file AI, and the future of the Arabic Language ｜ Mohammad AlSh
arekh ｜ TEDxAlShuwaikh.webm (pass -k to keep)
[download] Downloading item 8 of 10
[youtube] Extracting URL: https://www.youtube.com/watch?v=014E9s3P8iY
[youtube] 014E9s3P8iY: Downloading webpage
WARNING: [youtube] No supported JavaScript runtime could be found. Only deno is
enabled by default; to use another runtime add  --js-runtimes RUNTIME[:PATH]  to
 your command/config. YouTube extraction without a JS runtime has been deprecate
d, and some formats may be missing. See  https://github.com/yt-dlp/yt-dlp/wiki/E
JS  for details on installing one
[youtube] 014E9s3P8iY: Downloading android vr player API JSON
[info] 014E9s3P8iY: Downloading 1 format(s): 251
[info] There are no subtitles for the requested languages
[SubtitlesConvertor] There aren't any subtitles to convert
[download] Destination: TEDinArabic： Preserving the Arabic language.webm
[download]   0.1% of    2.29MiB at  125.45KiB/s ETA 00:18
[download]   0.3% of    2.29MiB at  286.26KiB/s ETA 00:08
[download]   0.6% of    2.29MiB at  593.72KiB/s ETA 00:03
[download]   1.3% of    2.29MiB at  211.29KiB/s ETA 00:10
[download]   2.7% of    2.29MiB at  242.72KiB/s ETA 00:09
[download]   5.4% of    2.29MiB at  333.01KiB/s ETA 00:06
[download]  10.9% of    2.29MiB at  414.12KiB/s ETA 00:05
[download]  21.7% of    2.29MiB at  651.52KiB/s ETA 00:02
[download]  43.5% of    2.29MiB at 1021.54KiB/s ETA 00:01
[download]  87.1% of    2.29MiB at    1.64MiB/s ETA 00:00
[download] 100.0% of    2.29MiB at    1.63MiB/s ETA 00:00
[download] 100% of    2.29MiB in 00:00:02 at 806.16KiB/s
[ExtractAudio] Destination: TEDinArabic： Preserving the Arabic language.wav
Deleting original file TEDinArabic： Preserving the Arabic language.webm (pass -k
 to keep)
[download] Downloading item 9 of 10
[youtube] Extracting URL: https://www.youtube.com/watch?v=fB2BIV6iOEA
[youtube] fB2BIV6iOEA: Downloading webpage
WARNING: [youtube] No supported JavaScript runtime could be found. Only deno is
enabled by default; to use another runtime add  --js-runtimes RUNTIME[:PATH]  to
 your command/config. YouTube extraction without a JS runtime has been deprecate
d, and some formats may be missing. See  https://github.com/yt-dlp/yt-dlp/wiki/E
JS  for details on installing one
[youtube] fB2BIV6iOEA: Downloading android vr player API JSON
[info] fB2BIV6iOEA: Downloading subtitles: en, ar
[info] fB2BIV6iOEA: Downloading 1 format(s): 251
[info] Writing video subtitles to: لماذا يجب أن نصنع محتوى علمي باللغة العربية؟
｜ Iman Al-Naim ｜ TEDxDohaInstitute.en.vtt
WARNING: The extractor specified to use impersonation for this download, but no
impersonate target is available. If you encounter errors, then see  https://gith
ub.com/yt-dlp/yt-dlp#impersonation  for information on installing the required d
ependencies
[download] Destination: لماذا يجب أن نصنع محتوى علمي باللغة العربية؟ ｜ Iman Al-N
aim ｜ TEDxDohaInstitute.en.vtt
[download]    1.00KiB at  797.55KiB/s (00:00:00)
[download]    3.00KiB at    1.27MiB/s (00:00:00)
[download]    7.00KiB at    2.24MiB/s (00:00:00)
[download]   13.04KiB at    3.08MiB/s (00:00:00)
[download] 100% of   13.04KiB in 00:00:00 at 32.52KiB/s
[info] Writing video subtitles to: لماذا يجب أن نصنع محتوى علمي باللغة العربية؟
｜ Iman Al-Naim ｜ TEDxDohaInstitute.ar.vtt
WARNING: The extractor specified to use impersonation for this download, but no
impersonate target is available. If you encounter errors, then see  https://gith
ub.com/yt-dlp/yt-dlp#impersonation  for information on installing the required d
ependencies
[download] Destination: لماذا يجب أن نصنع محتوى علمي باللغة العربية؟ ｜ Iman Al-N
aim ｜ TEDxDohaInstitute.ar.vtt
[download]    1.00KiB at  Unknown B/s (00:00:00)
[download]    3.00KiB at    1.81MiB/s (00:00:00)
[download]    7.00KiB at    3.00MiB/s (00:00:00)
[download]   15.00KiB at    1.44MiB/s (00:00:00)
[download]   16.37KiB at    1.25MiB/s (00:00:00)
[download] 100% of   16.37KiB in 00:00:00 at 39.34KiB/s
[SubtitlesConvertor] Converting subtitles
Deleting original file لماذا يجب أن نصنع محتوى علمي باللغة العربية؟ ｜ Iman Al-Na
im ｜ TEDxDohaInstitute.ar.vtt (pass -k to keep)
Deleting original file لماذا يجب أن نصنع محتوى علمي باللغة العربية؟ ｜ Iman Al-Na
im ｜ TEDxDohaInstitute.en.vtt (pass -k to keep)
[download] Destination: لماذا يجب أن نصنع محتوى علمي باللغة العربية؟ ｜ Iman Al-N
aim ｜ TEDxDohaInstitute.webm
[download]   0.0% of    8.44MiB at  115.59KiB/s ETA 01:14
[download]   0.1% of    8.44MiB at  264.06KiB/s ETA 00:32
[download]   0.2% of    8.44MiB at  527.55KiB/s ETA 00:16
[download]   0.4% of    8.44MiB at  207.40KiB/s ETA 00:41
[download]   0.7% of    8.44MiB at  230.95KiB/s ETA 00:37
[download]   1.5% of    8.44MiB at  297.73KiB/s ETA 00:28
[download]   3.0% of    8.44MiB at  447.21KiB/s ETA 00:18
[download]   5.9% of    8.44MiB at  691.85KiB/s ETA 00:11
[download]  11.8% of    8.44MiB at    1.13MiB/s ETA 00:06
[download]  23.7% of    8.44MiB at    1.89MiB/s ETA 00:03
[download]  47.4% of    8.44MiB at    2.39MiB/s ETA 00:01
[download]  86.2% of    8.44MiB at    4.03MiB/s ETA 00:00
[download] 100.0% of    8.44MiB at    4.30MiB/s ETA 00:00
[download] 100% of    8.44MiB in 00:00:02 at 3.02MiB/s
[ExtractAudio] Destination: لماذا يجب أن نصنع محتوى علمي باللغة العربية؟ ｜ Iman
Al-Naim ｜ TEDxDohaInstitute.wav
Deleting original file لماذا يجب أن نصنع محتوى علمي باللغة العربية؟ ｜ Iman Al-Na
im ｜ TEDxDohaInstitute.webm (pass -k to keep)
[download] Downloading item 10 of 10
[youtube] Extracting URL: https://www.youtube.com/watch?v=jofBRAHG_0M
[youtube] jofBRAHG_0M: Downloading webpage
WARNING: [youtube] No supported JavaScript runtime could be found. Only deno is
enabled by default; to use another runtime add  --js-runtimes RUNTIME[:PATH]  to
 your command/config. YouTube extraction without a JS runtime has been deprecate
d, and some formats may be missing. See  https://github.com/yt-dlp/yt-dlp/wiki/E
JS  for details on installing one
[youtube] jofBRAHG_0M: Downloading android vr player API JSON
[info] jofBRAHG_0M: Downloading subtitles: en, ar
[info] jofBRAHG_0M: Downloading 1 format(s): 251
[info] Writing video subtitles to: Introducing TEDinArabic.en.vtt
WARNING: The extractor specified to use impersonation for this download, but no
impersonate target is available. If you encounter errors, then see  https://gith
ub.com/yt-dlp/yt-dlp#impersonation  for information on installing the required d
ependencies
[download] Destination: Introducing TEDinArabic.en.vtt
[download]    976.00B at  Unknown B/s (00:00:00)
[download] 100% of    976.00B in 00:00:00 at 2.29KiB/s
[info] Writing video subtitles to: Introducing TEDinArabic.ar.vtt
WARNING: The extractor specified to use impersonation for this download, but no
impersonate target is available. If you encounter errors, then see  https://gith
ub.com/yt-dlp/yt-dlp#impersonation  for information on installing the required d
ependencies
[download] Destination: Introducing TEDinArabic.ar.vtt
[download]    1.00KiB at  Unknown B/s (00:00:00)
[download]    1.26KiB at 1013.98KiB/s (00:00:00)
[download] 100% of    1.26KiB in 00:00:00 at 3.38KiB/s
[SubtitlesConvertor] Converting subtitles
Deleting original file Introducing TEDinArabic.en.vtt (pass -k to keep)
Deleting original file Introducing TEDinArabic.ar.vtt (pass -k to keep)
[download] Destination: Introducing TEDinArabic.webm
[download]   0.4% of  854.77KiB at    1.51MiB/s ETA 00:00
[download]   0.8% of  854.77KiB at    2.94MiB/s ETA 00:00
[download]   1.8% of  854.77KiB at    4.82MiB/s ETA 00:00
[download]   3.6% of  854.77KiB at    1.56MiB/s ETA 00:00
[download]   7.4% of  854.77KiB at    2.40MiB/s ETA 00:00
[download]  14.9% of  854.77KiB at    2.90MiB/s ETA 00:00
[download]  29.8% of  854.77KiB at    3.44MiB/s ETA 00:00
[download]  59.8% of  854.77KiB at    4.84MiB/s ETA 00:00
[download] 100.0% of  854.77KiB at    5.27MiB/s ETA 00:00
[download] 100% of  854.77KiB in 00:00:00 at 904.36KiB/s
[ExtractAudio] Destination: Introducing TEDinArabic.wav
Deleting original file Introducing TEDinArabic.webm (pass -k to keep)
[download] Finished downloading playlist: TED talk in Standard Arabic
----------------------------------------
Starting batch for: Russian
Folder: Russian Talks
Subtitles: en.*, ru.*
[youtube:search] Extracting URL: ytsearch10:TED talk in Russian
[download] Downloading playlist: TED talk in Russian
[youtube:search] query "TED talk in Russian": Downloading web client config
[youtube:search] query "TED talk in Russian" page 1: Downloading API JSON
[youtube:search] Playlist TED talk in Russian: Downloading 10 items of 10
[download] Downloading item 1 of 10
[youtube] Extracting URL: https://www.youtube.com/watch?v=Ajb9D1MQqWk
[youtube] Ajb9D1MQqWk: Downloading webpage
WARNING: [youtube] No supported JavaScript runtime could be found. Only deno is
enabled by default; to use another runtime add  --js-runtimes RUNTIME[:PATH]  to
 your command/config. YouTube extraction without a JS runtime has been deprecate
d, and some formats may be missing. See  https://github.com/yt-dlp/yt-dlp/wiki/E
JS  for details on installing one
[youtube] Ajb9D1MQqWk: Downloading android vr player API JSON
[info] Ajb9D1MQqWk: Downloading 1 format(s): 251
[info] There are no subtitles for the requested languages
[SubtitlesConvertor] There aren't any subtitles to convert
[download] Destination: «Как научиться говорить «Я», чтобы получать от жизни сво
ё» ｜ Seda Kasparova ｜ TEDxSPbPU.webm
[download]   0.0% of   16.27MiB at    2.69MiB/s ETA 00:06
[download]   0.0% of   16.27MiB at    4.61MiB/s ETA 00:03
[download]   0.1% of   16.27MiB at    6.37MiB/s ETA 00:02
[download]   0.2% of   16.27MiB at    2.89MiB/s ETA 00:05
[download]   0.4% of   16.27MiB at    3.72MiB/s ETA 00:04
[download]   0.8% of   16.27MiB at    5.39MiB/s ETA 00:02
[download]   1.5% of   16.27MiB at    6.26MiB/s ETA 00:02
[download]   3.1% of   16.27MiB at    7.37MiB/s ETA 00:02
[download]   6.1% of   16.27MiB at    6.72MiB/s ETA 00:02
[download]  12.3% of   16.27MiB at    6.30MiB/s ETA 00:02
[download]  24.6% of   16.27MiB at    6.87MiB/s ETA 00:01
[download]  49.2% of   16.27MiB at    5.70MiB/s ETA 00:01
[download]  61.3% of   16.27MiB at    5.90MiB/s ETA 00:01
[download]  61.3% of   16.27MiB at   44.60KiB/s ETA 02:24
[download]  61.3% of   16.27MiB at  129.98KiB/s ETA 00:49
[download]  61.3% of   16.27MiB at  295.27KiB/s ETA 00:21
[download]  61.4% of   16.27MiB at  593.42KiB/s ETA 00:10
[download]  61.5% of   16.27MiB at  194.91KiB/s ETA 00:32
[download]  61.6% of   16.27MiB at  230.83KiB/s ETA 00:27
[download]  62.0% of   16.27MiB at  309.71KiB/s ETA 00:20
[download]  62.8% of   16.27MiB at  463.91KiB/s ETA 00:13
[download]  64.3% of   16.27MiB at  725.34KiB/s ETA 00:08
[download]  67.4% of   16.27MiB at    1.15MiB/s ETA 00:04
[download]  73.6% of   16.27MiB at    1.94MiB/s ETA 00:02
[download]  85.8% of   16.27MiB at    2.56MiB/s ETA 00:00
[download] 100.0% of   16.27MiB at    3.67MiB/s ETA 00:00
[download] 100% of   16.27MiB in 00:00:04 at 3.37MiB/s
[ExtractAudio] Destination: «Как научиться говорить «Я», чтобы получать от жизни
 своё» ｜ Seda Kasparova ｜ TEDxSPbPU.wav
Deleting original file «Как научиться говорить «Я», чтобы получать от жизни своё
» ｜ Seda Kasparova ｜ TEDxSPbPU.webm (pass -k to keep)
[download] Downloading item 2 of 10
[youtube] Extracting URL: https://www.youtube.com/watch?v=e1bOA8wkDjw
[youtube] e1bOA8wkDjw: Downloading webpage
WARNING: [youtube] No supported JavaScript runtime could be found. Only deno is
enabled by default; to use another runtime add  --js-runtimes RUNTIME[:PATH]  to
 your command/config. YouTube extraction without a JS runtime has been deprecate
d, and some formats may be missing. See  https://github.com/yt-dlp/yt-dlp/wiki/E
JS  for details on installing one
[youtube] e1bOA8wkDjw: Downloading android vr player API JSON
[info] e1bOA8wkDjw: Downloading 1 format(s): 251
[info] There are no subtitles for the requested languages
[SubtitlesConvertor] There aren't any subtitles to convert
[download] Destination: Разреши Вселенной сделать тебе хорошо ｜ Татьяна Мужицкая
 ｜ TEDxBolshayaSadovayaStreet.webm
[download]   0.0% of   17.10MiB at    2.17MiB/s ETA 00:07
[download]   0.1% of   17.10MiB at    6.64MiB/s ETA 00:02
[download]   0.2% of   17.10MiB at    1.61MiB/s ETA 00:10
[download]   0.4% of   17.10MiB at    2.70MiB/s ETA 00:06
[download]   0.7% of   17.10MiB at    3.49MiB/s ETA 00:04
[download]   1.5% of   17.10MiB at    5.10MiB/s ETA 00:03
[download]   2.9% of   17.10MiB at    3.76MiB/s ETA 00:04
[download]   5.8% of   17.10MiB at    4.91MiB/s ETA 00:03
[download]  11.7% of   17.10MiB at    5.93MiB/s ETA 00:02
[download]  23.4% of   17.10MiB at    5.75MiB/s ETA 00:02
[download]  46.8% of   17.10MiB at    6.29MiB/s ETA 00:01
[download]  57.5% of   17.10MiB at    6.56MiB/s ETA 00:01
[download]  57.5% of   17.10MiB at  Unknown B/s ETA Unknown
[download]  57.6% of   17.10MiB at   10.14MiB/s ETA 00:00
[download]  57.7% of   17.10MiB at    2.34MiB/s ETA 00:03
[download]  57.9% of   17.10MiB at    1.84MiB/s ETA 00:03
[download]  58.2% of   17.10MiB at    2.21MiB/s ETA 00:03
[download]  59.0% of   17.10MiB at    3.27MiB/s ETA 00:02
[download]  60.4% of   17.10MiB at    2.97MiB/s ETA 00:02
[download]  63.3% of   17.10MiB at    3.98MiB/s ETA 00:01
[download]  69.2% of   17.10MiB at    5.16MiB/s ETA 00:01
[download]  80.9% of   17.10MiB at    5.89MiB/s ETA 00:00
[download] 100.0% of   17.10MiB at    6.64MiB/s ETA 00:00
[download] 100% of   17.10MiB in 00:00:03 at 5.12MiB/s
[ExtractAudio] Destination: Разреши Вселенной сделать тебе хорошо ｜ Татьяна Мужи
цкая ｜ TEDxBolshayaSadovayaStreet.wav
Deleting original file Разреши Вселенной сделать тебе хорошо ｜ Татьяна Мужицкая
｜ TEDxBolshayaSadovayaStreet.webm (pass -k to keep)
[download] Downloading item 3 of 10
[youtube] Extracting URL: https://www.youtube.com/watch?v=lfe1wEQzSzM
[youtube] lfe1wEQzSzM: Downloading webpage
WARNING: [youtube] No supported JavaScript runtime could be found. Only deno is
enabled by default; to use another runtime add  --js-runtimes RUNTIME[:PATH]  to
 your command/config. YouTube extraction without a JS runtime has been deprecate
d, and some formats may be missing. See  https://github.com/yt-dlp/yt-dlp/wiki/E
JS  for details on installing one
[youtube] lfe1wEQzSzM: Downloading android vr player API JSON
[info] lfe1wEQzSzM: Downloading subtitles: en, ru
[info] lfe1wEQzSzM: Downloading 1 format(s): 251
[info] Writing video subtitles to: Where did Russia come from？ - Alex Gendler.en
.vtt
WARNING: The extractor specified to use impersonation for this download, but no
impersonate target is available. If you encounter errors, then see  https://gith
ub.com/yt-dlp/yt-dlp#impersonation  for information on installing the required d
ependencies
[download] Destination: Where did Russia come from？ - Alex Gendler.en.vtt
[download] 100% of    6.77KiB in 00:00:00 at 18.03KiB/s
[info] Writing video subtitles to: Where did Russia come from？ - Alex Gendler.ru
.vtt
WARNING: The extractor specified to use impersonation for this download, but no
impersonate target is available. If you encounter errors, then see  https://gith
ub.com/yt-dlp/yt-dlp#impersonation  for information on installing the required d
ependencies
[download] Destination: Where did Russia come from？ - Alex Gendler.ru.vtt
[download]    7.00KiB at    5.65MiB/s (00:00:00)
[download]   10.99KiB at  467.30KiB/s (00:00:00)
[download] 100% of   10.99KiB in 00:00:00 at 23.96KiB/s
[SubtitlesConvertor] Converting subtitles
Deleting original file Where did Russia come from？ - Alex Gendler.ru.vtt (pass -
k to keep)
Deleting original file Where did Russia come from？ - Alex Gendler.en.vtt (pass -
k to keep)
[download] Destination: Where did Russia come from？ - Alex Gendler.webm
[download]   0.3% of    5.10MiB at    2.77MiB/s ETA 00:01
[download]   0.6% of    5.10MiB at    3.16MiB/s ETA 00:01
[download]   1.2% of    5.10MiB at    3.82MiB/s ETA 00:01
[download]   2.4% of    5.10MiB at    5.42MiB/s ETA 00:00
[download]   4.9% of    5.10MiB at    6.05MiB/s ETA 00:00
[download]   9.8% of    5.10MiB at    3.81MiB/s ETA 00:01
[download]  19.6% of    5.10MiB at    4.97MiB/s ETA 00:00
[download]  39.2% of    5.10MiB at    5.67MiB/s ETA 00:00
[download]  78.4% of    5.10MiB at    6.00MiB/s ETA 00:00
[download] 100.0% of    5.10MiB at    6.22MiB/s ETA 00:00
[download] 100% of    5.10MiB in 00:00:01 at 3.78MiB/s
[ExtractAudio] Destination: Where did Russia come from？ - Alex Gendler.wav
Deleting original file Where did Russia come from？ - Alex Gendler.webm (pass -k
to keep)
[download] Downloading item 4 of 10
[youtube] Extracting URL: https://www.youtube.com/watch?v=XYVverzfRQc
[youtube] XYVverzfRQc: Downloading webpage
WARNING: [youtube] No supported JavaScript runtime could be found. Only deno is
enabled by default; to use another runtime add  --js-runtimes RUNTIME[:PATH]  to
 your command/config. YouTube extraction without a JS runtime has been deprecate
d, and some formats may be missing. See  https://github.com/yt-dlp/yt-dlp/wiki/E
JS  for details on installing one
[youtube] XYVverzfRQc: Downloading android vr player API JSON
[info] XYVverzfRQc: Downloading 1 format(s): 251
[info] There are no subtitles for the requested languages
[SubtitlesConvertor] There aren't any subtitles to convert
[download] Destination: Дэн Пинк： Загадки мотивации [Ted на русском].webm
[download]   0.1% of   17.24MiB at    7.30MiB/s ETA 00:02
[download]   0.2% of   17.24MiB at    3.14MiB/s ETA 00:05
[download]   0.4% of   17.24MiB at    1.47MiB/s ETA 00:11
[download]   0.7% of   17.24MiB at    2.02MiB/s ETA 00:08
[download]   1.4% of   17.24MiB at    1.58MiB/s ETA 00:10
[download]   2.9% of   17.24MiB at    2.20MiB/s ETA 00:07
[download]   5.8% of   17.24MiB at    2.24MiB/s ETA 00:07
[download]  11.6% of   17.24MiB at    3.33MiB/s ETA 00:04
[download]  23.2% of   17.24MiB at    4.25MiB/s ETA 00:03
[download]  46.4% of   17.24MiB at    4.01MiB/s ETA 00:02
[download]  56.2% of   17.24MiB at    4.06MiB/s ETA 00:01
[download]  56.2% of   17.24MiB at  316.74KiB/s ETA 00:24
[download]  56.2% of   17.24MiB at    1.54MiB/s ETA 00:04
[download]  56.3% of   17.24MiB at    2.76MiB/s ETA 00:02
[download]  56.4% of   17.24MiB at    3.12MiB/s ETA 00:02
[download]  56.5% of   17.24MiB at    3.77MiB/s ETA 00:01
[download]  56.9% of   17.24MiB at    5.33MiB/s ETA 00:01
[download]  57.6% of   17.24MiB at    4.44MiB/s ETA 00:01
[download]  59.1% of   17.24MiB at    1.41MiB/s ETA 00:05
[download]  62.0% of   17.24MiB at    2.09MiB/s ETA 00:03
[download]  67.8% of   17.24MiB at    3.02MiB/s ETA 00:01
[download]  79.4% of   17.24MiB at    3.67MiB/s ETA 00:00
[download] 100.0% of   17.24MiB at    3.68MiB/s ETA 00:00
[download] 100% of   17.24MiB in 00:00:05 at 3.42MiB/s
[ExtractAudio] Destination: Дэн Пинк： Загадки мотивации [Ted на русском].wav
Deleting original file Дэн Пинк： Загадки мотивации [Ted на русском].webm (pass -
k to keep)
[download] Downloading item 5 of 10
[youtube] Extracting URL: https://www.youtube.com/watch?v=hlNbKyu8N2g
[youtube] hlNbKyu8N2g: Downloading webpage
WARNING: [youtube] No supported JavaScript runtime could be found. Only deno is
enabled by default; to use another runtime add  --js-runtimes RUNTIME[:PATH]  to
 your command/config. YouTube extraction without a JS runtime has been deprecate
d, and some formats may be missing. See  https://github.com/yt-dlp/yt-dlp/wiki/E
JS  for details on installing one
[youtube] hlNbKyu8N2g: Downloading android vr player API JSON
[info] hlNbKyu8N2g: Downloading subtitles: ru
[info] hlNbKyu8N2g: Downloading 1 format(s): 251
[info] Writing video subtitles to: Эмоции： подавлять, управлять или расслабиться
？ ⧸ EMOTIONS ｜ IRINA KHAKAMADA ｜ TEDxRANEPA.ru.vtt
WARNING: The extractor specified to use impersonation for this download, but no
impersonate target is available. If you encounter errors, then see  https://gith
ub.com/yt-dlp/yt-dlp#impersonation  for information on installing the required d
ependencies
[download] Destination: Эмоции： подавлять, управлять или расслабиться？ ⧸ EMOTION
S ｜ IRINA KHAKAMADA ｜ TEDxRANEPA.ru.vtt
[download]    7.00KiB at    3.25MiB/s (00:00:00)
[download]   15.00KiB at    1.51MiB/s (00:00:00)
[download]   31.00KiB at  520.26KiB/s (00:00:00)
[download]   32.86KiB at  526.64KiB/s (00:00:00)
[download] 100% of   32.86KiB in 00:00:00 at 68.05KiB/s
[SubtitlesConvertor] Converting subtitles
Deleting original file Эмоции： подавлять, управлять или расслабиться？ ⧸ EMOTIONS
 ｜ IRINA KHAKAMADA ｜ TEDxRANEPA.ru.vtt (pass -k to keep)
[download] Destination: Эмоции： подавлять, управлять или расслабиться？ ⧸ EMOTION
S ｜ IRINA KHAKAMADA ｜ TEDxRANEPA.webm
[download]   0.1% of   13.93MiB at  848.31KiB/s ETA 00:16
[download]   0.2% of   13.93MiB at    1.05MiB/s ETA 00:13
[download]   0.4% of   13.93MiB at  992.57KiB/s ETA 00:14
[download]   0.9% of   13.93MiB at    1.71MiB/s ETA 00:08
[download]   1.8% of   13.93MiB at  926.39KiB/s ETA 00:15
[download]   3.6% of   13.93MiB at    1.31MiB/s ETA 00:10
[download]   7.2% of   13.93MiB at    1.46MiB/s ETA 00:08
[download]  14.3% of   13.93MiB at    1.32MiB/s ETA 00:09
[download]  23.1% of   13.93MiB at    1.34MiB/s ETA 00:08
[download]  32.8% of   13.93MiB at    1.49MiB/s ETA 00:06
[download]  47.3% of   13.93MiB at    1.70MiB/s ETA 00:04
[download]  65.3% of   13.93MiB at    1.93MiB/s ETA 00:02
[download]  68.4% of   13.93MiB at    1.99MiB/s ETA 00:02
[download]  68.4% of   13.93MiB at  Unknown B/s ETA Unknown
[download]  68.5% of   13.93MiB at    6.99MiB/s ETA 00:00
[download]  68.6% of   13.93MiB at    3.12MiB/s ETA 00:01
[download]  68.8% of   13.93MiB at    4.77MiB/s ETA 00:00
[download]  69.3% of   13.93MiB at    5.28MiB/s ETA 00:00
[download]  70.2% of   13.93MiB at    3.71MiB/s ETA 00:01
[download]  72.0% of   13.93MiB at  744.32KiB/s ETA 00:05
[download]  74.9% of   13.93MiB at  378.19KiB/s ETA 00:09
[download]  76.5% of   13.93MiB at  339.69KiB/s ETA 00:09
[download]  78.2% of   13.93MiB at  363.67KiB/s ETA 00:08
[download]  81.6% of   13.93MiB at  370.85KiB/s ETA 00:07
[download]  84.4% of   13.93MiB at  372.68KiB/s ETA 00:05
[download]  87.0% of   13.93MiB at  398.49KiB/s ETA 00:04
[download]  91.8% of   13.93MiB at  493.26KiB/s ETA 00:02
[download] 100.0% of   13.93MiB at  647.16KiB/s ETA 00:00
[download] 100% of   13.93MiB in 00:00:12 at 1.12MiB/s
[ExtractAudio] Destination: Эмоции： подавлять, управлять или расслабиться？ ⧸ EMO
TIONS ｜ IRINA KHAKAMADA ｜ TEDxRANEPA.wav
Deleting original file Эмоции： подавлять, управлять или расслабиться？ ⧸ EMOTIONS
 ｜ IRINA KHAKAMADA ｜ TEDxRANEPA.webm (pass -k to keep)
[download] Downloading item 6 of 10
[youtube] Extracting URL: https://www.youtube.com/watch?v=o_XVt5rdpFY
[youtube] o_XVt5rdpFY: Downloading webpage
WARNING: [youtube] No supported JavaScript runtime could be found. Only deno is
enabled by default; to use another runtime add  --js-runtimes RUNTIME[:PATH]  to
 your command/config. YouTube extraction without a JS runtime has been deprecate
d, and some formats may be missing. See  https://github.com/yt-dlp/yt-dlp/wiki/E
JS  for details on installing one
[youtube] o_XVt5rdpFY: Downloading android vr player API JSON
[info] o_XVt5rdpFY: Downloading subtitles: en, ru
[info] o_XVt5rdpFY: Downloading 1 format(s): 251
[info] Writing video subtitles to: The secrets of learning a new language ｜ Lýdi
a Machová ｜ TED.en.vtt
WARNING: The extractor specified to use impersonation for this download, but no
impersonate target is available. If you encounter errors, then see  https://gith
ub.com/yt-dlp/yt-dlp#impersonation  for information on installing the required d
ependencies
[download] Destination: The secrets of learning a new language ｜ Lýdia Machová ｜
 TED.en.vtt
[download]    3.00KiB at    1.65MiB/s (00:00:00)
[download]    7.00KiB at    2.88MiB/s (00:00:00)
[download]   15.00KiB at    1.09MiB/s (00:00:00)
[download]   16.85KiB at    1.02MiB/s (00:00:00)
[download] 100% of   16.85KiB in 00:00:00 at 38.09KiB/s
[info] Writing video subtitles to: The secrets of learning a new language ｜ Lýdi
a Machová ｜ TED.ru.vtt
WARNING: The extractor specified to use impersonation for this download, but no
impersonate target is available. If you encounter errors, then see  https://gith
ub.com/yt-dlp/yt-dlp#impersonation  for information on installing the required d
ependencies
[download] Destination: The secrets of learning a new language ｜ Lýdia Machová ｜
 TED.ru.vtt
[download]    3.00KiB at    1.66MiB/s (00:00:00)
[download]    7.00KiB at    3.06MiB/s (00:00:00)
[download]   15.00KiB at    2.06MiB/s (00:00:00)
[download]   25.12KiB at  569.88KiB/s (00:00:00)
[download] 100% of   25.12KiB in 00:00:00 at 57.65KiB/s
[SubtitlesConvertor] Converting subtitles
Deleting original file The secrets of learning a new language ｜ Lýdia Machová ｜
TED.ru.vtt (pass -k to keep)
Deleting original file The secrets of learning a new language ｜ Lýdia Machová ｜
TED.en.vtt (pass -k to keep)
[download] Destination: The secrets of learning a new language ｜ Lýdia Machová ｜
 TED.webm
[download]   0.0% of    8.03MiB at  593.51KiB/s ETA 00:13
[download]   0.2% of    8.03MiB at    2.32MiB/s ETA 00:03
[download]   0.4% of    8.03MiB at    3.02MiB/s ETA 00:02
[download]   0.8% of    8.03MiB at    3.74MiB/s ETA 00:02
[download]   1.5% of    8.03MiB at    5.30MiB/s ETA 00:01
[download]   3.1% of    8.03MiB at    4.75MiB/s ETA 00:01
[download]   6.2% of    8.03MiB at    5.22MiB/s ETA 00:01
[download]  12.4% of    8.03MiB at    6.55MiB/s ETA 00:01
[download]  24.9% of    8.03MiB at    5.40MiB/s ETA 00:01
[download]  49.8% of    8.03MiB at    5.20MiB/s ETA 00:00
[download]  99.6% of    8.03MiB at    5.22MiB/s ETA 00:00
[download] 100.0% of    8.03MiB at    5.23MiB/s ETA 00:00
[download] 100% of    8.03MiB in 00:00:01 at 4.27MiB/s
[ExtractAudio] Destination: The secrets of learning a new language ｜ Lýdia Macho
vá ｜ TED.wav
Deleting original file The secrets of learning a new language ｜ Lýdia Machová ｜
TED.webm (pass -k to keep)
[download] Downloading item 7 of 10
[youtube] Extracting URL: https://www.youtube.com/watch?v=5jaBiaDlEEc
[youtube] 5jaBiaDlEEc: Downloading webpage
WARNING: [youtube] No supported JavaScript runtime could be found. Only deno is
enabled by default; to use another runtime add  --js-runtimes RUNTIME[:PATH]  to
 your command/config. YouTube extraction without a JS runtime has been deprecate
d, and some formats may be missing. See  https://github.com/yt-dlp/yt-dlp/wiki/E
JS  for details on installing one
[youtube] 5jaBiaDlEEc: Downloading android vr player API JSON
[info] 5jaBiaDlEEc: Downloading subtitles: en, ru
[info] 5jaBiaDlEEc: Downloading 1 format(s): 251
[info] Writing video subtitles to: Путешествия по России со смыслом ｜ Екатерина
Затуливетер ｜ TEDxSadovoeRing.en.vtt
WARNING: The extractor specified to use impersonation for this download, but no
impersonate target is available. If you encounter errors, then see  https://gith
ub.com/yt-dlp/yt-dlp#impersonation  for information on installing the required d
ependencies
[download] Destination: Путешествия по России со смыслом ｜ Екатерина Затуливетер
 ｜ TEDxSadovoeRing.en.vtt
[download]    3.00KiB at    1.14MiB/s (00:00:00)
[download]    7.00KiB at    2.12MiB/s (00:00:00)
[download]   15.00KiB at    3.18MiB/s (00:00:00)
[download]   19.64KiB at  357.38KiB/s (00:00:00)
[download] 100% of   19.64KiB in 00:00:00 at 35.94KiB/s
[info] Writing video subtitles to: Путешествия по России со смыслом ｜ Екатерина
Затуливетер ｜ TEDxSadovoeRing.ru.vtt
WARNING: The extractor specified to use impersonation for this download, but no
impersonate target is available. If you encounter errors, then see  https://gith
ub.com/yt-dlp/yt-dlp#impersonation  for information on installing the required d
ependencies
[download] Destination: Путешествия по России со смыслом ｜ Екатерина Затуливетер
 ｜ TEDxSadovoeRing.ru.vtt
[download]    3.00KiB at    1.52MiB/s (00:00:00)
[download]    7.00KiB at    2.95MiB/s (00:00:00)
[download]   15.00KiB at    1.15MiB/s (00:00:00)
[download]   27.52KiB at  617.40KiB/s (00:00:00)
[download] 100% of   27.52KiB in 00:00:00 at 56.30KiB/s
[SubtitlesConvertor] Converting subtitles
Deleting original file Путешествия по России со смыслом ｜ Екатерина Затуливетер
｜ TEDxSadovoeRing.ru.vtt (pass -k to keep)
Deleting original file Путешествия по России со смыслом ｜ Екатерина Затуливетер
｜ TEDxSadovoeRing.en.vtt (pass -k to keep)
[download] Destination: Путешествия по России со смыслом ｜ Екатерина Затуливетер
 ｜ TEDxSadovoeRing.webm
[download]   0.1% of   11.55MiB at  402.09KiB/s ETA 00:29
[download]   0.3% of   11.55MiB at   88.99KiB/s ETA 02:12
[download]   0.5% of   11.55MiB at   95.76KiB/s ETA 02:02
[download]   1.1% of   11.55MiB at  128.70KiB/s ETA 01:30
[download]   2.2% of   11.55MiB at  189.05KiB/s ETA 01:01
[download]   4.3% of   11.55MiB at  304.29KiB/s ETA 00:37
[download]   8.7% of   11.55MiB at  475.85KiB/s ETA 00:22
[download]  17.3% of   11.55MiB at  761.37KiB/s ETA 00:12
[download]  33.4% of   11.55MiB at    1.17MiB/s ETA 00:06
[download]  59.7% of   11.55MiB at    1.43MiB/s ETA 00:03
[download]  77.0% of   11.55MiB at    1.61MiB/s ETA 00:01
[download]  84.4% of   11.55MiB at    1.67MiB/s ETA 00:01
[download]  84.4% of   11.55MiB at  340.86KiB/s ETA 00:05
[download]  84.4% of   11.55MiB at  769.64KiB/s ETA 00:02
[download]  84.4% of   11.55MiB at  722.80KiB/s ETA 00:02
[download]  84.9% of   11.55MiB at    3.58MiB/s ETA 00:00
[download]  85.5% of   11.55MiB at    4.76MiB/s ETA 00:00
[download]  86.5% of   11.55MiB at    3.72MiB/s ETA 00:00
[download]  88.7% of   11.55MiB at    5.41MiB/s ETA 00:00
[download]  93.0% of   11.55MiB at    5.83MiB/s ETA 00:00
[download] 100.0% of   11.55MiB at    5.81MiB/s ETA 00:00
[download] 100% of   11.55MiB in 00:00:08 at 1.34MiB/s
[ExtractAudio] Destination: Путешествия по России со смыслом ｜ Екатерина Затулив
етер ｜ TEDxSadovoeRing.wav
Deleting original file Путешествия по России со смыслом ｜ Екатерина Затуливетер
｜ TEDxSadovoeRing.webm (pass -k to keep)
[download] Downloading item 8 of 10
[youtube] Extracting URL: https://www.youtube.com/watch?v=9HOPw9yM9pc
[youtube] 9HOPw9yM9pc: Downloading webpage
WARNING: [youtube] No supported JavaScript runtime could be found. Only deno is
enabled by default; to use another runtime add  --js-runtimes RUNTIME[:PATH]  to
 your command/config. YouTube extraction without a JS runtime has been deprecate
d, and some formats may be missing. See  https://github.com/yt-dlp/yt-dlp/wiki/E
JS  for details on installing one
[youtube] 9HOPw9yM9pc: Downloading android vr player API JSON
[info] 9HOPw9yM9pc: Downloading subtitles: en
[info] 9HOPw9yM9pc: Downloading 1 format(s): 251
[info] Writing video subtitles to: Pussy Riot's Powerful Message to Vladimir Put
in ｜ Nadya Tolokonnikova ｜ TED.en.vtt
WARNING: The extractor specified to use impersonation for this download, but no
impersonate target is available. If you encounter errors, then see  https://gith
ub.com/yt-dlp/yt-dlp#impersonation  for information on installing the required d
ependencies
[download] Destination: Pussy Riot's Powerful Message to Vladimir Putin ｜ Nadya
Tolokonnikova ｜ TED.en.vtt
[download]    3.00KiB at    2.13MiB/s (00:00:00)
[download]    7.00KiB at    3.49MiB/s (00:00:00)
[download]   13.13KiB at    1.82MiB/s (00:00:00)
[download] 100% of   13.13KiB in 00:00:00 at 33.83KiB/s
[SubtitlesConvertor] Converting subtitles
Deleting original file Pussy Riot's Powerful Message to Vladimir Putin ｜ Nadya T
olokonnikova ｜ TED.en.vtt (pass -k to keep)
[download] Destination: Pussy Riot's Powerful Message to Vladimir Putin ｜ Nadya
Tolokonnikova ｜ TED.webm
[download]   0.0% of    9.77MiB at  567.97KiB/s ETA 00:17
[download]   0.1% of    9.77MiB at    1.15MiB/s ETA 00:08
[download]   0.1% of    9.77MiB at    2.10MiB/s ETA 00:04
[download]   0.3% of    9.77MiB at    3.14MiB/s ETA 00:03
[download]   0.6% of    9.77MiB at    4.74MiB/s ETA 00:02
[download]   1.3% of    9.77MiB at    5.32MiB/s ETA 00:01
[download]   2.5% of    9.77MiB at    4.96MiB/s ETA 00:01
[download]   5.1% of    9.77MiB at    4.89MiB/s ETA 00:01
[download]  10.2% of    9.77MiB at    5.11MiB/s ETA 00:01
[download]  20.5% of    9.77MiB at    5.67MiB/s ETA 00:01
[download]  40.9% of    9.77MiB at    4.23MiB/s ETA 00:01
[download]  75.4% of    9.77MiB at    4.34MiB/s ETA 00:00
[download]  97.8% of    9.77MiB at    4.59MiB/s ETA 00:00
[download]  97.8% of    9.77MiB at  327.63KiB/s ETA 00:00
[download]  97.8% of    9.77MiB at  865.64KiB/s ETA 00:00
[download]  97.8% of    9.77MiB at    1.68MiB/s ETA 00:00
[download]  97.9% of    9.77MiB at    2.57MiB/s ETA 00:00
[download]  98.1% of    9.77MiB at    4.67MiB/s ETA 00:00
[download]  98.4% of    9.77MiB at    4.38MiB/s ETA 00:00
[download]  99.0% of    9.77MiB at    5.36MiB/s ETA 00:00
[download] 100.0% of    9.77MiB at    2.28MiB/s ETA 00:00
[download] 100% of    9.77MiB in 00:00:02 at 3.50MiB/s
[ExtractAudio] Destination: Pussy Riot's Powerful Message to Vladimir Putin ｜ Na
dya Tolokonnikova ｜ TED.wav
Deleting original file Pussy Riot's Powerful Message to Vladimir Putin ｜ Nadya T
olokonnikova ｜ TED.webm (pass -k to keep)
[download] Downloading item 9 of 10
[youtube] Extracting URL: https://www.youtube.com/watch?v=sz8EUKm3Ecw
[youtube] sz8EUKm3Ecw: Downloading webpage
WARNING: [youtube] No supported JavaScript runtime could be found. Only deno is
enabled by default; to use another runtime add  --js-runtimes RUNTIME[:PATH]  to
 your command/config. YouTube extraction without a JS runtime has been deprecate
d, and some formats may be missing. See  https://github.com/yt-dlp/yt-dlp/wiki/E
JS  for details on installing one
[youtube] sz8EUKm3Ecw: Downloading android vr player API JSON
[info] sz8EUKm3Ecw: Downloading subtitles: en, ru
[info] sz8EUKm3Ecw: Downloading 1 format(s): 251
[info] Writing video subtitles to: RUSSIAN PSYCHIC ｜ The TRANSLATOR Game (he has
 to translate a fake TED talk) ｜ Shoot From The Hip.en.vtt
WARNING: The extractor specified to use impersonation for this download, but no
impersonate target is available. If you encounter errors, then see  https://gith
ub.com/yt-dlp/yt-dlp#impersonation  for information on installing the required d
ependencies
[download] Destination: RUSSIAN PSYCHIC ｜ The TRANSLATOR Game (he has to transla
te a fake TED talk) ｜ Shoot From The Hip.en.vtt
[download]    7.00KiB at    4.35MiB/s (00:00:00)
[download]   15.00KiB at    1.07MiB/s (00:00:00)
[download]   21.08KiB at  417.29KiB/s (00:00:00)
[download] 100% of   21.08KiB in 00:00:00 at 41.79KiB/s
[info] Writing video subtitles to: RUSSIAN PSYCHIC ｜ The TRANSLATOR Game (he has
 to translate a fake TED talk) ｜ Shoot From The Hip.ru.vtt
WARNING: The extractor specified to use impersonation for this download, but no
impersonate target is available. If you encounter errors, then see  https://gith
ub.com/yt-dlp/yt-dlp#impersonation  for information on installing the required d
ependencies
[download] Destination: RUSSIAN PSYCHIC ｜ The TRANSLATOR Game (he has to transla
te a fake TED talk) ｜ Shoot From The Hip.ru.vtt
[download]    3.00KiB at    2.01MiB/s (00:00:00)
[download]    7.00KiB at    3.57MiB/s (00:00:00)
[download]    9.55KiB at    1.46MiB/s (00:00:00)
[download] 100% of    9.55KiB in 00:00:00 at 23.66KiB/s
[SubtitlesConvertor] Converting subtitles
Deleting original file RUSSIAN PSYCHIC ｜ The TRANSLATOR Game (he has to translat
e a fake TED talk) ｜ Shoot From The Hip.ru.vtt (pass -k to keep)
Deleting original file RUSSIAN PSYCHIC ｜ The TRANSLATOR Game (he has to translat
e a fake TED talk) ｜ Shoot From The Hip.en.vtt (pass -k to keep)
[download] Destination: RUSSIAN PSYCHIC ｜ The TRANSLATOR Game (he has to transla
te a fake TED talk) ｜ Shoot From The Hip.webm
[download]   0.1% of    3.78MiB at    8.48KiB/s ETA 07:35
[download]   0.2% of    3.78MiB at   19.77KiB/s ETA 03:15
[download]   0.4% of    3.78MiB at   42.30KiB/s ETA 01:31
[download]   0.8% of    3.78MiB at   39.98KiB/s ETA 01:36
[download]   1.6% of    3.78MiB at   45.70KiB/s ETA 01:23
[download]   3.0% of    3.78MiB at   83.99KiB/s ETA 00:44
[download]   5.7% of    3.78MiB at  129.86KiB/s ETA 00:28
[download]  11.2% of    3.78MiB at  207.28KiB/s ETA 00:16
[download]  22.2% of    3.78MiB at  351.42KiB/s ETA 00:08
[download]  44.1% of    3.78MiB at  610.80KiB/s ETA 00:03
[download]  88.0% of    3.78MiB at    1.07MiB/s ETA 00:00
[download] 100.0% of    3.78MiB at    1.19MiB/s ETA 00:00
[download] 100% of    3.78MiB in 00:00:05 at 657.89KiB/s
[ExtractAudio] Destination: RUSSIAN PSYCHIC ｜ The TRANSLATOR Game (he has to tra
nslate a fake TED talk) ｜ Shoot From The Hip.wav
Deleting original file RUSSIAN PSYCHIC ｜ The TRANSLATOR Game (he has to translat
e a fake TED talk) ｜ Shoot From The Hip.webm (pass -k to keep)
[download] Downloading item 10 of 10
[youtube] Extracting URL: https://www.youtube.com/watch?v=dymMgXna-_8
[youtube] dymMgXna-_8: Downloading webpage
WARNING: [youtube] No supported JavaScript runtime could be found. Only deno is
enabled by default; to use another runtime add  --js-runtimes RUNTIME[:PATH]  to
 your command/config. YouTube extraction without a JS runtime has been deprecate
d, and some formats may be missing. See  https://github.com/yt-dlp/yt-dlp/wiki/E
JS  for details on installing one
[youtube] dymMgXna-_8: Downloading android vr player API JSON
[info] dymMgXna-_8: Downloading 1 format(s): 251
[info] There are no subtitles for the requested languages
[SubtitlesConvertor] There aren't any subtitles to convert
[download] Destination: Искусство очаровывать незнакомцев ｜ Айнур Зиннатуллин ｜
TEDxSTIMISiS.webm
[download]   0.0% of   14.88MiB at  223.24KiB/s ETA 01:08
[download]   0.1% of   14.88MiB at  470.69KiB/s ETA 00:32
[download]   0.2% of   14.88MiB at  174.49KiB/s ETA 01:27
[download]   0.4% of   14.88MiB at  217.48KiB/s ETA 01:09
[download]   0.8% of   14.88MiB at  296.86KiB/s ETA 00:50
[download]   1.7% of   14.88MiB at  453.41KiB/s ETA 00:33
[download]   3.4% of   14.88MiB at  722.25KiB/s ETA 00:20
[download]   6.7% of   14.88MiB at    1.16MiB/s ETA 00:11
[download]  13.4% of   14.88MiB at    1.95MiB/s ETA 00:06
[download]  26.9% of   14.88MiB at    2.17MiB/s ETA 00:05
[download]  43.4% of   14.88MiB at    3.26MiB/s ETA 00:02
[download]  66.9% of   14.88MiB at    3.79MiB/s ETA 00:01
[download]  66.9% of   14.88MiB at   41.20KiB/s ETA 02:02
[download]  66.9% of   14.88MiB at  120.26KiB/s ETA 00:41
[download]  66.9% of   14.88MiB at  272.00KiB/s ETA 00:18
[download]  67.0% of   14.88MiB at  551.08KiB/s ETA 00:09
[download]  67.1% of   14.88MiB at  183.62KiB/s ETA 00:27
[download]  67.3% of   14.88MiB at  221.71KiB/s ETA 00:22
[download]  67.7% of   14.88MiB at  298.32KiB/s ETA 00:16
[download]  68.5% of   14.88MiB at  441.75KiB/s ETA 00:10
[download]  70.2% of   14.88MiB at  709.00KiB/s ETA 00:06
[download]  73.6% of   14.88MiB at    1.06MiB/s ETA 00:03
[download]  80.3% of   14.88MiB at    1.79MiB/s ETA 00:01
[download]  93.7% of   14.88MiB at    2.55MiB/s ETA 00:00
[download] 100.0% of   14.88MiB at    3.01MiB/s ETA 00:00
[download] 100% of   14.88MiB in 00:00:05 at 2.85MiB/s
[ExtractAudio] Destination: Искусство очаровывать незнакомцев ｜ Айнур Зиннатулли
н ｜ TEDxSTIMISiS.wav
Deleting original file Искусство очаровывать незнакомцев ｜ Айнур Зиннатуллин ｜ T
EDxSTIMISiS.webm (pass -k to keep)
[download] Finished downloading playlist: TED talk in Russian
----------------------------------------
Starting batch for: Mandarin Chinese
Folder: Mandarin Chinese Talks
Subtitles: en.*, zh.*
[youtube:search] Extracting URL: ytsearch10:TED talk in Mandarin Chinese
[download] Downloading playlist: TED talk in Mandarin Chinese
[youtube:search] query "TED talk in Mandarin Chinese": Downloading web client co
nfig
[youtube:search] query "TED talk in Mandarin Chinese" page 1: Downloading API JS
ON
[youtube:search] Playlist TED talk in Mandarin Chinese: Downloading 10 items of
10
[download] Downloading item 1 of 10
[youtube] Extracting URL: https://www.youtube.com/watch?v=troxvPRmZm8
[youtube] troxvPRmZm8: Downloading webpage
WARNING: [youtube] No supported JavaScript runtime could be found. Only deno is
enabled by default; to use another runtime add  --js-runtimes RUNTIME[:PATH]  to
 your command/config. YouTube extraction without a JS runtime has been deprecate
d, and some formats may be missing. See  https://github.com/yt-dlp/yt-dlp/wiki/E
JS  for details on installing one
[youtube] troxvPRmZm8: Downloading android vr player API JSON
[info] troxvPRmZm8: Downloading subtitles: en, zh-CN, zh-TW
[info] troxvPRmZm8: Downloading 1 format(s): 251
[info] Writing video subtitles to: Learn to read Chinese ... with ease! ｜ ShaoLa
n.en.vtt
WARNING: The extractor specified to use impersonation for this download, but no
impersonate target is available. If you encounter errors, then see  https://gith
ub.com/yt-dlp/yt-dlp#impersonation  for information on installing the required d
ependencies
[download] Destination: Learn to read Chinese ... with ease! ｜ ShaoLan.en.vtt
[download] 100% of    7.76KiB in 00:00:00 at 18.19KiB/s
[info] Writing video subtitles to: Learn to read Chinese ... with ease! ｜ ShaoLa
n.zh-CN.vtt
WARNING: The extractor specified to use impersonation for this download, but no
impersonate target is available. If you encounter errors, then see  https://gith
ub.com/yt-dlp/yt-dlp#impersonation  for information on installing the required d
ependencies
[download] Destination: Learn to read Chinese ... with ease! ｜ ShaoLan.zh-CN.vtt
[download]    3.00KiB at    1.99MiB/s (00:00:00)
[download]    7.83KiB at    3.02MiB/s (00:00:00)
[download] 100% of    7.83KiB in 00:00:00 at 18.44KiB/s
[info] Writing video subtitles to: Learn to read Chinese ... with ease! ｜ ShaoLa
n.zh-TW.vtt
WARNING: The extractor specified to use impersonation for this download, but no
impersonate target is available. If you encounter errors, then see  https://gith
ub.com/yt-dlp/yt-dlp#impersonation  for information on installing the required d
ependencies
[download] Destination: Learn to read Chinese ... with ease! ｜ ShaoLan.zh-TW.vtt
[download]    3.00KiB at  Unknown B/s (00:00:00)
[download]    7.00KiB at    4.98MiB/s (00:00:00)
[download]    7.35KiB at    2.33MiB/s (00:00:00)
[download] 100% of    7.35KiB in 00:00:00 at 18.76KiB/s
[SubtitlesConvertor] Converting subtitles
Deleting original file Learn to read Chinese ... with ease! ｜ ShaoLan.zh-TW.vtt
(pass -k to keep)
Deleting original file Learn to read Chinese ... with ease! ｜ ShaoLan.zh-CN.vtt
(pass -k to keep)
Deleting original file Learn to read Chinese ... with ease! ｜ ShaoLan.en.vtt (pa
ss -k to keep)
[download] Destination: Learn to read Chinese ... with ease! ｜ ShaoLan.webm
[download]   0.1% of    5.74MiB at  109.93KiB/s ETA 00:53
[download]   0.1% of    5.74MiB at  251.09KiB/s ETA 00:23
[download]   0.3% of    5.74MiB at  517.22KiB/s ETA 00:11
[download]   0.5% of    5.74MiB at  194.94KiB/s ETA 00:30
[download]   1.1% of    5.74MiB at  230.89KiB/s ETA 00:25
[download]   2.2% of    5.74MiB at  313.31KiB/s ETA 00:18
[download]   4.3% of    5.74MiB at  451.70KiB/s ETA 00:12
[download]   8.7% of    5.74MiB at  726.35KiB/s ETA 00:07
[download]  17.4% of    5.74MiB at    1.14MiB/s ETA 00:04
[download]  34.8% of    5.74MiB at    1.94MiB/s ETA 00:01
[download]  69.6% of    5.74MiB at    2.72MiB/s ETA 00:00
[download] 100.0% of    5.74MiB at    3.52MiB/s ETA 00:00
[download] 100% of    5.74MiB in 00:00:02 at 2.40MiB/s
[ExtractAudio] Destination: Learn to read Chinese ... with ease! ｜ ShaoLan.wav
Deleting original file Learn to read Chinese ... with ease! ｜ ShaoLan.webm (pass
 -k to keep)
[download] Downloading item 2 of 10
[youtube] Extracting URL: https://www.youtube.com/watch?v=19wZLVQACZk
[youtube] 19wZLVQACZk: Downloading webpage
WARNING: [youtube] No supported JavaScript runtime could be found. Only deno is
enabled by default; to use another runtime add  --js-runtimes RUNTIME[:PATH]  to
 your command/config. YouTube extraction without a JS runtime has been deprecate
d, and some formats may be missing. See  https://github.com/yt-dlp/yt-dlp/wiki/E
JS  for details on installing one
[youtube] 19wZLVQACZk: Downloading android vr player API JSON
[info] 19wZLVQACZk: Downloading 1 format(s): 251
[info] There are no subtitles for the requested languages
[SubtitlesConvertor] There aren't any subtitles to convert
[download] Destination: Chinese is easy ｜ Mikhail Gedekhauri ｜ TEDxIBEuropeanSch
ool.webm
[download]   0.1% of   12.28MiB at  236.25KiB/s ETA 00:53
[download]   0.1% of   12.28MiB at  494.38KiB/s ETA 00:25
[download]   0.2% of   12.28MiB at   99.48KiB/s ETA 02:06
[download]   0.5% of   12.28MiB at  105.70KiB/s ETA 01:58
[download]   1.0% of   12.28MiB at  149.12KiB/s ETA 01:23
[download]   2.0% of   12.28MiB at  221.29KiB/s ETA 00:55
[download]   4.1% of   12.28MiB at  352.27KiB/s ETA 00:34
[download]   8.1% of   12.28MiB at  581.32KiB/s ETA 00:19
[download]  16.3% of   12.28MiB at  987.94KiB/s ETA 00:10
[download]  32.6% of   12.28MiB at    1.67MiB/s ETA 00:04
[download]  65.1% of   12.28MiB at    1.93MiB/s ETA 00:02
[download]  77.8% of   12.28MiB at    2.24MiB/s ETA 00:01
[download]  77.8% of   12.28MiB at   49.57KiB/s ETA 00:56
[download]  77.9% of   12.28MiB at  330.15KiB/s ETA 00:08
[download]  78.0% of   12.28MiB at  683.17KiB/s ETA 00:04
[download]  78.1% of   12.28MiB at   99.76KiB/s ETA 00:27
[download]  78.3% of   12.28MiB at  110.06KiB/s ETA 00:24
[download]  78.8% of   12.28MiB at  151.52KiB/s ETA 00:17
[download]  79.9% of   12.28MiB at  223.86KiB/s ETA 00:11
[download]  81.9% of   12.28MiB at  349.42KiB/s ETA 00:06
[download]  86.0% of   12.28MiB at  576.39KiB/s ETA 00:03
[download]  94.1% of   12.28MiB at  980.44KiB/s ETA 00:00
[download] 100.0% of   12.28MiB at    1.23MiB/s ETA 00:00
[download] 100% of   12.28MiB in 00:00:09 at 1.28MiB/s
[ExtractAudio] Destination: Chinese is easy ｜ Mikhail Gedekhauri ｜ TEDxIBEuropea
nSchool.wav
Deleting original file Chinese is easy ｜ Mikhail Gedekhauri ｜ TEDxIBEuropeanScho
ol.webm (pass -k to keep)
[download] Downloading item 3 of 10
[youtube] Extracting URL: https://www.youtube.com/watch?v=t7ZI9c6Ze7E
[youtube] t7ZI9c6Ze7E: Downloading webpage
WARNING: [youtube] No supported JavaScript runtime could be found. Only deno is
enabled by default; to use another runtime add  --js-runtimes RUNTIME[:PATH]  to
 your command/config. YouTube extraction without a JS runtime has been deprecate
d, and some formats may be missing. See  https://github.com/yt-dlp/yt-dlp/wiki/E
JS  for details on installing one
[youtube] t7ZI9c6Ze7E: Downloading android vr player API JSON
[info] t7ZI9c6Ze7E: Downloading subtitles: zh-TW
[info] t7ZI9c6Ze7E: Downloading 1 format(s): 251
[info] Writing video subtitles to: Don't Work Too Hard 不要太努力 ｜ 之喬 曾 ｜ TEDxTaipei
FuhsingPrivateSchool.zh-TW.vtt
WARNING: The extractor specified to use impersonation for this download, but no
impersonate target is available. If you encounter errors, then see  https://gith
ub.com/yt-dlp/yt-dlp#impersonation  for information on installing the required d
ependencies
[download] Destination: Don't Work Too Hard 不要太努力 ｜ 之喬 曾 ｜ TEDxTaipeiFuhsingPriv
ateSchool.zh-TW.vtt
[download]    3.00KiB at    1.95MiB/s (00:00:00)
[download]   15.00KiB at    2.21MiB/s (00:00:00)
[download]   25.48KiB at  581.23KiB/s (00:00:00)
[download] 100% of   25.48KiB in 00:00:00 at 52.97KiB/s
[SubtitlesConvertor] Converting subtitles
Deleting original file Don't Work Too Hard 不要太努力 ｜ 之喬 曾 ｜ TEDxTaipeiFuhsingPriva
teSchool.zh-TW.vtt (pass -k to keep)
[download] Destination: Don't Work Too Hard 不要太努力 ｜ 之喬 曾 ｜ TEDxTaipeiFuhsingPriv
ateSchool.webm
[download]   0.0% of   14.47MiB at  201.27KiB/s ETA 01:13
[download]   0.1% of   14.47MiB at  426.57KiB/s ETA 00:34
[download]   0.2% of   14.47MiB at  196.53KiB/s ETA 01:15
[download]   0.4% of   14.47MiB at  234.44KiB/s ETA 01:02
[download]   0.9% of   14.47MiB at  316.45KiB/s ETA 00:46
[download]   1.7% of   14.47MiB at  457.59KiB/s ETA 00:31
[download]   3.4% of   14.47MiB at  740.47KiB/s ETA 00:19
[download]   6.9% of   14.47MiB at    1.13MiB/s ETA 00:11
[download]  13.8% of   14.47MiB at    1.50MiB/s ETA 00:08
[download]  27.6% of   14.47MiB at    2.51MiB/s ETA 00:04
[download]  55.3% of   14.47MiB at    2.77MiB/s ETA 00:02
[download]  67.4% of   14.47MiB at    2.76MiB/s ETA 00:01
[download]  67.4% of   14.47MiB at   40.62KiB/s ETA 01:58
[download]  67.4% of   14.47MiB at  274.94KiB/s ETA 00:17
[download]  67.5% of   14.47MiB at  564.84KiB/s ETA 00:08
[download]  67.6% of   14.47MiB at  208.13KiB/s ETA 00:23
[download]  67.8% of   14.47MiB at  224.36KiB/s ETA 00:21
[download]  68.3% of   14.47MiB at  313.40KiB/s ETA 00:15
[download]  69.1% of   14.47MiB at  451.63KiB/s ETA 00:10
[download]  70.8% of   14.47MiB at  621.46KiB/s ETA 00:06
[download]  74.3% of   14.47MiB at    1.03MiB/s ETA 00:03
[download]  81.2% of   14.47MiB at    1.61MiB/s ETA 00:01
[download]  95.0% of   14.47MiB at    2.62MiB/s ETA 00:00
[download] 100.0% of   14.47MiB at    3.06MiB/s ETA 00:00
[download] 100% of   14.47MiB in 00:00:07 at 1.87MiB/s
[ExtractAudio] Destination: Don't Work Too Hard 不要太努力 ｜ 之喬 曾 ｜ TEDxTaipeiFuhsing
PrivateSchool.wav
Deleting original file Don't Work Too Hard 不要太努力 ｜ 之喬 曾 ｜ TEDxTaipeiFuhsingPriva
teSchool.webm (pass -k to keep)
[download] Downloading item 4 of 10
[youtube] Extracting URL: https://www.youtube.com/watch?v=HTmHtOSqHTk
[youtube] HTmHtOSqHTk: Downloading webpage
WARNING: [youtube] No supported JavaScript runtime could be found. Only deno is
enabled by default; to use another runtime add  --js-runtimes RUNTIME[:PATH]  to
 your command/config. YouTube extraction without a JS runtime has been deprecate
d, and some formats may be missing. See  https://github.com/yt-dlp/yt-dlp/wiki/E
JS  for details on installing one
[youtube] HTmHtOSqHTk: Downloading android vr player API JSON
[info] HTmHtOSqHTk: Downloading 1 format(s): 251
[info] There are no subtitles for the requested languages
[SubtitlesConvertor] There aren't any subtitles to convert
[download] Destination: Mark Zuckerberg speaks fluent Mandarin during Q&A in Bei
jing.webm
[download]   0.8% of    1.78MiB at  671.05KiB/s ETA 00:02
[download]   1.7% of    1.78MiB at  166.81KiB/s ETA 00:10
[download]   3.5% of    1.78MiB at  213.21KiB/s ETA 00:08
[download]   7.0% of    1.78MiB at  295.74KiB/s ETA 00:05
[download]  14.0% of    1.78MiB at  433.59KiB/s ETA 00:03
[download]  28.0% of    1.78MiB at  500.02KiB/s ETA 00:02
[download]  56.1% of    1.78MiB at  991.28KiB/s ETA 00:00
[download] 100.0% of    1.78MiB at    1.22MiB/s ETA 00:00
[download] 100% of    1.78MiB in 00:00:02 at 800.11KiB/s
[ExtractAudio] Destination: Mark Zuckerberg speaks fluent Mandarin during Q&A in
 Beijing.wav
Deleting original file Mark Zuckerberg speaks fluent Mandarin during Q&A in Beij
ing.webm (pass -k to keep)
[download] Downloading item 5 of 10
[youtube] Extracting URL: https://www.youtube.com/watch?v=snZ811wvjjw
[youtube] snZ811wvjjw: Downloading webpage
WARNING: [youtube] No supported JavaScript runtime could be found. Only deno is
enabled by default; to use another runtime add  --js-runtimes RUNTIME[:PATH]  to
 your command/config. YouTube extraction without a JS runtime has been deprecate
d, and some formats may be missing. See  https://github.com/yt-dlp/yt-dlp/wiki/E
JS  for details on installing one
[youtube] snZ811wvjjw: Downloading android vr player API JSON
[info] snZ811wvjjw: Downloading subtitles: zh-TW
[info] snZ811wvjjw: Downloading 1 format(s): 251
[info] Writing video subtitles to: 如何不讓人生留下遺憾？ ｜ Breaking the power of guilt ｜ 陳
永儀 May Chen ｜ TEDxTaipei.zh-TW.vtt
WARNING: The extractor specified to use impersonation for this download, but no
impersonate target is available. If you encounter errors, then see  https://gith
ub.com/yt-dlp/yt-dlp#impersonation  for information on installing the required d
ependencies
[download] Destination: 如何不讓人生留下遺憾？ ｜ Breaking the power of guilt ｜ 陳永儀 May Chen
 ｜ TEDxTaipei.zh-TW.vtt
[download]    7.00KiB at    2.93MiB/s (00:00:00)
[download]   15.00KiB at    2.19MiB/s (00:00:00)
[download]   17.31KiB at  462.59KiB/s (00:00:00)
[download] 100% of   17.31KiB in 00:00:00 at 41.18KiB/s
[SubtitlesConvertor] Converting subtitles
Deleting original file 如何不讓人生留下遺憾？ ｜ Breaking the power of guilt ｜ 陳永儀 May Chen
｜ TEDxTaipei.zh-TW.vtt (pass -k to keep)
[download] Destination: 如何不讓人生留下遺憾？ ｜ Breaking the power of guilt ｜ 陳永儀 May Chen
 ｜ TEDxTaipei.webm
[download]   0.1% of    9.82MiB at    2.64MiB/s ETA 00:03
[download]   0.3% of    9.82MiB at    3.15MiB/s ETA 00:03
[download]   0.6% of    9.82MiB at    1.09MiB/s ETA 00:08
[download]   1.3% of    9.82MiB at    1.71MiB/s ETA 00:05
[download]   2.5% of    9.82MiB at    2.80MiB/s ETA 00:03
[download]   5.1% of    9.82MiB at    3.28MiB/s ETA 00:02
[download]  10.2% of    9.82MiB at    4.62MiB/s ETA 00:01
[download]  20.3% of    9.82MiB at    5.17MiB/s ETA 00:01
[download]  40.7% of    9.82MiB at    5.32MiB/s ETA 00:01
[download]  81.4% of    9.82MiB at    3.87MiB/s ETA 00:00
[download]  99.0% of    9.82MiB at    3.87MiB/s ETA 00:00
[download]  99.0% of    9.82MiB at  328.76KiB/s ETA 00:00
[download]  99.1% of    9.82MiB at    1.49MiB/s ETA 00:00
[download]  99.2% of    9.82MiB at    2.89MiB/s ETA 00:00
[download]  99.3% of    9.82MiB at    2.95MiB/s ETA 00:00
[download]  99.6% of    9.82MiB at    4.74MiB/s ETA 00:00
[download] 100.0% of    9.82MiB at    4.84MiB/s ETA 00:00
[download] 100% of    9.82MiB in 00:00:02 at 3.35MiB/s
[ExtractAudio] Destination: 如何不讓人生留下遺憾？ ｜ Breaking the power of guilt ｜ 陳永儀 May
Chen ｜ TEDxTaipei.wav
Deleting original file 如何不讓人生留下遺憾？ ｜ Breaking the power of guilt ｜ 陳永儀 May Chen
｜ TEDxTaipei.webm (pass -k to keep)
[download] Downloading item 6 of 10
[youtube] Extracting URL: https://www.youtube.com/watch?v=U0EySK4T2aY
[youtube] U0EySK4T2aY: Downloading webpage
WARNING: [youtube] No supported JavaScript runtime could be found. Only deno is
enabled by default; to use another runtime add  --js-runtimes RUNTIME[:PATH]  to
 your command/config. YouTube extraction without a JS runtime has been deprecate
d, and some formats may be missing. See  https://github.com/yt-dlp/yt-dlp/wiki/E
JS  for details on installing one
[youtube] U0EySK4T2aY: Downloading android vr player API JSON
[info] U0EySK4T2aY: Downloading subtitles: en, zh-CN, zh-TW
[info] U0EySK4T2aY: Downloading 1 format(s): 251
[info] Writing video subtitles to: The secret behind how Chinese characters work
 - Gina Marie Elia.en.vtt
WARNING: The extractor specified to use impersonation for this download, but no
impersonate target is available. If you encounter errors, then see  https://gith
ub.com/yt-dlp/yt-dlp#impersonation  for information on installing the required d
ependencies
[download] Destination: The secret behind how Chinese characters work - Gina Mar
ie Elia.en.vtt
[download]    6.76KiB at    2.99MiB/s (00:00:00)
[download] 100% of    6.76KiB in 00:00:00 at 16.58KiB/s
[info] Writing video subtitles to: The secret behind how Chinese characters work
 - Gina Marie Elia.zh-CN.vtt
WARNING: The extractor specified to use impersonation for this download, but no
impersonate target is available. If you encounter errors, then see  https://gith
ub.com/yt-dlp/yt-dlp#impersonation  for information on installing the required d
ependencies
