--- Listing LXC Containers ---
VMID       Status     Lock         Name
101        running                 casaos
102        running                 cloudflared
103        running                 website
105        running                 onedrive
106        stopped                 n8n
107        running                 model-downloader
--- Looking for web servers in running containers ---
Checking VMID 101 for nginx/apache/lighttpd...
VMID 101 output: inactive
inactive
inactive
Checking VMID 102 for nginx/apache/lighttpd...
VMID 102 output: inactive
inactive
inactive
Checking VMID 103 for nginx/apache/lighttpd...
VMID 103 output: active
inactive
inactive
Found files in /var/www/html on VMID 103:
index.html
stats.json
Checking VMID 105 for nginx/apache/lighttpd...
VMID 105 output: inactive
inactive
inactive
Checking VMID 107 for nginx/apache/lighttpd...
VMID 107 output: inactive
inactive
inactive
