
----------------------------------------
Starting batch for: Mandarin Chinese
Folder: Mandarin Chinese Talks
Searching for 50 potential Mandarin Chinese talks...
ERROR: [youtube] troxvPRmZm8: Requested format is not available. Use --list-form
ats for a list of available formats
ERROR: [youtube] d0yGdNEWdn0: Requested format is not available. Use --list-form
ats for a list of available formats
ERROR: [youtube] t7ZI9c6Ze7E: Requested format is not available. Use --list-form
ats for a list of available formats
ERROR: [youtube] 19wZLVQACZk: Requested format is not available. Use --list-form
ats for a list of available formats
ERROR: [youtube] HTmHtOSqHTk: Requested format is not available. Use --list-form
ats for a list of available formats
ERROR: [youtube] snZ811wvjjw: Requested format is not available. Use --list-form
ats for a list of available formats
ERROR: [youtube] qR72RnEwl0M: Requested format is not available. Use --list-form
ats for a list of available formats
ERROR: [youtube] 2IHd94KXUpk: Requested format is not available. Use --list-form
ats for a list of available formats
ERROR: [youtube] U0EySK4T2aY: Requested format is not available. Use --list-form
ats for a list of available formats
ERROR: [youtube] Q4Hx185xz6o: Requested format is not available. Use --list-form
ats for a list of available formats
ERROR: [youtube] vU3jeIbGf-8: Requested format is not available. Use --list-form
ats for a list of available formats
ERROR: [youtube] Bc2wVyl8RLI: Requested format is not available. Use --list-form
ats for a list of available formats
ERROR: [youtube] dIWYnyHvZI4: Requested format is not available. Use --list-form
ats for a list of available formats
ERROR: [youtube] Js11uz7uh4Q: Requested format is not available. Use --list-form
ats for a list of available formats
ERROR: [youtube] KQ_sO9V0tyw: Requested format is not available. Use --list-form
ats for a list of available formats
ERROR: [youtube] c-sxBTNF2U8: Requested format is not available. Use --list-form
ats for a list of available formats
ERROR: [youtube] 4HLSBvlv0Ug: Requested format is not available. Use --list-form
ats for a list of available formats
ERROR: [youtube] 0gzqkX4MO2c: Requested format is not available. Use --list-form
ats for a list of available formats
ERROR: [youtube] vgoB1aV04h0: Requested format is not available. Use --list-form
ats for a list of available formats
ERROR: [youtube] 6RpubNBV9e0: Requested format is not available. Use --list-form
ats for a list of available formats
ERROR: [youtube] bv7mg7RiXvw: Requested format is not available. Use --list-form
ats for a list of available formats
ERROR: [youtube] cwb7eLyu1BQ: Requested format is not available. Use --list-form
ats for a list of available formats
ERROR: [youtube] E4dScHDxBjk: Requested format is not available. Use --list-form
ats for a list of available formats
ERROR: [youtube] 1NJvVeafLvw: Requested format is not available. Use --list-form
ats for a list of available formats
ERROR: [youtube] UwhVh-noetc: Requested format is not available. Use --list-form
ats for a list of available formats
ERROR: [youtube] z57qxy8tyy8: Requested format is not available. Use --list-form
ats for a list of available formats
ERROR: [youtube] ygp5xLlN2us: Requested format is not available. Use --list-form
ats for a list of available formats
ERROR: [youtube] HPUa5JfDUMo: Requested format is not available. Use --list-form
ats for a list of available formats
ERROR: [youtube] H14bBuluwB8: Requested format is not available. Use --list-form
ats for a list of available formats
ERROR: [youtube] qOmu_JnzY18: Requested format is not available. Use --list-form
ats for a list of available formats
ERROR: [youtube] 2ND526EXAus: Requested format is not available. Use --list-form
ats for a list of available formats
ERROR: [youtube] GZeKSBKJEyQ: Requested format is not available. Use --list-form
ats for a list of available formats
ERROR: [youtube] k0OfEHvR2DI: Requested format is not available. Use --list-form
ats for a list of available formats
ERROR: [youtube] tQLcmbpOJ08: Requested format is not available. Use --list-form
ats for a list of available formats
ERROR: [youtube] K6BKHkIm3Mg: Requested format is not available. Use --list-form
ats for a list of available formats
ERROR: [youtube] 1rM1ueEiRso: Requested format is not available. Use --list-form
ats for a list of available formats
ERROR: [youtube] OZU7HMV4fNA: Requested format is not available. Use --list-form
ats for a list of available formats
ERROR: [youtube] ajzmSyVbxaI: Requested format is not available. Use --list-form
ats for a list of available formats
ERROR: [youtube] UP03EbSQXQw: Requested format is not available. Use --list-form
ats for a list of available formats
ERROR: [youtube] ViMpszGd8DE: Requested format is not available. Use --list-form
ats for a list of available formats
ERROR: [youtube] 6X185UO_ADA: Requested format is not available. Use --list-form
ats for a list of available formats
ERROR: [youtube] gub38Cd4E0g: Requested format is not available. Use --list-form
ats for a list of available formats
ERROR: [youtube] sfmEZSyQck4: Requested format is not available. Use --list-form
ats for a list of available formats
ERROR: [youtube] 2dLART1YYYM: Requested format is not available. Use --list-form
ats for a list of available formats
ERROR: [youtube] UNGG4luwYbg: Requested format is not available. Use --list-form
ats for a list of available formats
ERROR: [youtube] rjgxFu1Ai5A: Requested format is not available. Use --list-form
ats for a list of available formats
ERROR: [youtube] FfiOsNMW3vk: Requested format is not available. Use --list-form
ats for a list of available formats
ERROR: [youtube] GXVGpRgKoco: Requested format is not available. Use --list-form
ats for a list of available formats
ERROR: [youtube] XbLAoUG3wmY: Requested format is not available. Use --list-form
ats for a list of available formats
ERROR: [youtube] QOJrB-LELeY: Requested format is not available. Use --list-form
ats for a list of available formats
Finished Mandarin Chinese: Successfully downloaded 0 talks with verified transcr
ipts.
----------------------------------------
Starting batch for: Hindi
Folder: Hindi Talks
Searching for 50 potential Hindi talks...
ERROR: [youtube] 0_dfYCkD5xM: Requested format is not available. Use --list-form
ats for a list of available formats
ERROR: [youtube] t9fP_b8Ebow: Requested format is not available. Use --list-form
ats for a list of available formats
ERROR: [youtube] LeIoaKLG2Js: Requested format is not available. Use --list-form
ats for a list of available formats
ERROR: [youtube] e5r3g88q2iY: Requested format is not available. Use --list-form
ats for a list of available formats
ERROR: [youtube] Ikp9XdE9Xf4: Requested format is not available. Use --list-form
ats for a list of available formats
ERROR: [youtube] Wh1gtEhfrGo: Requested format is not available. Use --list-form
ats for a list of available formats
ERROR: [youtube] NMfTtS7XT2w: Requested format is not available. Use --list-form
ats for a list of available formats
ERROR: [youtube] 0NV1KdWRHck: Requested format is not available. Use --list-form
ats for a list of available formats
ERROR: [youtube] eIho2S0ZahI: Requested format is not available. Use --list-form
ats for a list of available formats
ERROR: [youtube] SDqB_dhqWdI: Requested format is not available. Use --list-form
ats for a list of available formats
ERROR: [youtube] TIwBwyMgS50: Requested format is not available. Use --list-form
ats for a list of available formats
ERROR: [youtube] lhv72TsRvHU: Requested format is not available. Use --list-form
ats for a list of available formats
ERROR: [youtube] SxBR1qpfG-c: Requested format is not available. Use --list-form
ats for a list of available formats
ERROR: [youtube] iQaiMoUn-zc: Requested format is not available. Use --list-form
ats for a list of available formats
ERROR: [youtube] iM5GQkJ87Pg: Requested format is not available. Use --list-form
ats for a list of available formats
ERROR: [youtube] LNHBMFCzznE: Requested format is not available. Use --list-form
ats for a list of available formats
ERROR: [youtube] p5N_a5htoNQ: Requested format is not available. Use --list-form
ats for a list of available formats
ERROR: [youtube] E-Fixj0muuQ: Requested format is not available. Use --list-form
ats for a list of available formats
ERROR: [youtube] 1hWMIEl3dh0: Requested format is not available. Use --list-form
ats for a list of available formats
ERROR: [youtube] Udap-5rVWeM: Requested format is not available. Use --list-form
ats for a list of available formats
ERROR: [youtube] rmeGVhhbGrM: Requested format is not available. Use --list-form
ats for a list of available formats
ERROR: [youtube] LTnI7cmpDZI: Requested format is not available. Use --list-form
ats for a list of available formats
ERROR: [youtube] LmXGvsuNDv8: Requested format is not available. Use --list-form
ats for a list of available formats
ERROR: [youtube] P6FORpg0KVo: Requested format is not available. Use --list-form
ats for a list of available formats
ERROR: [youtube] MzsIwRaO6A0: Requested format is not available. Use --list-form
ats for a list of available formats
ERROR: [youtube] TXXVfGAzcYw: Requested format is not available. Use --list-form
ats for a list of available formats
ERROR: [youtube] 21j_OCNLuYg: Requested format is not available. Use --list-form
ats for a list of available formats
ERROR: [youtube] LKPD_a4xd7M: Requested format is not available. Use --list-form
ats for a list of available formats
ERROR: [youtube] arj7oStGLkU: Requested format is not available. Use --list-form
ats for a list of available formats
ERROR: [youtube] qyn3SZWp4Vo: Requested format is not available. Use --list-form
ats for a list of available formats
ERROR: [youtube] hiii7hkbQ4Q: Requested format is not available. Use --list-form
ats for a list of available formats
ERROR: [youtube] xfW78PBkLxI: Requested format is not available. Use --list-form
ats for a list of available formats
ERROR: [youtube] 5AVfvaxbuQw: Requested format is not available. Use --list-form
ats for a list of available formats
ERROR: [youtube] -JfQvYLveGA: Requested format is not available. Use --list-form
ats for a list of available formats
ERROR: [youtube] Z3aph_PmWTk: Requested format is not available. Use --list-form
ats for a list of available formats
ERROR: [youtube] sKvMxZ284AA: Requested format is not available. Use --list-form
ats for a list of available formats
ERROR: [youtube] KE3hvtAayzY: Requested format is not available. Use --list-form
ats for a list of available formats
ERROR: [youtube] QhTPzc1QRas: Requested format is not available. Use --list-form
ats for a list of available formats
ERROR: [youtube] zIwLWfaAg-8: Requested format is not available. Use --list-form
ats for a list of available formats
ERROR: [youtube] 5MgBikgcWnY: Requested format is not available. Use --list-form
ats for a list of available formats
ERROR: [youtube] TqxxCYnAxo8: Requested format is not available. Use --list-form
ats for a list of available formats
ERROR: [youtube] sB34sRehUvU: Requested format is not available. Use --list-form
ats for a list of available formats
ERROR: [youtube] F4Zu5ZZAG7I: Requested format is not available. Use --list-form
ats for a list of available formats
ERROR: [youtube] d23lHjvqFY4: Requested format is not available. Use --list-form
ats for a list of available formats
ERROR: [youtube] MM8zEzoIGJY: Requested format is not available. Use --list-form
ats for a list of available formats
ERROR: [youtube] lqxAWuZd4T0: Requested format is not available. Use --list-form
ats for a list of available formats
ERROR: [youtube] aIfSys3PQH8: Requested format is not available. Use --list-form
ats for a list of available formats
ERROR: [youtube] le6eNngljto: Requested format is not available. Use --list-form
ats for a list of available formats
ERROR: [youtube] RcGyVTAoXEU: Requested format is not available. Use --list-form
ats for a list of available formats
ERROR: [youtube] 36m1o-tM05g: Requested format is not available. Use --list-form
ats for a list of available formats
Finished Hindi: Successfully downloaded 0 talks with verified transcripts.
----------------------------------------
Starting batch for: Spanish
Folder: Spanish Talks
Searching for 50 potential Spanish talks...
ERROR: [youtube] XUqrvbsTfck: Requested format is not available. Use --list-form
ats for a list of available formats
ERROR: [youtube] EFdEmbuikOw: Requested format is not available. Use --list-form
ats for a list of available formats
ERROR: [youtube] nmrRJammHqs: Requested format is not available. Use --list-form
ats for a list of available formats
ERROR: [youtube] bSkuXi56I3k: Requested format is not available. Use --list-form
ats for a list of available formats
ERROR: [youtube] i5ui_DrtcpU: Requested format is not available. Use --list-form
ats for a list of available formats
ERROR: [youtube] aqo4_BlMIbw: Requested format is not available. Use --list-form
ats for a list of available formats
ERROR: [youtube] lHiWSJrBjgE: Requested format is not available. Use --list-form
ats for a list of available formats
ERROR: [youtube] 3X30vGbLol8: Requested format is not available. Use --list-form
ats for a list of available formats
ERROR: [youtube] 4bk4pCXwkbY: Requested format is not available. Use --list-form
ats for a list of available formats
