
----------------------------------------
Starting batch for: Mandarin Chinese
Folder: Mandarin Chinese Talks
Searching for 50 potential Mandarin Chinese talks...
ERROR: [youtube] troxvPRmZm8: Requested format is not available. Use --list-form
ats for a list of available formats
ERROR: [youtube] 19wZLVQACZk: Requested format is not available. Use --list-form
ats for a list of available formats
ERROR: [youtube] t7ZI9c6Ze7E: Requested format is not available. Use --list-form
ats for a list of available formats
ERROR: [youtube] snZ811wvjjw: Requested format is not available. Use --list-form
ats for a list of available formats
ERROR: [youtube] HTmHtOSqHTk: Requested format is not available. Use --list-form
ats for a list of available formats
ERROR: [youtube] U0EySK4T2aY: Requested format is not available. Use --list-form
ats for a list of available formats
ERROR: [youtube] qR72RnEwl0M: Requested format is not available. Use --list-form
ats for a list of available formats
ERROR: [youtube] Js11uz7uh4Q: Requested format is not available. Use --list-form
ats for a list of available formats
ERROR: [youtube] 0gzqkX4MO2c: Requested format is not available. Use --list-form
ats for a list of available formats
ERROR: [youtube] vU3jeIbGf-8: Requested format is not available. Use --list-form
ats for a list of available formats
ERROR: [youtube] Bc2wVyl8RLI: Requested format is not available. Use --list-form
ats for a list of available formats
ERROR: [youtube] 2IHd94KXUpk: Requested format is not available. Use --list-form
ats for a list of available formats
ERROR: [youtube] d0yGdNEWdn0: Requested format is not available. Use --list-form
ats for a list of available formats
ERROR: [youtube] 4HLSBvlv0Ug: Requested format is not available. Use --list-form
ats for a list of available formats
ERROR: [youtube] Q4Hx185xz6o: Requested format is not available. Use --list-form
ats for a list of available formats
ERROR: [youtube] vgoB1aV04h0: Requested format is not available. Use --list-form
ats for a list of available formats
ERROR: [youtube] GZeKSBKJEyQ: Requested format is not available. Use --list-form
ats for a list of available formats
ERROR: [youtube] dIWYnyHvZI4: Requested format is not available. Use --list-form
ats for a list of available formats
ERROR: [youtube] c-sxBTNF2U8: Requested format is not available. Use --list-form
ats for a list of available formats
ERROR: [youtube] k0OfEHvR2DI: Requested format is not available. Use --list-form
ats for a list of available formats
ERROR: [youtube] z57qxy8tyy8: Requested format is not available. Use --list-form
ats for a list of available formats
ERROR: [youtube] 2ND526EXAus: Requested format is not available. Use --list-form
ats for a list of available formats
ERROR: [youtube] KQ_sO9V0tyw: Requested format is not available. Use --list-form
ats for a list of available formats
ERROR: [youtube] 6RpubNBV9e0: Requested format is not available. Use --list-form
ats for a list of available formats
ERROR: [youtube] sfmEZSyQck4: Requested format is not available. Use --list-form
ats for a list of available formats
ERROR: [youtube] 8sk2oCXWE0s: Requested format is not available. Use --list-form
ats for a list of available formats
ERROR: [youtube] gub38Cd4E0g: Requested format is not available. Use --list-form
ats for a list of available formats
ERROR: [youtube] UwhVh-noetc: Requested format is not available. Use --list-form
ats for a list of available formats
ERROR: [youtube] E4dScHDxBjk: Requested format is not available. Use --list-form
ats for a list of available formats
ERROR: [youtube] akXpn8xHwkY: Requested format is not available. Use --list-form
ats for a list of available formats
ERROR: [youtube] ixOhmGtN5hg: Requested format is not available. Use --list-form
ats for a list of available formats
ERROR: [youtube] 80LxBWO6-e8: Requested format is not available. Use --list-form
ats for a list of available formats
ERROR: [youtube] bv7mg7RiXvw: Requested format is not available. Use --list-form
ats for a list of available formats
ERROR: [youtube] WBqnzn77MEE: Requested format is not available. Use --list-form
ats for a list of available formats
ERROR: [youtube] K6BKHkIm3Mg: Requested format is not available. Use --list-form
ats for a list of available formats
ERROR: [youtube] 7de8ENdf1yU: Requested format is not available. Use --list-form
ats for a list of available formats
ERROR: [youtube] cwb7eLyu1BQ: Requested format is not available. Use --list-form
ats for a list of available formats
ERROR: [youtube] XbLAoUG3wmY: Requested format is not available. Use --list-form
ats for a list of available formats
ERROR: [youtube] 1NJvVeafLvw: Requested format is not available. Use --list-form
ats for a list of available formats
ERROR: [youtube] rjgxFu1Ai5A: Requested format is not available. Use --list-form
ats for a list of available formats
ERROR: [youtube] dOt4NkcmIUg: Requested format is not available. Use --list-form
ats for a list of available formats
ERROR: [youtube] ygp5xLlN2us: Requested format is not available. Use --list-form
ats for a list of available formats
ERROR: [youtube] xNmf-G81Irs: Requested format is not available. Use --list-form
ats for a list of available formats
ERROR: [youtube] 1rM1ueEiRso: Requested format is not available. Use --list-form
ats for a list of available formats
ERROR: [youtube] qOmu_JnzY18: Requested format is not available. Use --list-form
ats for a list of available formats
ERROR: [youtube] HPUa5JfDUMo: Requested format is not available. Use --list-form
ats for a list of available formats
ERROR: [youtube] 8ptow8qPeMk: Requested format is not available. Use --list-form
ats for a list of available formats
ERROR: [youtube] OZU7HMV4fNA: Requested format is not available. Use --list-form
ats for a list of available formats
ERROR: [youtube] 8XQ1onjXJK0: Requested format is not available. Use --list-form
ats for a list of available formats
ERROR: [youtube] H14bBuluwB8: Requested format is not available. Use --list-form
ats for a list of available formats
Finished Mandarin Chinese: Successfully downloaded 0 talks with verified transcr
ipts.
----------------------------------------
Starting batch for: Hindi
Folder: Hindi Talks
Searching for 50 potential Hindi talks...
ERROR: [youtube] 0_dfYCkD5xM: Requested format is not available. Use --list-form
ats for a list of available formats
ERROR: [youtube] t9fP_b8Ebow: Requested format is not available. Use --list-form
ats for a list of available formats
ERROR: [youtube] e5r3g88q2iY: Requested format is not available. Use --list-form
ats for a list of available formats
ERROR: [youtube] Ikp9XdE9Xf4: Requested format is not available. Use --list-form
ats for a list of available formats
ERROR: [youtube] Wh1gtEhfrGo: Requested format is not available. Use --list-form
ats for a list of available formats
ERROR: [youtube] LeIoaKLG2Js: Requested format is not available. Use --list-form
ats for a list of available formats
ERROR: [youtube] NMfTtS7XT2w: Requested format is not available. Use --list-form
ats for a list of available formats
ERROR: [youtube] TIwBwyMgS50: Requested format is not available. Use --list-form
ats for a list of available formats
ERROR: [youtube] SDqB_dhqWdI: Requested format is not available. Use --list-form
ats for a list of available formats
ERROR: [youtube] iQaiMoUn-zc: Requested format is not available. Use --list-form
ats for a list of available formats
ERROR: [youtube] eIho2S0ZahI: Requested format is not available. Use --list-form
ats for a list of available formats
ERROR: [youtube] iM5GQkJ87Pg: Requested format is not available. Use --list-form
ats for a list of available formats
ERROR: [youtube] lhv72TsRvHU: Requested format is not available. Use --list-form
ats for a list of available formats
ERROR: [youtube] LNHBMFCzznE: Requested format is not available. Use --list-form
ats for a list of available formats
ERROR: [youtube] 1hWMIEl3dh0: Requested format is not available. Use --list-form
ats for a list of available formats
ERROR: [youtube] rmeGVhhbGrM: Requested format is not available. Use --list-form
ats for a list of available formats
ERROR: [youtube] p5N_a5htoNQ: Requested format is not available. Use --list-form
ats for a list of available formats
ERROR: [youtube] SxBR1qpfG-c: Requested format is not available. Use --list-form
ats for a list of available formats
ERROR: [youtube] kcW4ABcY3zI: Requested format is not available. Use --list-form
ats for a list of available formats
ERROR: [youtube] KE3hvtAayzY: Requested format is not available. Use --list-form
ats for a list of available formats
ERROR: [youtube] LmXGvsuNDv8: Requested format is not available. Use --list-form
ats for a list of available formats
ERROR: [youtube] Udap-5rVWeM: Requested format is not available. Use --list-form
ats for a list of available formats
ERROR: [youtube] MzsIwRaO6A0: Requested format is not available. Use --list-form
ats for a list of available formats
ERROR: [youtube] LTnI7cmpDZI: Requested format is not available. Use --list-form
ats for a list of available formats
ERROR: [youtube] d23lHjvqFY4: Requested format is not available. Use --list-form
ats for a list of available formats
ERROR: [youtube] LKPD_a4xd7M: Requested format is not available. Use --list-form
ats for a list of available formats
ERROR: [youtube] E-Fixj0muuQ: Requested format is not available. Use --list-form
ats for a list of available formats
ERROR: [youtube] TXXVfGAzcYw: Requested format is not available. Use --list-form
ats for a list of available formats
ERROR: [youtube] arj7oStGLkU: Requested format is not available. Use --list-form
ats for a list of available formats
ERROR: [youtube] xfW78PBkLxI: Requested format is not available. Use --list-form
ats for a list of available formats
ERROR: [youtube] 21j_OCNLuYg: Requested format is not available. Use --list-form
ats for a list of available formats
ERROR: [youtube] P6FORpg0KVo: Requested format is not available. Use --list-form
ats for a list of available formats
ERROR: [youtube] sKvMxZ284AA: Requested format is not available. Use --list-form
ats for a list of available formats
ERROR: [youtube] TqxxCYnAxo8: Requested format is not available. Use --list-form
ats for a list of available formats
ERROR: [youtube] Z3aph_PmWTk: Requested format is not available. Use --list-form
ats for a list of available formats
ERROR: [youtube] 8jPQjjsBbIc: Requested format is not available. Use --list-form
ats for a list of available formats
ERROR: [youtube] F4Zu5ZZAG7I: Requested format is not available. Use --list-form
ats for a list of available formats
ERROR: [youtube] -moW9jvvMr4: Requested format is not available. Use --list-form
ats for a list of available formats
ERROR: [youtube] 5AVfvaxbuQw: Requested format is not available. Use --list-form
ats for a list of available formats
ERROR: [youtube] -JfQvYLveGA: Requested format is not available. Use --list-form
ats for a list of available formats
ERROR: [youtube] QhTPzc1QRas: Requested format is not available. Use --list-form
ats for a list of available formats
ERROR: [youtube] qyn3SZWp4Vo: Requested format is not available. Use --list-form
ats for a list of available formats
ERROR: [youtube] MM8zEzoIGJY: Requested format is not available. Use --list-form
ats for a list of available formats
ERROR: [youtube] xp0O2vi8DX4: Requested format is not available. Use --list-form
ats for a list of available formats
ERROR: [youtube] hiii7hkbQ4Q: Requested format is not available. Use --list-form
ats for a list of available formats
ERROR: [youtube] 7CBfCW67xT8: Requested format is not available. Use --list-form
ats for a list of available formats
ERROR: [youtube] LnJwH_PZXnM: Requested format is not available. Use --list-form
ats for a list of available formats
ERROR: [youtube] 1GHS6Wmk5tg: Requested format is not available. Use --list-form
ats for a list of available formats
ERROR: [youtube] MdZAMSyn_As: Requested format is not available. Use --list-form
ats for a list of available formats
ERROR: [youtube] xz3tjI5cmrQ: Requested format is not available. Use --list-form
ats for a list of available formats
Finished Hindi: Successfully downloaded 0 talks with verified transcripts.

----------------------------------------
Starting batch for: Spanish
Folder: Spanish Talks
Searching for 50 potential Spanish talks...
ERROR: [youtube] XUqrvbsTfck: Requested format is not available. Use --list-form
ats for a list of available formats
ERROR: [youtube] EFdEmbuikOw: Requested format is not available. Use --list-form
ats for a list of available formats
ERROR: [youtube] i5ui_DrtcpU: Requested format is not available. Use --list-form
ats for a list of available formats
ERROR: [youtube] nmrRJammHqs: Requested format is not available. Use --list-form
ats for a list of available formats
ERROR: [youtube] bSkuXi56I3k: Requested format is not available. Use --list-form
ats for a list of available formats
ERROR: [youtube] CLCJaiyjKkc: Requested format is not available. Use --list-form
ats for a list of available formats
ERROR: [youtube] 3X30vGbLol8: Requested format is not available. Use --list-form
ats for a list of available formats
ERROR: [youtube] uhZzB5hid6M: Requested format is not available. Use --list-form
ats for a list of available formats
ERROR: [youtube] pI3EgEamWWA: Requested format is not available. Use --list-form
ats for a list of available formats
ERROR: [youtube] o_XVt5rdpFY: Requested format is not available. Use --list-form
ats for a list of available formats
ERROR: [youtube] lfbqxNlNPss: Requested format is not available. Use --list-form
ats for a list of available formats
ERROR: [youtube] nI_owrxLoOQ: Requested format is not available. Use --list-form
ats for a list of available formats
ERROR: [youtube] EEaeGgDNDfM: Requested format is not available. Use --list-form
ats for a list of available formats
ERROR: [youtube] -8XCTDRFCC8: Requested format is not available. Use --list-form
ats for a list of available formats
ERROR: [youtube] aqo4_BlMIbw: Requested format is not available. Use --list-form
ats for a list of available formats
ERROR: [youtube] KWdrwp7K_rU: Requested format is not available. Use --list-form
ats for a list of available formats
ERROR: [youtube] 4bk4pCXwkbY: Requested format is not available. Use --list-form
ats for a list of available formats
ERROR: [youtube] ECnT4yiCWso: Requested format is not available. Use --list-form
ats for a list of available formats
ERROR: [youtube] LYzGyDaeSLw: Requested format is not available. Use --list-form
ats for a list of available formats
ERROR: [youtube] lHiWSJrBjgE: Requested format is not available. Use --list-form
ats for a list of available formats
ERROR: [youtube] nWecIwtN2ho: Requested format is not available. Use --list-form
ats for a list of available formats
ERROR: [youtube] zK9DxO244Ls: Requested format is not available. Use --list-form
ats for a list of available formats
ERROR: [youtube] MY5SatbZMAo: Requested format is not available. Use --list-form
ats for a list of available formats
ERROR: [youtube] d0yGdNEWdn0: Requested format is not available. Use --list-form
ats for a list of available formats
ERROR: [youtube] NTP1zACGPi8: Requested format is not available. Use --list-form
ats for a list of available formats
ERROR: [youtube] aykt2BEEXDg: Requested format is not available. Use --list-form
ats for a list of available formats
ERROR: [youtube] m1w9gnFD9X0: Requested format is not available. Use --list-form
ats for a list of available formats
ERROR: [youtube] iBMfg4WkKL8: Requested format is not available. Use --list-form
ats for a list of available formats
ERROR: [youtube] R7wUI2hAgvU: Requested format is not available. Use --list-form
ats for a list of available formats
ERROR: [youtube] MMmOLN5zBLY: Requested format is not available. Use --list-form
ats for a list of available formats
ERROR: [youtube] 8vIpU1yjHnQ: Requested format is not available. Use --list-form
ats for a list of available formats
ERROR: [youtube] pLK8ndJjwQU: Requested format is not available. Use --list-form
ats for a list of available formats
ERROR: [youtube] P6FORpg0KVo: Requested format is not available. Use --list-form
ats for a list of available formats
ERROR: [youtube] KM4Xe6Dlp0Y: Requested format is not available. Use --list-form
ats for a list of available formats
ERROR: [youtube] WLxZd-0U24c: Requested format is not available. Use --list-form
ats for a list of available formats
ERROR: [youtube] g85WsxE1gAU: Requested format is not available. Use --list-form
ats for a list of available formats
ERROR: [youtube] o1p2Uu5hgjA: Requested format is not available. Use --list-form
ats for a list of available formats
ERROR: [youtube] Lp7E973zozc: Requested format is not available. Use --list-form
ats for a list of available formats
ERROR: [youtube] aISXCw0Pi94: Requested format is not available. Use --list-form
ats for a list of available formats
ERROR: [youtube] yUbOYyn7ngY: Requested format is not available. Use --list-form
ats for a list of available formats
ERROR: [youtube] rah4OquKex8: Requested format is not available. Use --list-form
ats for a list of available formats
ERROR: [youtube] G4Gp0hc0TMA: Requested format is not available. Use --list-form
ats for a list of available formats
ERROR: [youtube] bhQnooudZcs: Requested format is not available. Use --list-form
ats for a list of available formats
ERROR: [youtube] Ge7c7otG2mk: Requested format is not available. Use --list-form
ats for a list of available formats
ERROR: [youtube] -6RbtPjiwPQ: Requested format is not available. Use --list-form
ats for a list of available formats
ERROR: [youtube] 52DSZMx15A0: Requested format is not available. Use --list-form
ats for a list of available formats
ERROR: [youtube] 83mvpcLhNLA: Requested format is not available. Use --list-form
ats for a list of available formats
ERROR: [youtube] t-ULWDQ2t8c: Requested format is not available. Use --list-form
ats for a list of available formats
ERROR: [youtube] C2p42GASnUo: Requested format is not available. Use --list-form
ats for a list of available formats
ERROR: [youtube] RKK7wGAYP6k: Requested format is not available. Use --list-form
ats for a list of available formats
Finished Spanish: Successfully downloaded 0 talks with verified transcripts.
----------------------------------------
Starting batch for: French
Folder: French Talks
Searching for 50 potential French talks...
ERROR: [youtube] 2E_Kx-MBlEA: Requested format is not available. Use --list-form
ats for a list of available formats
ERROR: [youtube] 0Ac3e_Z5knA: Requested format is not available. Use --list-form
ats for a list of available formats
ERROR: [youtube] XR7KRJ9ExZU: Requested format is not available. Use --list-form
ats for a list of available formats
ERROR: [youtube] 5YO7Vg1ByA8: Requested format is not available. Use --list-form
ats for a list of available formats
ERROR: [youtube] Cpa1i82J23s: Requested format is not available. Use --list-form
ats for a list of available formats
ERROR: [youtube] 5ovh-Ux_zRs: Requested format is not available. Use --list-form
ats for a list of available formats
ERROR: [youtube] 8S8mie3bwtw: Requested format is not available. Use --list-form
ats for a list of available formats
ERROR: [youtube] PcGDIyJY0fA: Requested format is not available. Use --list-form
ats for a list of available formats
ERROR: [youtube] 9tnssy9ZtBI: Requested format is not available. Use --list-form
ats for a list of available formats
ERROR: [youtube] o_XVt5rdpFY: Requested format is not available. Use --list-form
ats for a list of available formats
ERROR: [youtube] p1y8Yv0XOhs: Requested format is not available. Use --list-form
ats for a list of available formats
ERROR: [youtube] Nxpl7judCwY: Requested format is not available. Use --list-form
ats for a list of available formats
ERROR: [youtube] sphZS8JVwNc: Requested format is not available. Use --list-form
ats for a list of available formats
ERROR: [youtube] iqk-loJ9pac: Requested format is not available. Use --list-form
ats for a list of available formats
ERROR: [youtube] tKIYGevgAxA: Requested format is not available. Use --list-form
ats for a list of available formats
ERROR: [youtube] d0yGdNEWdn0: Requested format is not available. Use --list-form
ats for a list of available formats
ERROR: [youtube] vdImQveEI0c: Requested format is not available. Use --list-form
ats for a list of available formats
ERROR: [youtube] W89EGWWCEo8: Requested format is not available. Use --list-form
ats for a list of available formats
ERROR: [youtube] rcxiQUGHz5Y: Requested format is not available. Use --list-form
ats for a list of available formats
ERROR: [youtube] zjEfmB0DV0k: Requested format is not available. Use --list-form
ats for a list of available formats
ERROR: [youtube] wiRhY8TU9qQ: Requested format is not available. Use --list-form
ats for a list of available formats
ERROR: [youtube] vvdHMp2Wu44: Requested format is not available. Use --list-form
ats for a list of available formats
ERROR: [youtube] dT0iQM9ZYAA: Requested format is not available. Use --list-form
ats for a list of available formats
ERROR: [youtube] LYjzHayRaes: Requested format is not available. Use --list-form
ats for a list of available formats
ERROR: [youtube] MY5SatbZMAo: Requested format is not available. Use --list-form
ats for a list of available formats
ERROR: [youtube] 8URmHuJkkoM: Requested format is not available. Use --list-form
ats for a list of available formats
ERROR: [youtube] 3-FiqgVzXqY: Requested format is not available. Use --list-form
ats for a list of available formats
ERROR: [youtube] mgNgQ2srA1I: Requested format is not available. Use --list-form
ats for a list of available formats
ERROR: [youtube] phwihXR3VSM: Requested format is not available. Use --list-form
ats for a list of available formats
