IP A:
 1: lo: <LOOPBACK,UP,LOWER_UP> mtu 65536 qdisc noqueue state UNKNOWN group defau
lt qlen 1000
    link/loopback 00:00:00:00:00:00 brd 00:00:00:00:00:00
    inet 127.0.0.1/8 scope host lo
       valid_lft forever preferred_lft forever
    inet6 ::1/128 scope host noprefixroute
       valid_lft forever preferred_lft forever
2: eth0@if24: <BROADCAST,MULTICAST> mtu 1500 qdisc noop state DOWN group default
 qlen 1000
    link/ether bc:24:11:37:a7:4c brd ff:ff:ff:ff:ff:ff link-netnsid 0
ROUTE:

SYSTEMD-NETWORKD:
 × systemd-networkd.service - Network Configuration
     Loaded: loaded (/usr/lib/systemd/system/systemd-networkd.service; enabled;
preset: enabled)
     Active: failed (Result: exit-code) since Thu 2026-08-06 18:05:23 UTC; 54s a
go
TriggeredBy: × systemd-networkd.socket
       Docs: man:systemd-networkd.service(8)
             man:org.freedesktop.network1(5)
    Process: 160 ExecStart=/usr/lib/systemd/systemd-networkd (code=exited, statu
s=226/NAMESPACE)
   Main PID: 160 (code=exited, status=226/NAMESPACE)
   FD Store: 0 (limit: 512)
        CPU: 16ms

Aug 06 18:05:23 model-downloader systemd[1]: systemd-networkd.service: Scheduled
 restart job, restart counter is at 5.
Aug 06 18:05:23 model-downloader systemd[1]: systemd-networkd.service: Start req
uest repeated too quickly.
Aug 06 18:05:23 model-downloader systemd[1]: systemd-networkd.service: Failed wi
th result 'exit-code'.
Aug 06 18:05:23 model-downloader systemd[1]: Failed to start systemd-networkd.se
rvice - Network Configuration.
