--- Fixing DNS and Retrying Installation ---
Running: pct set 107 --nameserver 8.8.8.8
Running: pct exec 107 -- systemctl restart systemd-resolved || true
Running: pct exec 107 -- systemctl restart systemd-networkd || true
Running: pct exec 107 -- ping -c 1 archive.ubuntu.com
ERR:
ping: archive.ubuntu.com: Temporary failure in name resolution
Running: pct exec 107 -- bash -c "echo 'nameserver 8.8.8.8' > /etc/resolv.conf"
Running: pct exec 107 -- apt update
OUT:
Get:1 http://archive.ubuntu.com/ubuntu noble InRelease [256 kB]
Get:2 http://archive.ubuntu.com/ubuntu noble-updates InRelease [126 kB]
Get:3 http://archive.ubuntu.com/ubuntu noble-security InRelease [126 kB]
Get:4 http://archive.ubuntu.com/ubuntu noble/main Translation-en [513 kB]
Get:5 http://archive.ubuntu.com/ubuntu noble/main amd64 c-n-f Metadata [30.5 kB]
Get:6 http://archive.ubuntu.com/ubuntu noble/restricted Translation-en [18.7 kB]
Get:7 http://archive.ubuntu.com/ubuntu noble/restricted amd64 c-n-f Metadata [41
6 B]
Get:8 http://archive.ubuntu.com/ubuntu noble/universe Translation-en [5982 kB]
Get:9 http://archive.ubuntu.com/ubuntu noble/universe amd64 c-n-f Metadata [301
kB]
Get:10 http://archive.ubuntu.com/ubuntu noble/multiverse Translation-en [118 kB]
Get:11 http://archive.ubuntu.com/ubuntu noble/multiverse amd64 c-n-f Metadata [8
328 B]
Get:12 http://archive.ubuntu.com/ubuntu noble-updates/main amd64 Packages [1184
kB]
Get:13 http://archive.ubuntu.com/ubuntu noble-updates/main Translation-en [281 k
B]
Get:14 http://archive.ubuntu.com/ubuntu noble-updates/main amd64 c-n-f Metadata
[17.7 kB]
Get:15 http://archive.ubuntu.com/ubuntu noble-updates/restricted amd64 Packages
[1414 kB]
Get:16 http://archive.ubuntu.com/ubuntu noble-updates/restricted Translation-en
[320 kB]
Get:17 http://archive.ubuntu.com/ubuntu noble-updates/restricted amd64 c-n-f Met
adata [456 B]
Get:18 http://archive.ubuntu.com/ubuntu noble-updates/universe amd64 Packages [1
682 kB]
Get:19 http://archive.ubuntu.com/ubuntu noble-updates/universe Translation-en [3
35 kB]
Get:20 http://archive.ubuntu.com/ubuntu noble-updates/universe amd64 c-n-f Metad
ata [34.9 kB]
Get:21 http://archive.ubuntu.com/ubuntu noble-updates/multiverse amd64 Packages
[45.4 kB]
Get:22 http://archive.ubuntu.com/ubuntu noble-updates/multiverse Translation-en
[12.3 kB]
Get:23 http://archive.ubuntu.com/ubuntu noble-updates/multiverse amd64 c-n-f Met
adata [656 B]
Get:24 http://archive.ubuntu.com/ubuntu noble-security/main amd64 Packages [927
kB]
Get:25 http://archive.ubuntu.com/ubuntu noble-security/main Translation-en [201
kB]
Get:26 http://archive.ubuntu.com/ubuntu noble-security/main amd64 c-n-f Metadata
 [11.9 kB]
Get:27 http://archive.ubuntu.com/ubuntu noble-security/restricted amd64 Packages
 [1320 kB]
Get:28 http://archive.ubuntu.com/ubuntu noble-security/restricted Translation-en
 [302 kB]
Get:29 http://archive.ubuntu.com/ubuntu noble-security/restricted amd64 c-n-f Me
tadata [444 B]
Get:30 http://archive.ubuntu.com/ubuntu noble-security/universe amd64 Packages [
1199 kB]
Get:31 http://archive.ubuntu.com/ubuntu noble-security/universe Translation-en [
239 kB]
Get:32 http://archive.ubuntu.com/ubuntu noble-security/universe amd64 c-n-f Meta
data [24.2 kB]
Get:33 http://archive.ubuntu.com/ubuntu noble-security/multiverse amd64 Packages
 [40.3 kB]
Get:34 http://archive.ubuntu.com/ubuntu noble-security/multiverse Translation-en
 [10.6 kB]
Get:35 http://archive.ubuntu.com/ubuntu noble-security/multiverse amd64 c-n-f Me
tadata [468 B]
Fetched 17.1 MB in 7s (2311 kB/s)
Reading package lists...
Building dependency tree...
185 packages can be upgraded. Run 'apt list --upgradable' to see them.

ERR:

WARNING: apt does not have a stable CLI interface. Use with caution in scripts.


Running: pct exec 107 -- apt install -y python3 python3-venv python3-pip git wge
t
OUT:
Reading package lists...
Building dependency tree...
The following additional packages will be installed:
  binutils binutils-common binutils-x86-64-linux-gnu build-essential bzip2 cpp
  cpp-13 cpp-13-x86-64-linux-gnu cpp-x86-64-linux-gnu dirmngr dpkg dpkg-dev
  fakeroot fontconfig-config fonts-dejavu-core fonts-dejavu-mono g++ g++-13
  g++-13-x86-64-linux-gnu g++-x86-64-linux-gnu gcc gcc-13 gcc-13-base
  gcc-13-x86-64-linux-gnu gcc-14-base gcc-x86-64-linux-gnu git-man gnupg
  gnupg-l10n gnupg-utils gpg gpg-agent gpg-wks-client gpgconf gpgsm gpgv
  javascript-common keyboxd libalgorithm-diff-perl libalgorithm-diff-xs-perl
  libalgorithm-merge-perl libaom3 libasan8 libatomic1 libbinutils libbrotli1
  libbz2-1.0 libc-bin libc-dev-bin libc-devtools libc6 libc6-dev libcc1-0
  libcrypt-dev libctf-nobfd0 libctf0 libcurl3t64-gnutls libdeflate0
  libdpkg-perl liberror-perl libexpat1 libexpat1-dev libfakeroot
  libfile-fcntllock-perl libfontconfig1 libfreetype6 libgcc-13-dev libgcc-s1
  libgd3 libgdbm-compat4t64 libgomp1 libgprofng0 libheif-plugin-aomdec
  libheif-plugin-aomenc libheif1 libhwasan0 libisl23 libitm1 libjbig0
  libjpeg-turbo8 libjpeg8 libjs-jquery libjs-sphinxdoc libjs-underscore
  libksba8 libldap-common libldap2 liblerc4 liblsan0 libmpc3 libmpfr6
  libperl5.38t64 libpython3-dev libpython3-stdlib libpython3.12-dev
  libpython3.12-minimal libpython3.12-stdlib libpython3.12t64 libquadmath0
  librtmp1 libsframe1 libsharpyuv0 libssh-4 libstdc++-13-dev libstdc++6
  libtiff6 libtsan2 libubsan1 libwebp7 libxpm4 linux-libc-dev locales
  lto-disabled-list make manpages-dev patch perl perl-base perl-modules-5.38
  pinentry-curses python3-dev python3-minimal python3-pip-whl
  python3-pkg-resources python3-setuptools python3-setuptools-whl
  python3-wheel python3.12 python3.12-dev python3.12-minimal python3.12-venv
  rpcsvc-proto zlib1g zlib1g-dev
Suggested packages:
  binutils-doc gprofng-gui bzip2-doc cpp-doc gcc-13-locales cpp-13-doc
  pinentry-gnome3 tor debsig-verify debian-keyring g++-multilib
  g++-13-multilib gcc-13-doc gcc-multilib autoconf automake libtool flex bison
  gdb gcc-doc gcc-13-multilib gdb-x86-64-linux-gnu git-daemon-run
  | git-daemon-sysvinit git-doc git-email git-gui gitk gitweb git-cvs
  git-mediawiki git-svn parcimonie xloadimage gpg-wks-server scdaemon apache2
  | lighttpd | httpd glibc-doc libnss-nis libnss-nisplus bzr libgd-tools
  libheif-plugin-libde265 libheif-plugin-x265 libheif-plugin-ffmpegdec
  libheif-plugin-jpegdec libheif-plugin-jpegenc libheif-plugin-j2kdec
  libheif-plugin-j2kenc libheif-plugin-rav1e libheif-plugin-svtenc
  libstdc++-13-doc make-doc diffutils-doc perl-doc libterm-readline-gnu-perl
  | libterm-readline-perl-perl libtap-harness-archive-perl pinentry-doc
  python3-doc python3-tk python-setuptools-doc python3.12-doc binfmt-support
The following NEW packages will be installed:
  binutils binutils-common binutils-x86-64-linux-gnu build-essential bzip2 cpp
  cpp-13 cpp-13-x86-64-linux-gnu cpp-x86-64-linux-gnu dirmngr dpkg-dev
  fakeroot fontconfig-config fonts-dejavu-core fonts-dejavu-mono g++ g++-13
  g++-13-x86-64-linux-gnu g++-x86-64-linux-gnu gcc gcc-13 gcc-13-base
  gcc-13-x86-64-linux-gnu gcc-x86-64-linux-gnu git git-man gnupg gnupg-l10n
  gnupg-utils gpg gpg-agent gpg-wks-client gpgconf gpgsm javascript-common
  keyboxd libalgorithm-diff-perl libalgorithm-diff-xs-perl
  libalgorithm-merge-perl libaom3 libasan8 libatomic1 libbinutils libbrotli1
  libc-dev-bin libc-devtools libc6-dev libcc1-0 libcrypt-dev libctf-nobfd0
  libctf0 libcurl3t64-gnutls libdeflate0 libdpkg-perl liberror-perl
  libexpat1-dev libfakeroot libfile-fcntllock-perl libfontconfig1 libfreetype6
  libgcc-13-dev libgd3 libgdbm-compat4t64 libgomp1 libgprofng0
  libheif-plugin-aomdec libheif-plugin-aomenc libheif1 libhwasan0 libisl23
  libitm1 libjbig0 libjpeg-turbo8 libjpeg8 libjs-jquery libjs-sphinxdoc
  libjs-underscore libksba8 libldap-common libldap2 liblerc4 liblsan0 libmpc3
  libmpfr6 libperl5.38t64 libpython3-dev libpython3.12-dev libp
  libmpfr6 libperl5.38t64 libpython3-dev libpython3.12-dev libpython3.12t64
  libquadmath0 librtmp1 libsframe1 libsharpyuv0 libssh-4 libstdc++-13-dev
  libtiff6 libtsan2 libubsan1 libwebp7 libxpm4 linux-libc-dev
  lto-disabled-list make manpages-dev patch perl perl-modules-5.38
  pinentry-curses python3-dev python3-pip python3-pip-whl python3-setuptools
  python3-setuptools-whl python3-venv python3-wheel python3.12-dev
  python3.12-venv rpcsvc-proto zlib1g-dev
The following packages will be upgraded:
  dpkg gcc-14-base gpgv libbz2-1.0 libc-bin libc6 libexpat1 libgcc-s1
  libpython3-stdlib libpython3.12-minimal libpython3.12-stdlib libstdc++6
  locales perl-base python3 python3-minimal python3-pkg-resources python3.12
  python3.12-minimal wget zlib1g
21 upgraded, 118 newly installed, 0 to remove and 164 not upgraded.
Need to get 128 MB of archives.
After this operation, 409 MB of additional disk space will be used.
Get:1 http://archive.ubuntu.com/ubuntu noble-updates/main amd64 dpkg amd64 1.22.
6ubuntu6.6 [1282 kB]
Get:2 http://archive.ubuntu.com/ubuntu noble-updates/main amd64 perl-base amd64
5.38.2-3.2ubuntu0.3 [1827 kB]
Get:3 http://archive.ubuntu.com/ubuntu noble-updates/main amd64 gcc-14-base amd6
4 14.2.0-4ubuntu2~24.04.1 [51.0 kB]
Get:4 http://archive.ubuntu.com/ubuntu noble-updates/main amd64 libgcc-s1 amd64
14.2.0-4ubuntu2~24.04.1 [78.4 kB]
Get:5 http://archive.ubuntu.com/ubuntu noble-updates/main amd64 libstdc++6 amd64
 14.2.0-4ubuntu2~24.04.1 [792 kB]
Get:6 http://archive.ubuntu.com/ubuntu noble-updates/main amd64 libc6 amd64 2.39
-0ubuntu8.8 [3262 kB]
Get:7 http://archive.ubuntu.com/ubuntu noble-updates/main amd64 libc-bin amd64 2
.39-0ubuntu8.8 [682 kB]
Get:8 http://archive.ubuntu.com/ubuntu noble-updates/main amd64 python3-minimal
amd64 3.12.3-0ubuntu2.1 [27.4 kB]
Get:9 http://archive.ubuntu.com/ubuntu noble-updates/main amd64 python3 amd64 3.
12.3-0ubuntu2.1 [23.0 kB]
Get:10 http://archive.ubuntu.com/ubuntu noble-updates/main amd64 libbz2-1.0 amd6
4 1.0.8-5.1build0.1 [34.4 kB]
Get:11 http://archive.ubuntu.com/ubuntu noble-updates/main amd64 python3.12 amd6
4 3.12.3-1ubuntu0.15 [651 kB]
Get:12 http://archive.ubuntu.com/ubuntu noble-updates/main amd64 libpython3.12-s
tdlib amd64 3.12.3-1ubuntu0.15 [2071 kB]
Get:13 http://archive.ubuntu.com/ubuntu noble-updates/main amd64 python3.12-mini
mal amd64 3.12.3-1ubuntu0.15 [2334 kB]
Get:14 http://archive.ubuntu.com/ubuntu noble-updates/main amd64 libpython3.12-m
inimal amd64 3.12.3-1ubuntu0.15 [839 kB]
Get:15 http://archive.ubuntu.com/ubuntu noble-updates/main amd64 libexpat1 amd64
 2.6.1-2ubuntu0.4 [88.2 kB]
Get:16 http://archive.ubuntu.com/ubuntu noble-updates/main amd64 zlib1g amd64 1:
1.3.dfsg-3.1ubuntu2.1 [62.9 kB]
Get:17 http://archive.ubuntu.com/ubuntu noble-updates/main amd64 libpython3-stdl
ib amd64 3.12.3-0ubuntu2.1 [10.1 kB]
Get:18 http://archive.ubuntu.com/ubuntu noble-updates/main amd64 perl-modules-5.
38 all 5.38.2-3.2ubuntu0.3 [3110 kB]
Get:19 http://archive.ubuntu.com/ubuntu noble/main amd64 libgdbm-compat4t64 amd6
4 1.23-5.1build1 [6710 B]
Get:20 http://archive.ubuntu.com/ubuntu noble-updates/main amd64 libperl5.38t64
amd64 5.38.2-3.2ubuntu0.3 [4876 kB]
Get:21 http://archive.ubuntu.com/ubuntu noble-updates/main amd64 perl amd64 5.38
.2-3.2ubuntu0.3 [231 kB]
Get:22 http://archive.ubuntu.com/ubuntu noble-updates/main amd64 gpgv amd64 2.4.
4-2ubuntu17.4 [158 kB]
Get:23 http://archive.ubuntu.com/ubuntu noble-updates/main amd64 locales all 2.3
9-0ubuntu8.8 [4231 kB]
Get:24 http://archive.ubuntu.com/ubuntu noble-updates/main amd64 python3-pkg-res
ources all 68.1.2-2ubuntu1.2 [168 kB]
Get:25 http://archive.ubuntu.com/ubuntu noble-updates/main amd64 wget amd64 1.21
.4-1ubuntu4.4 [334 kB]
Get:26 http://archive.ubuntu.com/ubuntu noble-updates/main amd64 binutils-common
 amd64 2.42-4ubuntu2.10 [240 kB]
Get:27 http://archive.ubuntu.com/ubuntu noble-updates/main amd64 libsframe1 amd6
4 2.42-4ubuntu2.10 [15.7 kB]
Get:28 http://archive.ubuntu.com/ubuntu noble-updates/main amd64 libbinutils amd
64 2.42-4ubuntu2.10 [577 kB]
Get:29 http://archive.ubuntu.com/ubuntu noble-updates/main amd64 libctf-nobfd0 a
md64 2
md64 2.42-4ubuntu2.10 [98.0 kB]
Get:30 http://archive.ubuntu.com/ubuntu noble-updates/main amd64 libctf0 amd64 2
.42-4ubuntu2.10 [94.5 kB]
Get:31 http://archive.ubuntu.com/ubuntu noble-updates/main amd64 libgprofng0 amd
64 2.42-4ubuntu2.10 [849 kB]
Get:32 http://archive.ubuntu.com/ubuntu noble-updates/main amd64 binutils-x86-64
-linux-gnu amd64 2.42-4ubuntu2.10 [2463 kB]
Get:33 http://archive.ubuntu.com/ubuntu noble-updates/main amd64 binutils amd64
2.42-4ubuntu2.10 [18.2 kB]
Get:34 http://archive.ubuntu.com/ubuntu noble-updates/main amd64 libc-dev-bin am
d64 2.39-0ubuntu8.8 [20.4 kB]
Get:35 http://archive.ubuntu.com/ubuntu noble-updates/main amd64 linux-libc-dev
amd64 6.8.0-137.137 [1522 kB]
Get:36 http://archive.ubuntu.com/ubuntu noble/main amd64 libcrypt-dev amd64 1:4.
4.36-4build1 [112 kB]
Get:37 http://archive.ubuntu.com/ubuntu noble/main amd64 rpcsvc-proto amd64 1.4.
2-0ubuntu7 [67.4 kB]
Get:38 http://archive.ubuntu.com/ubuntu noble-updates/main amd64 libc6-dev amd64
 2.39-0ubuntu8.8 [2125 kB]
Get:39 http://archive.ubuntu.com/ubuntu noble-updates/main amd64 gcc-13-base amd
64 13.3.0-6ubuntu2~24.04.1 [51.6 kB]
Get:40 http://archive.ubuntu.com/ubuntu noble-updates/main amd64 libisl23 amd64
0.26-3build1.1 [680 kB]
Get:41 http://archive.ubuntu.com/ubuntu noble-updates/main amd64 libmpfr6 amd64
4.2.1-1build1.1 [353 kB]
Get:42 http://archive.ubuntu.com/ubuntu noble-updates/main amd64 libmpc3 amd64 1
.3.1-1build1.1 [54.6 kB]
Get:43 http://archive.ubuntu.com/ubuntu noble-updates/main amd64 cpp-13-x86-64-l
inux-gnu amd64 13.3.0-6ubuntu2~24.04.1 [10.7 MB]
Get:44 http://archive.ubuntu.com/ubuntu noble-updates/main amd64 cpp-13 amd64 13
.3.0-6ubuntu2~24.04.1 [1042 B]
Get:45 http://archive.ubuntu.com/ubuntu noble/main amd64 cpp-x86-64-linux-gnu am
d64 4:13.2.0-7ubuntu1 [5326 B]
Get:46 http://archive.ubuntu.com/ubuntu noble/main amd64 cpp amd64 4:13.2.0-7ubu
ntu1 [22.4 kB]
Get:47 http://archive.ubuntu.com/ubuntu noble-updates/main amd64 libcc1-0 amd64
14.2.0-4ubuntu2~24.04.1 [48.0 kB]
Get:48 http://archive.ubuntu.com/ubuntu noble-updates/main amd64 libgomp1 amd64
14.2.0-4ubuntu2~24.04.1 [148 kB]
Get:49 http://archive.ubuntu.com/ubuntu noble-updates/main amd64 libitm1 amd64 1
4.2.0-4ubuntu2~24.04.1 [29.7 kB]
Get:50 http://archive.ubuntu.com/ubuntu noble-updates/main amd64 libatomic1 amd6
4 14.2.0-4ubuntu2~24.04.1 [10.5 kB]
Get:51 http://archive.ubuntu.com/ubuntu noble-updates/main amd64 libasan8 amd64
14.2.0-4ubuntu2~24.04.1 [3027 kB]
Get:52 http://archive.ubuntu.com/ubuntu noble-updates/main amd64 liblsan0 amd64
14.2.0-4ubuntu2~24.04.1 [1322 kB]
Get:53 http://archive.ubuntu.com/ubuntu noble-updates/main amd64 libtsan2 amd64
14.2.0-4ubuntu2~24.04.1 [2772 kB]
Get:54 http://archive.ubuntu.com/ubuntu noble-updates/main amd64 libubsan1 amd64
 14.2.0-4ubuntu2~24.04.1 [1184 kB]
Get:55 http://archive.ubuntu.com/ubuntu noble-updates/main amd64 libhwasan0 amd6
4 14.2.0-4ubuntu2~24.04.1 [1641 kB]
Get:56 http://archive.ubuntu.com/ubuntu noble-updates/main amd64 libquadmath0 am
d64 14.2.0-4ubuntu2~24.04.1 [153 kB]
Get:57 http://archive.ubuntu.com/ubuntu noble-updates/main amd64 libgcc-13-dev a
md64 13.3.0-6ubuntu2~24.04.1 [2681 kB]
Get:58 http://archive.ubuntu.com/ubuntu noble-updates/main amd64 gcc-13-x86-64-l
inux-gnu amd64 13.3.0-6ubuntu2~24.04.1 [21.1 MB]
Get:59 http://archive.ubuntu.com/ubuntu noble-updates/main amd64 gcc-13 amd64 13
.3.0-6ubuntu2~24.04.1 [494 kB]
Get:60 http://archive.ubuntu.com/ubuntu noble/main amd64 gcc-x86-64-linux-gnu am
d64 4:13.2.0-7ubuntu1 [1212 B]
Get:61 http://archive.ubuntu.com/ubuntu noble/main amd64 gcc amd64 4:13.2.0-7ubu
ntu1 [5018 B]
Get:62 http://archive.ubuntu.com/ubuntu noble-updates/main amd64 libstdc++-13-de
v amd64 13.3.0-6ubuntu2~24.04.1 [2420 kB]
Get:63 http://archive.ubuntu.com/ubuntu noble-updates/main amd64 g++-13-x86-64-l
inux-gnu amd64 13.3.0-6ubuntu2~24.04.1 [12.2 MB]
Get:64 http://archive.ubuntu.com/ubuntu noble-updates/main amd64 g++-13 amd64 13
.3.0-6ubuntu2~24.04.1 [16.0 kB]
Get:65 http://archive.ubuntu.com/ubuntu noble/main amd64 g++-x86-64-linux-gnu am
d64 4:13.2.0-7ubuntu1 [964
d64 4:13.2.0-7ubuntu1 [964 B]
Get:66 http://archive.ubuntu.com/ubuntu noble/main amd64 g++ amd64 4:13.2.0-7ubu
ntu1 [1100 B]
Get:67 http://archive.ubuntu.com/ubuntu noble/main amd64 make amd64 4.3-4.1build
2 [180 kB]
Get:68 http://archive.ubuntu.com/ubuntu noble-updates/main amd64 libdpkg-perl al
l 1.22.6ubuntu6.6 [268 kB]
Get:69 http://archive.ubuntu.com/ubuntu noble-updates/main amd64 bzip2 amd64 1.0
.8-5.1build0.1 [34.5 kB]
Get:70 http://archive.ubuntu.com/ubuntu noble/main amd64 patch amd64 2.7.6-7buil
d3 [104 kB]
Get:71 http://archive.ubuntu.com/ubuntu noble/main amd64 lto-disabled-list all 4
7 [12.4 kB]
Get:72 http://archive.ubuntu.com/ubuntu noble-updates/main amd64 dpkg-dev all 1.
22.6ubuntu6.6 [1074 kB]
Get:73 http://archive.ubuntu.com/ubuntu noble/main amd64 build-essential amd64 1
2.10ubuntu1 [4928 B]
Get:74 http://archive.ubuntu.com/ubuntu noble-updates/main amd64 gpgconf amd64 2
.4.4-2ubuntu17.4 [104 kB]
Get:75 http://archive.ubuntu.com/ubuntu noble/main amd64 libksba8 amd64 1.6.6-1b
uild1 [122 kB]
Get:76 http://archive.ubuntu.com/ubuntu noble-updates/main amd64 libldap2 amd64
2.6.10+dfsg-0ubuntu0.24.04.1 [198 kB]
Get:77 http://archive.ubuntu.com/ubuntu noble-updates/main amd64 dirmngr amd64 2
.4.4-2ubuntu17.4 [323 kB]
Get:78 http://archive.ubuntu.com/ubuntu noble/main amd64 libfakeroot amd64 1.33-
1 [32.4 kB]
Get:79 http://archive.ubuntu.com/ubuntu noble/main amd64 fakeroot amd64 1.33-1 [
67.2 kB]
Get:80 http://archive.ubuntu.com/ubuntu noble/main amd64 fonts-dejavu-mono all 2
.37-8 [502 kB]
Get:81 http://archive.ubuntu.com/ubuntu noble/main amd64 fonts-dejavu-core all 2
.37-8 [835 kB]
Get:82 http://archive.ubuntu.com/ubuntu noble/main amd64 fontconfig-config amd64
 2.15.0-1.1ubuntu2 [37.3 kB]
Get:83 http://archive.ubuntu.com/ubuntu noble/main amd64 libbrotli1 amd64 1.1.0-
2build2 [331 kB]
Get:84 http://archive.ubuntu.com/ubuntu noble/main amd64 librtmp1 amd64 2.4+2015
1223.gitfa8646d.1-2build7 [56.3 kB]
Get:85 http://archive.ubuntu.com/ubuntu noble-updates/main amd64 libssh-4 amd64
0.10.6-2ubuntu0.4 [190 kB]
Get:86 http://archive.ubuntu.com/ubuntu noble-updates/main amd64 libcurl3t64-gnu
tls amd64 8.5.0-2ubuntu10.11 [334 kB]
Get:87 http://archive.ubuntu.com/ubuntu noble/main amd64 liberror-perl all 0.170
29-2 [25.6 kB]
Get:88 http://archive.ubuntu.com/ubuntu noble-updates/main amd64 git-man all 1:2
.43.0-1ubuntu7.3 [1100 kB]
Get:89 http://archive.ubuntu.com/ubuntu noble-updates/main amd64 git amd64 1:2.4
3.0-1ubuntu7.3 [3680 kB]
Get:90 http://archive.ubuntu.com/ubuntu noble-updates/main amd64 gnupg-utils amd
64 2.4.4-2ubuntu17.4 [109 kB]
Get:91 http://archive.ubuntu.com/ubuntu noble-updates/main amd64 gpg amd64 2.4.4
-2ubuntu17.4 [565 kB]
Get:92 http://archive.ubuntu.com/ubuntu noble/main amd64 pinentry-curses amd64 1
.2.1-3ubuntu5 [35.2 kB]
Get:93 http://archive.ubuntu.com/ubuntu noble-updates/main amd64 gpg-agent amd64
 2.4.4-2ubuntu17.4 [227 kB]
Get:94 http://archive.ubuntu.com/ubuntu noble-updates/main amd64 gpgsm amd64 2.4
.4-2ubuntu17.4 [232 kB]
Get:95 http://archive.ubuntu.com/ubuntu noble-updates/main amd64 keyboxd amd64 2
.4.4-2ubuntu17.4 [78.3 kB]
Get:96 http://archive.ubuntu.com/ubuntu noble-updates/main amd64 gnupg all 2.4.4
-2ubuntu17.4 [359 kB]
Get:97 http://archive.ubuntu.com/ubuntu noble-updates/main amd64 gnupg-l10n all
2.4.4-2ubuntu17.4 [66.4 kB]
Get:98 http://archive.ubuntu.com/ubuntu noble-updates/main amd64 gpg-wks-client
amd64 2.4.4-2ubuntu17.4 [70.8 kB]
Get:99 http://archive.ubuntu.com/ubuntu noble/main amd64 javascript-common all 1
1+nmu1 [5936 B]
Get:100 http://archive.ubuntu.com/ubuntu noble/main amd64 libalgorithm-diff-perl
 all 1.201-1 [41.8 kB]
Get:101 http://archive.ubuntu.com/ubuntu noble/main amd64 libalgorithm-diff-xs-p
erl amd64 0.04-8build3 [11.2 kB]
Get:102 http://archive.ubuntu.com/ubuntu noble/main amd64 libalgorithm-merge-per
l all 0.08-5 [11.4 kB]
Get:103 http://archive.ubuntu.com/ubuntu noble-updates/main amd64 libaom3 amd64
3.8.2-2ubuntu0.1 [1941 kB]
Get:104 http://archive.ubuntu.com/ubuntu noble-updates/main amd64 libfreetype6 a
md64 2.13.2+dfsg-1ubuntu0.1 [402 kB]
Get:105 http://arc
Get:105 http://archive.ubuntu.com/ubuntu noble/main amd64 libfontconfig1 amd64 2
.15.0-1.1ubuntu2 [139 kB]
Get:106 http://archive.ubuntu.com/ubuntu noble/main amd64 libsharpyuv0 amd64 1.3
.2-0.4build3 [15.8 kB]
Get:107 http://archive.ubuntu.com/ubuntu noble-updates/main amd64 libheif-plugin
-aomdec amd64 1.17.6-1ubuntu4.6 [11.3 kB]
Get:108 http://archive.ubuntu.com/ubuntu noble-updates/main amd64 libheif1 amd64
 1.17.6-1ubuntu4.6 [276 kB]
Get:109 http://archive.ubuntu.com/ubuntu noble/main amd64 libjpeg-turbo8 amd64 2
.1.5-2ubuntu2 [150 kB]
Get:110 http://archive.ubuntu.com/ubuntu noble/main amd64 libjpeg8 amd64 8c-2ubu
ntu11 [2148 B]
Get:111 http://archive.ubuntu.com/ubuntu noble-updates/main amd64 libdeflate0 am
d64 1.19-1build1.1 [43.9 kB]
Get:112 http://archive.ubuntu.com/ubuntu noble/main amd64 libjbig0 amd64 2.1-6.1
ubuntu2 [29.7 kB]
Get:113 http://archive.ubuntu.com/ubuntu noble/main amd64 liblerc4 amd64 4.0.0+d
s-4ubuntu2 [179 kB]
Get:114 http://archive.ubuntu.com/ubuntu noble/main amd64 libwebp7 amd64 1.3.2-0
.4build3 [230 kB]
Get:115 http://archive.ubuntu.com/ubuntu noble-updates/main amd64 libtiff6 amd64
 4.5.1+git230720-4ubuntu2.5 [200 kB]
Get:116 http://archive.ubuntu.com/ubuntu noble-updates/main amd64 libxpm4 amd64
1:3.5.17-1ubuntu0.24.04.1 [36.7 kB]
Get:117 http://archive.ubuntu.com/ubuntu noble/main amd64 libgd3 amd64 2.3.3-9ub
untu5 [128 kB]
Get:118 http://archive.ubuntu.com/ubuntu noble-updates/main amd64 libc-devtools
amd64 2.39-0ubuntu8.8 [29.3 kB]
Get:119 http://archive.ubuntu.com/ubuntu noble-updates/main amd64 libexpat1-dev
amd64 2.6.1-2ubuntu0.4 [140 kB]
Get:120 http://archive.ubuntu.com/ubuntu noble/main amd64 libfile-fcntllock-perl
 amd64 0.22-4ubuntu5 [30.7 kB]
Get:121 http://archive.ubuntu.com/ubuntu noble-updates/main amd64 libheif-plugin
-aomenc amd64 1.17.6-1ubuntu4.6 [14.7 kB]
Get:122 http://archive.ubuntu.com/ubuntu noble/main amd64 libjs-jquery all 3.6.1
+dfsg+~3.5.14-1 [328 kB]
Get:123 http://archive.ubuntu.com/ubuntu noble/main amd64 libjs-underscore all 1
.13.4~dfsg+~1.11.4-3 [118 kB]
Get:124 http://archive.ubuntu.com/ubuntu noble/main amd64 libjs-sphinxdoc all 7.
2.6-6 [149 kB]
Get:125 http://archive.ubuntu.com/ubuntu noble-updates/main amd64 libldap-common
 all 2.6.10+dfsg-0ubuntu0.24.04.1 [32.9 kB]
Get:126 http://archive.ubuntu.com/ubuntu noble-updates/main amd64 libpython3.12t
64 amd64 3.12.3-1ubuntu0.15 [2339 kB]
Get:127 http://archive.ubuntu.com/ubuntu noble-updates/main amd64 zlib1g-dev amd
64 1:1.3.dfsg-3.1ubuntu2.1 [894 kB]
Get:128 http://archive.ubuntu.com/ubuntu noble-updates/main amd64 libpython3.12-
dev amd64 3.12.3-1ubuntu0.15 [5683 kB]
Get:129 http://archive.ubuntu.com/ubuntu noble-updates/main amd64 libpython3-dev
 amd64 3.12.3-0ubuntu2.1 [10.3 kB]
Get:130 http://archive.ubuntu.com/ubuntu noble/main amd64 manpages-dev all 6.7-2
 [2013 kB]
Get:131 http://archive.ubuntu.com/ubuntu noble-updates/main amd64 python3.12-dev
 amd64 3.12.3-1ubuntu0.15 [498 kB]
Get:132 http://archive.ubuntu.com/ubuntu noble-updates/main amd64 python3-dev am
d64 3.12.3-0ubuntu2.1 [26.7 kB]
Get:133 http://archive.ubuntu.com/ubuntu noble-updates/main amd64 python3-setupt
ools all 68.1.2-2ubuntu1.2 [397 kB]
Get:134 http://archive.ubuntu.com/ubuntu noble/universe amd64 python3-wheel all
0.42.0-2 [53.1 kB]
Get:135 http://archive.ubuntu.com/ubuntu noble-updates/universe amd64 python3-pi
p all 24.0+dfsg-1ubuntu1.3 [1320 kB]
Get:136 http://archive.ubuntu.com/ubuntu noble-updates/universe amd64 python3-pi
p-whl all 24.0+dfsg-1ubuntu1.3 [1707 kB]
Get:137 http://archive.ubuntu.com/ubuntu noble-updates/universe amd64 python3-se
tuptools-whl all 68.1.2-2ubuntu1.2 [716 kB]
Get:138 http://archive.ubuntu.com/ubuntu noble-updates/universe amd64 python3.12
-venv amd64 3.12.3-1ubuntu0.15 [5674 B]
Get:139 http://archive.ubuntu.com/ubuntu noble-updates/universe amd64 python3-ve
nv amd64 3.12.3-0ubuntu2.1 [1032 B]
Fetched 128 MB in 19s (6624 kB/s)
(Reading database ... 30%
(Reading database ... 17324 files and directories currently installed.)
Preparing to unpack .../dpkg_1.22.6ubuntu6.6_amd64.deb ...
Unpacking dpkg (1.22.6ubuntu6.6) over (1.22.6ubuntu6) ...
Setting up dpkg (1.22.6ubuntu6.6) ...
(Reading database ... 17324 files and directories currently installed.)
Preparing to unpack .../perl-base_5.38.2-3.2ubuntu0.3_amd64.deb ...
Unpacking perl-base (5.38.2-3.2ubuntu0.3) over (5.38.2-3.2build2) ...
Setting up perl-base (5.38.2-3.2ubuntu0.3) ...
(Reading database ... 17324 files and directories currently installed.)
Preparing to unpack .../gcc-14-base_14.2.0-4ubuntu2~24.04.1_amd64.deb ...
Unpacking gcc-14-base:amd64 (14.2.0-4ubuntu2~24.04.1) over (14-20240412-0ubuntu1
) ...
Setting up gcc-14-base:amd64 (14.2.0-4ubuntu2~24.04.1) ...
(Reading database ... 17324 files and directories currently installed.)
Preparing to unpack .../libgcc-s1_14.2.0-4ubuntu2~24.04.1_amd64.deb ...
Unpacking libgcc-s1:amd64 (14.2.0-4ubuntu2~24.04.1) over (14-20240412-0ubuntu1)
...
Setting up libgcc-s1:amd64 (14.2.0-4ubuntu2~24.04.1) ...
(Reading database ... 17324 files and directories currently installed.)
Preparing to unpack .../libstdc++6_14.2.0-4ubuntu2~24.04.1_amd64.deb ...
Unpacking libstdc++6:amd64 (14.2.0-4ubuntu2~24.04.1) over (14-20240412-0ubuntu1)
 ...
Setting up libstdc++6:amd64 (14.2.0-4ubuntu2~24.04.1) ...
(Reading database ... 35%
(Reading database ... 17324 files and directories currently installed.)
Preparing to unpack .../libc6_2.39-0ubuntu8.8_amd64.deb ...
locale: Cannot set LC_CTYPE to default locale: No such file or directory
locale: Cannot set LC_MESSAGES to default locale: No such file or directory
locale: Cannot set LC_ALL to default locale: No such file or directory
Unpacking libc6:amd64 (2.39-0ubuntu8.8) over (2.39-0ubuntu8.1) ...
Setting up libc6:amd64 (2.39-0ubuntu8.8) ...
locale: Cannot set LC_CTYPE to default locale: No such file or directory
locale: Cannot set LC_MESSAGES to default locale: No such file or directory
locale: Cannot set LC_ALL to default locale: No such file or directory
(Reading database ... 17324 files and directories currently installed.)
Preparing to unpack .../libc-bin_2.39-0ubuntu8.8_amd64.deb ...
Unpacking libc-bin (2.39-0ubuntu8.8) over (2.39-0ubuntu8.1) ...
Setting up libc-bin (2.39-0ubuntu8.8) ...
(Reading database ... 17324 files and directories currently installed.)
Preparing to unpack .../python3-minimal_3.12.3-0ubuntu2.1_amd64.deb ...
Unpacking python3-minimal (3.12.3-0ubuntu2.1) over (3.12.3-0ubuntu1) ...
Setting up python3-minimal (3.12.3-0ubuntu2.1) ...
(Reading database ... 17324 files and directories currently installed.)
Preparing to unpack .../python3_3.12.3-0ubuntu2.1_amd64.deb ...
running python pre-rtupdate hooks for python3.12...
Unpacking python3 (3.12.3-0ubuntu2.1) over (3.12.3-0ubuntu1) ...
Preparing to unpack .../libbz2-1.0_1.0.8-5.1build0.1_amd64.deb ...
Unpacking libbz2-1.0:amd64 (1.0.8-5.1build0.1) over (1.0.8-5.1) ...
Setting up libbz2-1.0:amd64 (1.0.8-5.1build0.1) ...
(Reading database ... 75%
(Reading database ... 17324 files and directories currently installed.)
Preparing to unpack .../0-python3.12_3.12.3-1ubuntu0.15_amd64.deb ...
Unpacking python3.12 (3.12.3-1ubuntu0.15) over (3.12.3-1) ...
Preparing to unpack .../1-libpython3.12-stdlib_3.12.3-1ubuntu0.15_amd64.deb ...
Unpacking libpython3.12-stdlib:amd64 (3.12.3-1ubuntu0.15) over (3.12.3-1) ...
Preparing to unpack .../2-python3.12-minimal_3.12.3-1ubuntu0.15_amd64.deb ...
Unpacking python3.12-minimal (3.12.3-1ubuntu0.15) over (3.12.3-1) ...
Preparing to unpack .../3-libpython3.12-minimal_3.12.3-1ubuntu0.15_amd64.deb ...
Unpacking libpython3.12-minimal:amd64 (3.12.3-1ubuntu0.15) over (3.12.3-1) ...
Preparing to unpack .../4-libexpat1_2.6.1-2ubuntu0.4_amd64.deb ...
Unpacking libexpat1:amd64 (2.6.1-2ubuntu0.4) over (2.6.1-2build1) ...
Preparing to unpack .../5-zlib1g_1%3a1.3.dfsg-3.1ubuntu2.1_amd64.deb ...
Unpacking zlib1g:amd64 (1:1.3.dfsg-3.1ubuntu2.1) over (1:1.3.dfsg-3.1ubuntu2) ..
.
Setting up zlib1g:amd64 (1:1.3.dfsg-3.1ubuntu2.1) ...
(Reading database ... 17324 files and directories currently installed.)
Preparing to unpack .../0-libpython3-stdlib_3.12.3-0ubuntu2.1_amd64.deb ...
Unpacking libpython3-stdlib:amd64 (3.12.3-0ubuntu2.1) over (3.12.3-0ubuntu1) ...
Selecting previously unselected package perl-modules-5.38.
Preparing to unpack .../1-perl-modules-5.38_5.38.2-3.2ubuntu0.3_all.deb ...
Unpacking perl-modules-5.38 (5.38.2-3.2ubuntu0.3) ...
Selecting previously unselected package libgdbm-compat4t64:amd64.
Preparing to unpack .../2-libgdbm-compat4t64_1.23-5.1build1_amd64.deb ...
Unpacking libgdbm-compat4t64:amd64 (1.23-5.1build1) ...
Selecting previously unselected package libperl5.38t64:amd64.
Preparing to unpack .../3-libperl5.38t64_5.38.2-3.2ubuntu0.3_amd64.deb ...
Unpacking libperl5.38t64:amd64 (5.38.2-3.2ubuntu0.3) ...
Selecting previously unselected package perl.
Preparing to unpack .../4-perl_5.38.2-3.2ubuntu0.3_amd64.deb ...
Unpacking perl (5.38.2-3.2ubuntu0.3) ...
Preparing to unpack .../5-gpgv_2.4.4-2ubuntu17.4_amd64.deb ...
Unpacking gpgv (2.4.4-2ubuntu17.4) over (2.4.4-2ubuntu17) ...
Setting up gpgv (2.4.4-2ubuntu17.4) ...
(Reading database ... 19330 files and directories currently installed.)
Preparing to unpack .../000-locales_2.39-0ubuntu8.8_all.deb ...
Unpacking locales (2.39-0ubuntu8.8) over (2.39-0ubuntu8.1) ...
Preparing to unpack .../001-python3-pkg-resources_68.1.2-2ubuntu1.2_all.deb ...
Unpacking python3-pkg-resources (68.1.2-2ubuntu1.2) over (68.1.2-2ubuntu1) ...
Preparing to unpack .../002-wget_1.21.4-1ubuntu4.4_amd64.deb ...
Unpacking wget (1.21.4-1ubuntu4.4) over (1.21.4-1ubuntu4) ...
Selecting previously unselected package binutils-common:amd64.
Preparing to unpack .../003-binutils-common_2.42-4ubuntu2.10_amd64.deb ...
Unpacking binutils-common:amd64 (2.
Unpacking binutils-common:amd64 (2.42-4ubuntu2.10) ...
Selecting previously unselected package libsframe1:amd64.
Preparing to unpack .../004-libsframe1_2.42-4ubuntu2.10_amd64.deb ...
Unpacking libsframe1:amd64 (2.42-4ubuntu2.10) ...
Selecting previously unselected package libbinutils:amd64.
Preparing to unpack .../005-libbinutils_2.42-4ubuntu2.10_amd64.deb ...
Unpacking libbinutils:amd64 (2.42-4ubuntu2.10) ...
Selecting previously unselected package libctf-nobfd0:amd64.
Preparing to unpack .../006-libctf-nobfd0_2.42-4ubuntu2.10_amd64.deb ...
Unpacking libctf-nobfd0:amd64 (2.42-4ubuntu2.10) ...
Selecting previously unselected package libctf0:amd64.
Preparing to unpack .../007-libctf0_2.42-4ubuntu2.10_amd64.deb ...
Unpacking libctf0:amd64 (2.42-4ubuntu2.10) ...
Selecting previously unselected package libgprofng0:amd64.
Preparing to unpack .../008-libgprofng0_2.42-4ubuntu2.10_amd64.deb ...
Unpacking libgprofng0:amd64 (2.42-4ubuntu2.10) ...
Selecting previously unselected package binutils-x86-64-linux-gnu.
Preparing to unpack .../009-binutils-x86-64-linux-gnu_2.42-4ubuntu2.10_amd64.deb
 ...
Unpacking binutils-x86-64-linux-gnu (2.42-4ubuntu2.10) ...
Selecting previously unselected package binutils.
Preparing to unpack .../010-binutils_2.42-4ubuntu2.10_amd64.deb ...
Unpacking binutils (2.42-4ubuntu2.10) ...
Selecting previously unselected package libc-dev-bin.
Preparing to unpack .../011-libc-dev-bin_2.39-0ubuntu8.8_amd64.deb ...
Unpacking libc-dev-bin (2.39-0ubuntu8.8) ...
Selecting previously unselected package linux-libc-dev:amd64.
Preparing to unpack .../012-linux-libc-dev_6.8.0-137.137_amd64.deb ...
Unpacking linux-libc-dev:amd64 (6.8.0-137.137) ...
Selecting previously unselected package libcrypt-dev:amd64.
Preparing to unpack .../013-libcrypt-dev_1%3a4.4.36-4build1_amd64.deb ...
Unpacking libcrypt-dev:amd64 (1:4.4.36-4build1) ...
Selecting previously unselected package rpcsvc-proto.
Preparing to unpack .../014-rpcsvc-proto_1.4.2-0ubuntu7_amd64.deb ...
Unpacking rpcsvc-proto (1.4.2-0ubuntu7) ...
Selecting previously unselected package libc6-dev:amd64.
Preparing to unpack .../015-libc6-dev_2.39-0ubuntu8.8_amd64.deb ...
Unpacking libc6-dev:amd64 (2.39-0ubuntu8.8) ...
Selecting previously unselected package gcc-13-base:amd64.
Preparing to unpack .../016-gcc-13-base_13.3.0-6ubuntu2~24.04.1_amd64.deb ...
Unpacking gcc-13-base:amd64 (13.3.0-6ubuntu2~24.04.1) ...
Selecting previously unselected package libisl23:amd64.
Preparing to unpack .../017-libisl23_0.26-3build1.1_amd64.deb ...
Unpacking libisl23:amd64 (0.26-3build1.1) ...
Selecting previously unselected package libmpfr6:amd64.
Preparing to unpack .../018-libmpfr6_4.2.1-1build1.1_amd64.deb ...
Unpacking libmpfr6:amd64 (4.2.1-1build1.1) ...
Selecting previously unselected package libmpc3:amd64.
Preparing to unpack .../019-libmpc3_1.3.1-1build1.1_amd64.deb ...
Unpacking libmpc3:amd64 (1.3.1-1build1.1) ...
Selecting previously unselected package cpp-13-x86-64-linux-gnu.
Preparing to unpack .../020-cpp-13-x86-64-linux-gnu_13.3.0-6ubuntu2~24.04.1_amd6
4.deb ...
Unpacking cpp-13-x86-64-linux-gnu (13.3.0-6ubuntu2~24.04.1) ...
Selecting previously unselected package cpp-13.
Preparing to unpack .../021-cpp-13_13.3.0-6ubuntu2~24.04.1_amd64.deb ...
Unpacking cpp-13 (13.3.0-6ubuntu2~24.04.1) ...
Selecting previously unselected package cpp-x86-64-linux-gnu.
Preparing to unpack .../022-cpp-x86-64-linux-gnu_4%3a13.2.0-7ubuntu1_amd64.deb .
..
Unpacking cpp-x86-64-linux-gnu (4:13.2.0-7ubuntu1) ...
Selecting previously unselected package cpp.
Preparing to unpack .../023-cpp_4%3a13.2.0-7ubuntu1_amd64.deb ...
Unpacking cpp (4:13.2.0-7ubuntu1) ...
Selecting previously unselected package libcc1-0:amd64.
Preparing to unpack .../024-libcc1-0_14.2.0-4ubuntu2~24.04.1_amd64.deb ...
Unpacking libcc1-0:amd64 (14.2.0-4ubuntu2~24.04.1) ...
Selecting previously unselected package libgomp1:amd64.
Preparing to unpack .../025-libgomp1_14.2.0-4ubuntu2~24.04.1_amd64.deb ...
Unpacking libgomp1:amd64 (14.2.0-4ubuntu2~
Unpacking libgomp1:amd64 (14.2.0-4ubuntu2~24.04.1) ...
Selecting previously unselected package libitm1:amd64.
Preparing to unpack .../026-libitm1_14.2.0-4ubuntu2~24.04.1_amd64.deb ...
Unpacking libitm1:amd64 (14.2.0-4ubuntu2~24.04.1) ...
Selecting previously unselected package libatomic1:amd64.
Preparing to unpack .../027-libatomic1_14.2.0-4ubuntu2~24.04.1_amd64.deb ...
Unpacking libatomic1:amd64 (14.2.0-4ubuntu2~24.04.1) ...
Selecting previously unselected package libasan8:amd64.
Preparing to unpack .../028-libasan8_14.2.0-4ubuntu2~24.04.1_amd64.deb ...
Unpacking libasan8:amd64 (14.2.0-4ubuntu2~24.04.1) ...
Selecting previously unselected package liblsan0:amd64.
Preparing to unpack .../029-liblsan0_14.2.0-4ubuntu2~24.04.1_amd64.deb ...
Unpacking liblsan0:amd64 (14.2.0-4ubuntu2~24.04.1) ...
Selecting previously unselected package libtsan2:amd64.
Preparing to unpack .../030-libtsan2_14.2.0-4ubuntu2~24.04.1_amd64.deb ...
Unpacking libtsan2:amd64 (14.2.0-4ubuntu2~24.04.1) ...
Selecting previously unselected package libubsan1:amd64.
Preparing to unpack .../031-libubsan1_14.2.0-4ubuntu2~24.04.1_amd64.deb ...
Unpacking libubsan1:amd64 (14.2.0-4ubuntu2~24.04.1) ...
Selecting previously unselected package libhwasan0:amd64.
Preparing to unpack .../032-libhwasan0_14.2.0-4ubuntu2~24.04.1_amd64.deb ...
Unpacking libhwasan0:amd64 (14.2.0-4ubuntu2~24.04.1) ...
Selecting previously unselected package libquadmath0:amd64.
Preparing to unpack .../033-libquadmath0_14.2.0-4ubuntu2~24.04.1_amd64.deb ...
Unpacking libquadmath0:amd64 (14.2.0-4ubuntu2~24.04.1) ...
Selecting previously unselected package libgcc-13-dev:amd64.
Preparing to unpack .../034-libgcc-13-dev_13.3.0-6ubuntu2~24.04.1_amd64.deb ...
Unpacking libgcc-13-dev:amd64 (13.3.0-6ubuntu2~24.04.1) ...
Selecting previously unselected package gcc-13-x86-64-linux-gnu.
Preparing to unpack .../035-gcc-13-x86-64-linux-gnu_13.3.0-6ubuntu2~24.04.1_amd6
4.deb ...
Unpacking gcc-13-x86-64-linux-gnu (13.3.0-6ubuntu2~24.04.1) ...
Selecting previously unselected package gcc-13.
Preparing to unpack .../036-gcc-13_13.3.0-6ubuntu2~24.04.1_amd64.deb ...
Unpacking gcc-13 (13.3.0-6ubuntu2~24.04.1) ...
Selecting previously unselected package gcc-x86-64-linux-gnu.
Preparing to unpack .../037-gcc-x86-64-linux-gnu_4%3a13.2.0-7ubuntu1_amd64.deb .
..
Unpacking gcc-x86-64-linux-gnu (4:13.2.0-7ubuntu1) ...
Selecting previously unselected package gcc.
Preparing to unpack .../038-gcc_4%3a13.2.0-7ubuntu1_amd64.deb ...
Unpacking gcc (4:13.2.0-7ubuntu1) ...
Selecting previously unselected package libstdc++-13-dev:amd64.
Preparing to unpack .../039-libstdc++-13-dev_13.3.0-6ubuntu2~24.04.1_amd64.deb .
..
Unpacking libstdc++-13-dev:amd64 (13.3.0-6ubuntu2~24.04.1) ...
Selecting previously unselected package g++-13-x86-64-linux-gnu.
Preparing to unpack .../040-g++-13-x86-64-linux-gnu_13.3.0-6ubuntu2~24.04.1_amd6
4.deb ...
Unpacking g++-13-x86-64-linux-gnu (13.3.0-6ubuntu2~24.04.1) ...
Selecting previously unselected package g++-13.
Preparing to unpack .../041-g++-13_13.3.0-6ubuntu2~24.04.1_amd64.deb ...
Unpacking g++-13 (13.3.0-6ubuntu2~24.04.1) ...
Selecting previously unselected package g++-x86-64-linux-gnu.
Preparing to unpack .../042-g++-x86-64-linux-gnu_4%3a13.2.0-7ubuntu1_amd64.deb .
..
Unpacking g++-x86-64-linux-gnu (4:13.2.0-7ubuntu1) ...
Selecting previously unselected package g++.
Preparing to unpack .../043-g++_4%3a13.2.0-7ubuntu1_amd64.deb ...
Unpacking g++ (4:13.2.0-7ubuntu1) ...
Selecting previously unselected package make.
Preparing to unpack .../044-make_4.3-4.1build2_amd64.deb ...
Unpacking make (4.3-4.1build2) ...
Selecting previously unselected package libdpkg-perl.
Preparing to unpack .../045-libdpkg-perl_1.22.6ubuntu6.6_all.deb ...
Unpacking libdpkg-perl (1.22.6ubuntu6.6) ...
Selecting previously unselected package bzip2.
Preparing to unpack .../046-bzip2_1.0.8-5.1build0.1_amd64.deb ...
Unpacking bzip2 (1.0.8-5.1build0.1) ...
Selecting previously unselected package patch.
Preparing to unpack .../047-patch_2.7.6-7build3
Preparing to unpack .../047-patch_2.7.6-7build3_amd64.deb ...
Unpacking patch (2.7.6-7build3) ...
Selecting previously unselected package lto-disabled-list.
Preparing to unpack .../048-lto-disabled-list_47_all.deb ...
Unpacking lto-disabled-list (47) ...
Selecting previously unselected package dpkg-dev.
Preparing to unpack .../049-dpkg-dev_1.22.6ubuntu6.6_all.deb ...
Unpacking dpkg-dev (1.22.6ubuntu6.6) ...
Selecting previously unselected package build-essential.
Preparing to unpack .../050-build-essential_12.10ubuntu1_amd64.deb ...
Unpacking build-essential (12.10ubuntu1) ...
Selecting previously unselected package gpgconf.
Preparing to unpack .../051-gpgconf_2.4.4-2ubuntu17.4_amd64.deb ...
Unpacking gpgconf (2.4.4-2ubuntu17.4) ...
Selecting previously unselected package libksba8:amd64.
Preparing to unpack .../052-libksba8_1.6.6-1build1_amd64.deb ...
Unpacking libksba8:amd64 (1.6.6-1build1) ...
Selecting previously unselected package libldap2:amd64.
Preparing to unpack .../053-libldap2_2.6.10+dfsg-0ubuntu0.24.04.1_amd64.deb ...
Unpacking libldap2:amd64 (2.6.10+dfsg-0ubuntu0.24.04.1) ...
Selecting previously unselected package dirmngr.
Preparing to unpack .../054-dirmngr_2.4.4-2ubuntu17.4_amd64.deb ...
Unpacking dirmngr (2.4.4-2ubuntu17.4) ...
Selecting previously unselected package libfakeroot:amd64.
Preparing to unpack .../055-libfakeroot_1.33-1_amd64.deb ...
Unpacking libfakeroot:amd64 (1.33-1) ...
Selecting previously unselected package fakeroot.
Preparing to unpack .../056-fakeroot_1.33-1_amd64.deb ...
Unpacking fakeroot (1.33-1) ...
Selecting previously unselected package fonts-dejavu-mono.
Preparing to unpack .../057-fonts-dejavu-mono_2.37-8_all.deb ...
Unpacking fonts-dejavu-mono (2.37-8) ...
Selecting previously unselected package fonts-dejavu-core.
Preparing to unpack .../058-fonts-dejavu-core_2.37-8_all.deb ...
Unpacking fonts-dejavu-core (2.37-8) ...
Selecting previously unselected package fontconfig-config.
Preparing to unpack .../059-fontconfig-config_2.15.0-1.1ubuntu2_amd64.deb ...
Unpacking fontconfig-config (2.15.0-1.1ubuntu2) ...
Selecting previously unselected package libbrotli1:amd64.
Preparing to unpack .../060-libbrotli1_1.1.0-2build2_amd64.deb ...
Unpacking libbrotli1:amd64 (1.1.0-2build2) ...
Selecting previously unselected package librtmp1:amd64.
Preparing to unpack .../061-librtmp1_2.4+20151223.gitfa8646d.1-2build7_amd64.deb
 ...
Unpacking librtmp1:amd64 (2.4+20151223.gitfa8646d.1-2build7) ...
Selecting previously unselected package libssh-4:amd64.
Preparing to unpack .../062-libssh-4_0.10.6-2ubuntu0.4_amd64.deb ...
Unpacking libssh-4:amd64 (0.10.6-2ubuntu0.4) ...
Selecting previously unselected package libcurl3t64-gnutls:amd64.
Preparing to unpack .../063-libcurl3t64-gnutls_8.5.0-2ubuntu10.11_amd64.deb ...
Unpacking libcurl3t64-gnutls:amd64 (8.5.0-2ubuntu10.11) ...
Selecting previously unselected package liberror-perl.
Preparing to unpack .../064-liberror-perl_0.17029-2_all.deb ...
Unpacking liberror-perl (0.17029-2) ...
Selecting previously unselected package git-man.
Preparing to unpack .../065-git-man_1%3a2.43.0-1ubuntu7.3_all.deb ...
Unpacking git-man (1:2.43.0-1ubuntu7.3) ...
Selecting previously unselected package git.
Preparing to unpack .../066-git_1%3a2.43.0-1ubuntu7.3_amd64.deb ...
Unpacking git (1:2.43.0-1ubuntu7.3) ...
Selecting previously unselected package gnupg-utils.
Preparing to unpack .../067-gnupg-utils_2.4.4-2ubuntu17.4_amd64.deb ...
Unpacking gnupg-utils (2.4.4-2ubuntu17.4) ...
Selecting previously unselected package gpg.
Preparing to unpack .../068-gpg_2.4.4-2ubuntu17.4_amd64.deb ...
Unpacking gpg (2.4.4-2ubuntu17.4) ...
Selecting previously unselected package pinentry-curses.
Preparing to unpack .../069-pinentry-curses_1.2.1-3ubuntu5_amd64.deb ...
Unpacking pinentry-curses (1.2.1-3ubuntu5) ...
Selecting previously unselected package gpg-agent.
Preparing to unpack .../070-gpg-agent_2.4.4-2ubuntu17.4_amd64.deb ...
Unpacking gpg-agent (2.4.4-2ubuntu17.4) ...
Selecting previously un
Selecting previously unselected package gpgsm.
Preparing to unpack .../071-gpgsm_2.4.4-2ubuntu17.4_amd64.deb ...
Unpacking gpgsm (2.4.4-2ubuntu17.4) ...
Selecting previously unselected package keyboxd.
Preparing to unpack .../072-keyboxd_2.4.4-2ubuntu17.4_amd64.deb ...
Unpacking keyboxd (2.4.4-2ubuntu17.4) ...
Selecting previously unselected package gnupg.
Preparing to unpack .../073-gnupg_2.4.4-2ubuntu17.4_all.deb ...
Unpacking gnupg (2.4.4-2ubuntu17.4) ...
Selecting previously unselected package gnupg-l10n.
Preparing to unpack .../074-gnupg-l10n_2.4.4-2ubuntu17.4_all.deb ...
Unpacking gnupg-l10n (2.4.4-2ubuntu17.4) ...
Selecting previously unselected package gpg-wks-client.
Preparing to unpack .../075-gpg-wks-client_2.4.4-2ubuntu17.4_amd64.deb ...
Unpacking gpg-wks-client (2.4.4-2ubuntu17.4) ...
Selecting previously unselected package javascript-common.
Preparing to unpack .../076-javascript-common_11+nmu1_all.deb ...
Unpacking javascript-common (11+nmu1) ...
Selecting previously unselected package libalgorithm-diff-perl.
Preparing to unpack .../077-libalgorithm-diff-perl_1.201-1_all.deb ...
Unpacking libalgorithm-diff-perl (1.201-1) ...
Selecting previously unselected package libalgorithm-diff-xs-perl:amd64.
Preparing to unpack .../078-libalgorithm-diff-xs-perl_0.04-8build3_amd64.deb ...
Unpacking libalgorithm-diff-xs-perl:amd64 (0.04-8build3) ...
Selecting previously unselected package libalgorithm-merge-perl.
Preparing to unpack .../079-libalgorithm-merge-perl_0.08-5_all.deb ...
Unpacking libalgorithm-merge-perl (0.08-5) ...
Selecting previously unselected package libaom3:amd64.
Preparing to unpack .../080-libaom3_3.8.2-2ubuntu0.1_amd64.deb ...
Unpacking libaom3:amd64 (3.8.2-2ubuntu0.1) ...
Selecting previously unselected package libfreetype6:amd64.
Preparing to unpack .../081-libfreetype6_2.13.2+dfsg-1ubuntu0.1_amd64.deb ...
Unpacking libfreetype6:amd64 (2.13.2+dfsg-1ubuntu0.1) ...
Selecting previously unselected package libfontconfig1:amd64.
Preparing to unpack .../082-libfontconfig1_2.15.0-1.1ubuntu2_amd64.deb ...
Unpacking libfontconfig1:amd64 (2.15.0-1.1ubuntu2) ...
Selecting previously unselected package libsharpyuv0:amd64.
Preparing to unpack .../083-libsharpyuv0_1.3.2-0.4build3_amd64.deb ...
Unpacking libsharpyuv0:amd64 (1.3.2-0.4build3) ...
Selecting previously unselected package libheif-plugin-aomdec:amd64.
Preparing to unpack .../084-libheif-plugin-aomdec_1.17.6-1ubuntu4.6_amd64.deb ..
.
Unpacking libheif-plugin-aomdec:amd64 (1.17.6-1ubuntu4.6) ...
Selecting previously unselected package libheif1:amd64.
Preparing to unpack .../085-libheif1_1.17.6-1ubuntu4.6_amd64.deb ...
Unpacking libheif1:amd64 (1.17.6-1ubuntu4.6) ...
Selecting previously unselected package libjpeg-turbo8:amd64.
Preparing to unpack .../086-libjpeg-turbo8_2.1.5-2ubuntu2_amd64.deb ...
Unpacking libjpeg-turbo8:amd64 (2.1.5-2ubuntu2) ...
Selecting previously unselected package libjpeg8:amd64.
Preparing to unpack .../087-libjpeg8_8c-2ubuntu11_amd64.deb ...
Unpacking libjpeg8:amd64 (8c-2ubuntu11) ...
Selecting previously unselected package libdeflate0:amd64.
Preparing to unpack .../088-libdeflate0_1.19-1build1.1_amd64.deb ...
Unpacking libdeflate0:amd64 (1.19-1build1.1) ...
Selecting previously unselected package libjbig0:amd64.
Preparing to unpack .../089-libjbig0_2.1-6.1ubuntu2_amd64.deb ...
Unpacking libjbig0:amd64 (2.1-6.1ubuntu2) ...
Selecting previously unselected package liblerc4:amd64.
Preparing to unpack .../090-liblerc4_4.0.0+ds-4ubuntu2_amd64.deb ...
Unpacking liblerc4:amd64 (4.0.0+ds-4ubuntu2) ...
Selecting previously unselected package libwebp7:amd64.
Preparing to unpack .../091-libwebp7_1.3.2-0.4build3_amd64.deb ...
Unpacking libwebp7:amd64 (1.3.2-0.4build3) ...
Selecting previously unselected package libtiff6:amd64.
Preparing to unpack .../092-libtiff6_4.5.1+git230720-4ubuntu2.5_amd64.deb ...
Unpacking libtiff6:amd64 (4.5.1+git230720-4ubuntu2.5) ...
Selecting previously unselected package libxpm4:amd64.
Preparing to unp
Preparing to unpack .../093-libxpm4_1%3a3.5.17-1ubuntu0.24.04.1_amd64.deb ...
Unpacking libxpm4:amd64 (1:3.5.17-1ubuntu0.24.04.1) ...
Selecting previously unselected package libgd3:amd64.
Preparing to unpack .../094-libgd3_2.3.3-9ubuntu5_amd64.deb ...
Unpacking libgd3:amd64 (2.3.3-9ubuntu5) ...
Selecting previously unselected package libc-devtools.
Preparing to unpack .../095-libc-devtools_2.39-0ubuntu8.8_amd64.deb ...
Unpacking libc-devtools (2.39-0ubuntu8.8) ...
Selecting previously unselected package libexpat1-dev:amd64.
Preparing to unpack .../096-libexpat1-dev_2.6.1-2ubuntu0.4_amd64.deb ...
Unpacking libexpat1-dev:amd64 (2.6.1-2ubuntu0.4) ...
Selecting previously unselected package libfile-fcntllock-perl.
Preparing to unpack .../097-libfile-fcntllock-perl_0.22-4ubuntu5_amd64.deb ...
Unpacking libfile-fcntllock-perl (0.22-4ubuntu5) ...
Selecting previously unselected package libheif-plugin-aomenc:amd64.
Preparing to unpack .../098-libheif-plugin-aomenc_1.17.6-1ubuntu4.6_amd64.deb ..
.
Unpacking libheif-plugin-aomenc:amd64 (1.17.6-1ubuntu4.6) ...
Selecting previously unselected package libjs-jquery.
Preparing to unpack .../099-libjs-jquery_3.6.1+dfsg+~3.5.14-1_all.deb ...
Unpacking libjs-jquery (3.6.1+dfsg+~3.5.14-1) ...
Selecting previously unselected package libjs-underscore.
Preparing to unpack .../100-libjs-underscore_1.13.4~dfsg+~1.11.4-3_all.deb ...
Unpacking libjs-underscore (1.13.4~dfsg+~1.11.4-3) ...
Selecting previously unselected package libjs-sphinxdoc.
Preparing to unpack .../101-libjs-sphinxdoc_7.2.6-6_all.deb ...
Unpacking libjs-sphinxdoc (7.2.6-6) ...
Selecting previously unselected package libldap-common.
Preparing to unpack .../102-libldap-common_2.6.10+dfsg-0ubuntu0.24.04.1_all.deb
...
Unpacking libldap-common (2.6.10+dfsg-0ubuntu0.24.04.1) ...
Selecting previously unselected package libpython3.12t64:amd64.
Preparing to unpack .../103-libpython3.12t64_3.12.3-1ubuntu0.15_amd64.deb ...
Unpacking libpython3.12t64:amd64 (3.12.3-1ubuntu0.15) ...
Selecting previously unselected package zlib1g-dev:amd64.
Preparing to unpack .../104-zlib1g-dev_1%3a1.3.dfsg-3.1ubuntu2.1_amd64.deb ...
Unpacking zlib1g-dev:amd64 (1:1.3.dfsg-3.1ubuntu2.1) ...
Selecting previously unselected package libpython3.12-dev:amd64.
Preparing to unpack .../105-libpython3.12-dev_3.12.3-1ubuntu0.15_amd64.deb ...
Unpacking libpython3.12-dev:amd64 (3.12.3-1ubuntu0.15) ...
Selecting previously unselected package libpython3-dev:amd64.
Preparing to unpack .../106-libpython3-dev_3.12.3-0ubuntu2.1_amd64.deb ...
Unpacking libpython3-dev:amd64 (3.12.3-0ubuntu2.1) ...
Selecting previously unselected package manpages-dev.
Preparing to unpack .../107-manpages-dev_6.7-2_all.deb ...
Unpacking manpages-dev (6.7-2) ...
Selecting previously unselected package python3.12-dev.
Preparing to unpack .../108-python3.12-dev_3.12.3-1ubuntu0.15_amd64.deb ...
Unpacking python3.12-dev (3.12.3-1ubuntu0.15) ...
Selecting previously unselected package python3-dev.
Preparing to unpack .../109-python3-dev_3.12.3-0ubuntu2.1_amd64.deb ...
Unpacking python3-dev (3.12.3-0ubuntu2.1) ...
Selecting previously unselected package python3-setuptools.
Preparing to unpack .../110-python3-setuptools_68.1.2-2ubuntu1.2_all.deb ...
Unpacking python3-setuptools (68.1.2-2ubuntu1.2) ...
Selecting previously unselected package python3-wheel.
Preparing to unpack .../111-python3-wheel_0.42.0-2_all.deb ...
Unpacking python3-wheel (0.42.0-2) ...
Selecting previously unselected package python3-pip.
Preparing to unpack .../112-python3-pip_24.0+dfsg-1ubuntu1.3_all.deb ...
Unpacking python3-pip (24.0+dfsg-1ubuntu1.3) ...
Selecting previously unselected package python3-pip-whl.
Preparing to unpack .../113-python3-pip-whl_24.0+dfsg-1ubuntu1.3_all.deb ...
Unpacking python3-pip-whl (24.0+dfsg-1ubuntu1.3) ...
Selecting previously unselected package python3-setuptools-whl.
Preparing to unpack .../114-python3-setuptools-whl_68.1.2-2ubuntu1.2_all.deb ...
Unpacking python3-setuptools-whl (68.1.2-2u
Unpacking python3-setuptools-whl (68.1.2-2ubuntu1.2) ...
Selecting previously unselected package python3.12-venv.
Preparing to unpack .../115-python3.12-venv_3.12.3-1ubuntu0.15_amd64.deb ...
Unpacking python3.12-venv (3.12.3-1ubuntu0.15) ...
Selecting previously unselected package python3-venv.
Preparing to unpack .../116-python3-venv_3.12.3-0ubuntu2.1_amd64.deb ...
Unpacking python3-venv (3.12.3-0ubuntu2.1) ...
Setting up libksba8:amd64 (1.6.6-1build1) ...
Setting up pinentry-curses (1.2.1-3ubuntu5) ...
Setting up libexpat1:amd64 (2.6.1-2ubuntu0.4) ...
Setting up javascript-common (11+nmu1) ...
Setting up libsharpyuv0:amd64 (1.3.2-0.4build3) ...
Setting up libaom3:amd64 (3.8.2-2ubuntu0.1) ...
Setting up manpages-dev (6.7-2) ...
Setting up python3-setuptools-whl (68.1.2-2ubuntu1.2) ...
Setting up lto-disabled-list (47) ...
Setting up liblerc4:amd64 (4.0.0+ds-4ubuntu2) ...
Setting up libxpm4:amd64 (1:3.5.17-1ubuntu0.24.04.1) ...
Setting up wget (1.21.4-1ubuntu4.4) ...
Setting up libgdbm-compat4t64:amd64 (1.23-5.1build1) ...
Setting up python3-pip-whl (24.0+dfsg-1ubuntu1.3) ...
Setting up libbrotli1:amd64 (1.1.0-2build2) ...
Setting up libpython3.12-minimal:amd64 (3.12.3-1ubuntu0.15) ...
Setting up binutils-common:amd64 (2.42-4ubuntu2.10) ...
Setting up libdeflate0:amd64 (1.19-1build1.1) ...
Setting up linux-libc-dev:amd64 (6.8.0-137.137) ...
Setting up libctf-nobfd0:amd64 (2.42-4ubuntu2.10) ...
Setting up libgomp1:amd64 (14.2.0-4ubuntu2~24.04.1) ...
Setting up bzip2 (1.0.8-5.1build0.1) ...
Setting up locales (2.39-0ubuntu8.8) ...
Generating locales (this might take a while)...
Generation complete.
Setting up libldap-common (2.6.10+dfsg-0ubuntu0.24.04.1) ...
Setting up libjbig0:amd64 (2.1-6.1ubuntu2) ...
Setting up libsframe1:amd64 (2.42-4ubuntu2.10) ...
Setting up libfakeroot:amd64 (1.33-1) ...
Setting up fakeroot (1.33-1) ...
update-alternatives: using /usr/bin/fakeroot-sysv to provide /usr/bin/fakeroot (
fakeroot) in auto mode
Setting up rpcsvc-proto (1.4.2-0ubuntu7) ...
Setting up gcc-13-base:amd64 (13.3.0-6ubuntu2~24.04.1) ...
Setting up libfreetype6:amd64 (2.13.2+dfsg-1ubuntu0.1) ...
Setting up make (4.3-4.1build2) ...
Setting up libmpfr6:amd64 (4.2.1-1build1.1) ...
Setting up gnupg-l10n (2.4.4-2ubuntu17.4) ...
Setting up librtmp1:amd64 (2.4+20151223.gitfa8646d.1-2build7) ...
Setting up perl-modules-5.38 (5.38.2-3.2ubuntu0.3) ...
Setting up libquadmath0:amd64 (14.2.0-4ubuntu2~24.04.1) ...
Setting up fonts-dejavu-mono (2.37-8) ...
Setting up libmpc3:amd64 (1.3.1-1build1.1) ...
Setting up libatomic1:amd64 (14.2.0-4ubuntu2~24.04.1) ...
Setting up patch (2.7.6-7build3) ...
Setting up fonts-dejavu-core (2.37-8) ...
Setting up libjpeg-turbo8:amd64 (2.1.5-2ubuntu2) ...
Setting up libssh-4:amd64 (0.10.6-2ubuntu0.4) ...
Setting up libwebp7:amd64 (1.3.2-0.4build3) ...
Setting up libubsan1:amd64 (14.2.0-4ubuntu2~24.04.1) ...
Setting up libhwasan0:amd64 (14.2.0-4ubuntu2~24.04.1) ...
Setting up libcrypt-dev:amd64 (1:4.4.36-4build1) ...
Setting up libasan8:amd64 (14.2.0-4ubuntu2~24.04.1) ...
Setting up gpgconf (2.4.4-2ubuntu17.4) ...
Setting up git-man (1:2.43.0-1ubuntu7.3) ...
Setting up libperl5.38t64:amd64 (5.38.2-3.2ubuntu0.3) ...
Setting up libtsan2:amd64 (14.2.0-4ubuntu2~24.04.1) ...
Setting up libjs-jquery (3.6.1+dfsg+~3.5.14-1) ...
Setting up libbinutils:amd64 (2.42-4ubuntu2.10) ...
Setting up libisl23:amd64 (0.26-3build1.1) ...
Setting up libc-dev-bin (2.39-0ubuntu8.8) ...
Setting up libcc1-0:amd64 (14.2.0-4ubuntu2~24.04.1) ...
Setting up libldap2:amd64 (2.6.10+dfsg-0ubuntu0.24.04.1) ...
Setting up gpg (2.4.4-2ubuntu17.4) ...
Setting up liblsan0:amd64 (14.2.0-4ubuntu2~24.04.1) ...
Setting up libitm1:amd64 (14.2.0-4ubuntu2~24.04.1) ...
Setting up libjs-underscore (1.13.4~dfsg+~1.11.4-3) ...
Setting up gnupg-utils (2.4.4-2ubuntu17.4) ...
Setting up libctf0:amd64 (2.42-4ubuntu2.10) ...
Setting up libjpeg8:amd64 (8c-2ubuntu11) ...
Setting up python3.12-minimal (3.12.3-1ubuntu0.15) ...
Setting up gpg-agent (2.4.4-2ubu
Setting up gpg-agent (2.4.4-2ubuntu17.4) ...
Created symlink /etc/systemd/user/sockets.target.wants/gpg-agent.socket → /usr/l
ib/systemd/user/gpg-agent.socket.
Created symlink /etc/systemd/user/sockets.target.wants/gpg-agent-ssh.socket → /u
sr/lib/systemd/user/gpg-agent-ssh.socket.
Created symlink /etc/systemd/user/sockets.target.wants/gpg-agent-extra.socket →
/usr/lib/systemd/user/gpg-agent-extra.socket.
Created symlink /etc/systemd/user/sockets.target.wants/gpg-agent-browser.socket
→ /usr/lib/systemd/user/gpg-agent-browser.socket.
Setting up libpython3.12-stdlib:amd64 (3.12.3-1ubuntu0.15) ...
Setting up cpp-13-x86-64-linux-gnu (13.3.0-6ubuntu2~24.04.1) ...
Setting up fontconfig-config (2.15.0-1.1ubuntu2) ...
Setting up python3.12 (3.12.3-1ubuntu0.15) ...
Setting up gpgsm (2.4.4-2ubuntu17.4) ...
Setting up libcurl3t64-gnutls:amd64 (8.5.0-2ubuntu10.11) ...
Setting up libpython3.12t64:amd64 (3.12.3-1ubuntu0.15) ...
Setting up dirmngr (2.4.4-2ubuntu17.4) ...
Created symlink /etc/systemd/user/sockets.target.wants/dirmngr.socket → /usr/lib
/systemd/user/dirmngr.socket.
Setting up perl (5.38.2-3.2ubuntu0.3) ...
Setting up libgprofng0:amd64 (2.42-4ubuntu2.10) ...
Setting up keyboxd (2.4.4-2ubuntu17.4) ...
Created symlink /etc/systemd/user/sockets.target.wants/keyboxd.socket → /usr/lib
/systemd/user/keyboxd.socket.
Setting up libjs-sphinxdoc (7.2.6-6) ...
Setting up libdpkg-perl (1.22.6ubuntu6.6) ...
Setting up libgcc-13-dev:amd64 (13.3.0-6ubuntu2~24.04.1) ...
Setting up libtiff6:amd64 (4.5.1+git230720-4ubuntu2.5) ...
Setting up gnupg (2.4.4-2ubuntu17.4) ...
Setting up libc6-dev:amd64 (2.39-0ubuntu8.8) ...
Setting up libfontconfig1:amd64 (2.15.0-1.1ubuntu2) ...
Setting up libstdc++-13-dev:amd64 (13.3.0-6ubuntu2~24.04.1) ...
Setting up libpython3-stdlib:amd64 (3.12.3-0ubuntu2.1) ...
Setting up binutils-x86-64-linux-gnu (2.42-4ubuntu2.10) ...
Setting up cpp-x86-64-linux-gnu (4:13.2.0-7ubuntu1) ...
Setting up gpg-wks-client (2.4.4-2ubuntu17.4) ...
Setting up cpp-13 (13.3.0-6ubuntu2~24.04.1) ...
Setting up python3.12-venv (3.12.3-1ubuntu0.15) ...
Setting up libfile-fcntllock-perl (0.22-4ubuntu5) ...
Setting up libalgorithm-diff-perl (1.201-1) ...
Setting up gcc-13-x86-64-linux-gnu (13.3.0-6ubuntu2~24.04.1) ...
Setting up python3 (3.12.3-0ubuntu2.1) ...
running python rtupdate hooks for python3.12...
running python post-rtupdate hooks for python3.12...
Setting up binutils (2.42-4ubuntu2.10) ...
Setting up python3-wheel (0.42.0-2) ...
Setting up dpkg-dev (1.22.6ubuntu6.6) ...
Setting up liberror-perl (0.17029-2) ...
Setting up libexpat1-dev:amd64 (2.6.1-2ubuntu0.4) ...
Setting up python3-venv (3.12.3-0ubuntu2.1) ...
Setting up gcc-13 (13.3.0-6ubuntu2~24.04.1) ...
Setting up git (1:2.43.0-1ubuntu7.3) ...
Setting up zlib1g-dev:amd64 (1:1.3.dfsg-3.1ubuntu2.1) ...
Setting up cpp (4:13.2.0-7ubuntu1) ...
Setting up libalgorithm-diff-xs-perl:amd64 (0.04-8build3) ...
Setting up libalgorithm-merge-perl (0.08-5) ...
Setting up python3-pkg-resources (68.1.2-2ubuntu1.2) ...
Setting up python3-setuptools (68.1.2-2ubuntu1.2) ...
Setting up g++-13-x86-64-linux-gnu (13.3.0-6ubuntu2~24.04.1) ...
Setting up gcc-x86-64-linux-gnu (4:13.2.0-7ubuntu1) ...
Setting up libpython3.12-dev:amd64 (3.12.3-1ubuntu0.15) ...
Setting up gcc (4:13.2.0-7ubuntu1) ...
Setting up python3.12-dev (3.12.3-1ubuntu0.15) ...
Setting up python3-pip (24.0+dfsg-1ubuntu1.3) ...
Setting up g++-x86-64-linux-gnu (4:13.2.0-7ubuntu1) ...
Setting up g++-13 (13.3.0-6ubuntu2~24.04.1) ...
Setting up libpython3-dev:amd64 (3.12.3-0ubuntu2.1) ...
Setting up python3-dev (3.12.3-0ubuntu2.1) ...
Setting up g++ (4:13.2.0-7ubuntu1) ...
update-alternatives: using /usr/bin/g++ to provide /usr/bin/c++ (c++) in auto mo
de
Setting up build-essential (12.10ubuntu1) ...
Setting up libheif1:amd64 (1.17.6-1ubuntu4.6) ...
Setting up libgd3:amd64 (2.3.3-9ubuntu5) ...
Setting up libc-devtools (2.39-0ubuntu8.8) ...
Setting up libheif-plugin-aomdec:amd64 (1.17.6-1ubuntu4.6) ...
Setting up libhe
Setting up libheif-plugin-aomenc:amd64 (1.17.6-1ubuntu4.6) ...
Processing triggers for libc-bin (2.39-0ubuntu8.8) ...
Processing triggers for systemd (255.4-1ubuntu8) ...
Processing triggers for man-db (2.12.0-4build2) ...
Processing triggers for install-info (7.1-3build2) ...

ERR:

WARNING: apt does not have a stable CLI interface. Use with caution in scripts.

perl: warning: Setting locale failed.
perl: warning: Please check that your locale settings:
        LANGUAGE = (unset),
        LC_ALL = (unset),
        LANG = "en_US.UTF-8"
    are supported and installed on your system.
perl: warning: Falling back to the standard locale ("C").
locale: Cannot set LC_CTYPE to default locale: No such file or directory
locale: Cannot set LC_MESSAGES to default locale: No such file or directory
locale: Cannot set LC_ALL to default locale: No such file or directory
dpkg-preconfigure: unable to re-open stdin: No such file or directory

Running: pct exec 107 -- python3 -m venv /opt/hf_env
Running: pct exec 107 -- /opt/hf_env/bin/pip install huggingface_hub hf_transfer
OUT:
Collecting huggingface_hub
  Downloading huggingface_hub-1.26.1-py3-none-any.whl.metadata (16 kB)
Collecting hf_transfer
  Downloading hf_transfer-0.1.9-cp38-abi3-manylinux_2_17_x86_64.manylinux2014_x8
6_64.whl.metadata (1.7 kB)
Collecting click<9.0.0,>=8.4.2 (from huggingface_hub)
  Downloading click-8.4.2-py3-none-any.whl.metadata (2.6 kB)
Collecting filelock>=3.10.0 (from huggingface_hub)
  Downloading filelock-3.32.2-py3-none-any.whl.metadata (2.0 kB)
Collecting fsspec>=2023.5.0 (from huggingface_hub)
  Downloading fsspec-2026.7.0-py3-none-any.whl.metadata (10 kB)
Collecting hf-xet<2.0.0,>=1.5.1 (from huggingface_hub)
  Downloading hf_xet-1.6.0-cp38-abi3-manylinux2014_x86_64.manylinux_2_17_x86_64.
whl.metadata (4.9 kB)
Collecting httpx<1,>=0.23.0 (from huggingface_hub)
  Downloading httpx-0.28.1-py3-none-any.whl.metadata (7.1 kB)
Collecting packaging>=20.9 (from huggingface_hub)
  Downloading packaging-26.3-py3-none-any.whl.metadata (3.5 kB)
Collecting pyyaml>=5.1 (from huggingface_hub)
  Downloading pyyaml-6.0.3-cp312-cp312-manylinux2014_x86_64.manylinux_2_17_x86_6
4.manylinux_2_28_x86_64.whl.metadata (2.4 kB)
Collecting tqdm>=4.42.1 (from huggingface_hub)
  Downloading tqdm-4.70.0-py3-none-any.whl.metadata (57 kB)
     ━━━━━━━━━━━━━━━━━━━━━━━━━━━━━━━━━━━━━━━ 57.3/57.3 kB 379.8 kB/s eta 0:00:00
Collecting typing-extensions>=4.1.0 (from huggingface_hub)
  Downloading typing_extensions-4.16.0-py3-none-any.whl.metadata (3.3 kB)
Collecting anyio (from httpx<1,>=0.23.0->huggingface_hub)
  Downloading anyio-4.14.2-py3-none-any.whl.metadata (4.6 kB)
Collecting certifi (from httpx<1,>=0.23.0->huggingface_hub)
  Downloading certifi-2026.7.22-py3-none-any.whl.metadata (2.5 kB)
Collecting httpcore==1.* (from httpx<1,>=0.23.0->huggingface_hub)
  Downloading httpcore-1.0.9-py3-none-any.whl.metadata (21 kB)
Collecting idna (from httpx<1,>=0.23.0->huggingface_hub)
  Downloading idna-3.18-py3-none-any.whl.metadata (6.1 kB)
Collecting h11>=0.16 (from httpcore==1.*->httpx<1,>=0.23.0->huggingface_hub)
  Downloading h11-0.16.0-py3-none-any.whl.metadata (8.3 kB)
Downloading huggingface_hub-1.26.1-py3-none-any.whl (780 kB)
   ━━━━━━━━━━━━━━━━━━━━━━━━━━━━━━━━━━━━━━━━ 780.8/780.8 kB 1.9 MB/s eta 0:00:00
Downloading hf_transfer-0.1.9-cp38-abi3-manylinux_2_17_x86_64.manylinux2014_x86_
64.whl (3.6 MB)
   ━━━━━━━━━━━━━━━━━━━━━━━━━━━━━━━━━━━━━━━━ 3.6/3.6 MB 2.4 MB/s eta 0:00:00
Downloading click-8.4.2-py3-none-any.whl (119 kB)
   ━━━━━━━━━━━━━━━━━━━━━━━━━━━━━━━━━━━━━━━━ 119.2/119.2 kB 3.7 MB/s eta 0:00:00
Downloading filelock-3.32.2-py3-none-any.whl (98 kB)
   ━━━━━━━━━━━━━━━━━━━━━━━━━━━━━━━━━━━━━━━━ 98.8/98.8 kB 1.3 MB/s eta 0:00:00
Downloading fsspec-2026.7.0-py3-none-any.whl (206 kB)
   ━━━━━━━━━━━━━━━━━━━━━━━━━━━━━━━━━━━━━━━━ 206.6/206.6 kB 3.4 MB/s eta 0:00:00
Downloading hf_xet-1.6.0-cp38-abi3-manylinux2014_x86_64.manylinux_2_17_x86_64.wh
l (4.5 MB)
   ━━━━━━━━━━━━━━━━━━━━━━━━━━━━━━━━━━━━━━━━ 4.5/4.5 MB 10.9 MB/s eta 0:00:00
Downloading httpx-0.28.1-py3-none-any.whl (73 kB)
   ━━━━━━━━━━━━━━━━━━━━━━━━━━━━━━━━━━━━━━━━ 73.5/73.5 kB 6.7 MB/s eta 0:00:00
Downloading httpcore-1.0.9-py3-none-any.whl (78 kB)
   ━━━━━━━━━━━━━━━━━━━━━━━━━━━━━━━━━━━━━━━━ 78.8/78.8 kB 4.4 MB/s eta 0:00:00
Downloading packaging-26.3-py3-none-any.whl (129 kB)
   ━━━━━━━━━━━━━━━━━
   ━━━━━━━━━━━━━━━━━━━━━━━━━━━━━━━━━━━━━━━━ 130.0/130.0 kB 11.1 MB/s eta 0:00:00
Downloading pyyaml-6.0.3-cp312-cp312-manylinux2014_x86_64.manylinux_2_17_x86_64.
manylinux_2_28_x86_64.whl (807 kB)
   ━━━━━━━━━━━━━━━━━━━━━━━━━━━━━━━━━━━━━━━━ 807.9/807.9 kB 12.7 MB/s eta 0:00:00
Downloading tqdm-4.70.0-py3-none-any.whl (80 kB)
   ━━━━━━━━━━━━━━━━━━━━━━━━━━━━━━━━━━━━━━━━ 80.2/80.2 kB 4.8 MB/s eta 0:00:00
Downloading typing_extensions-4.16.0-py3-none-any.whl (45 kB)
   ━━━━━━━━━━━━━━━━━━━━━━━━━━━━━━━━━━━━━━━━ 45.6/45.6 kB 4.0 MB/s eta 0:00:00
Downloading anyio-4.14.2-py3-none-any.whl (125 kB)
   ━━━━━━━━━━━━━━━━━━━━━━━━━━━━━━━━━━━━━━━━ 125.8/125.8 kB 5.5 MB/s eta 0:00:00
Downloading idna-3.18-py3-none-any.whl (65 kB)
   ━━━━━━━━━━━━━━━━━━━━━━━━━━━━━━━━━━━━━━━━ 65.5/65.5 kB 7.5 MB/s eta 0:00:00
Downloading certifi-2026.7.22-py3-none-any.whl (136 kB)
   ━━━━━━━━━━━━━━━━━━━━━━━━━━━━━━━━━━━━━━━━ 137.0/137.0 kB 8.2 MB/s eta 0:00:00
Downloading h11-0.16.0-py3-none-any.whl (37 kB)
Installing collected packages: typing-extensions, tqdm, pyyaml, packaging, idna,
 hf-xet, hf_transfer, h11, fsspec, filelock, click, certifi, httpcore, anyio, ht
tpx, huggingface_hub
Successfully installed anyio-4.14.2 certifi-2026.7.22 click-8.4.2 filelock-3.32.
2 fsspec-2026.7.0 h11-0.16.0 hf-xet-1.6.0 hf_transfer-0.1.9 httpcore-1.0.9 httpx
-0.28.1 huggingface_hub-1.26.1 idna-3.18 packaging-26.3 pyyaml-6.0.3 tqdm-4.70.0
 typing-extensions-4.16.0

Running: pct exec 107 -- systemctl restart model-download.service
DNS fixed, environment installed, service restarted!
