=== FINAL CONTAINERS ===
app_a0d7b954_aircast
app_a0d7b954_ssh
app_a889bffc_go2rtc
app_core_mosquitto
app_core_openwakeword
hassio_audio
hassio_cli
hassio_dns
hassio_multicast
hassio_observer
hassio_supervisor
homeassistant
Count: 12
=== MEMORY ===
Mem:           3.8Gi       956Mi       1.2Gi       5.7Mi       1.7Gi       2.8Gi
=== ERRORS ===
ZERO ERRORS!
Exception ignored in: <function BufferedFile.__del__ at 0x7e18627d2b60>
Traceback (most recent call last):
  File "/usr/lib/python3/dist-packages/paramiko/file.py", line 66, in __del__
  File "/usr/lib/python3/dist-packages/paramiko/channel.py", line 1392, in close
  File "/usr/lib/python3/dist-packages/paramiko/channel.py", line 991, in shutdo
wn_write
  File "/usr/lib/python3/dist-packages/paramiko/channel.py", line 967, in shutdo
wn
  File "/usr/lib/python3/dist-packages/paramiko/transport.py", line 1931, in _se
nd_user_message
AttributeError: 'NoneType' object has no attribute 'time'
