Running: sudo mkdir -p /tmp/ha_restore
Running: sudo tar -xf /backup/Home_Assistant_Core_2026.3.0_2026-03-08_00.01_3922
6488.tar -C /tmp/ha_restore homeassistant.tar.gz
Running: sudo tar -xzf /tmp/ha_restore/homeassistant.tar.gz -C /tmp/ha_restore d
ata/.storage/lovelace.dashboard_kiosk
Running: sudo cp /tmp/ha_restore/data/.storage/lovelace.dashboard_kiosk /config/
.storage/lovelace.dashboard_kiosk
Running: sudo rm -rf /tmp/ha_restore
Running: sudo docker restart homeassistant
Dashboard recovered from March backup and HA restarting!
Exception ignored in: <function BufferedFile.__del__ at 0x7582a562ede0>
Traceback (most recent call last):
  File "/usr/lib/python3/dist-packages/paramiko/file.py", line 66, in __del__
  File "/usr/lib/python3/dist-packages/paramiko/channel.py", line 1392, in close
  File "/usr/lib/python3/dist-packages/paramiko/channel.py", line 991, in shutdo
wn_write
  File "/usr/lib/python3/dist-packages/paramiko/channel.py", line 967, in shutdo
wn
  File "/usr/lib/python3/dist-packages/paramiko/transport.py", line 1931, in _se
nd_user_message
AttributeError: 'NoneType' object has no attribute 'time'
