
============================================================
CMD: sudo curl -s -X POST --unix-socket /var/run/docker.sock 'http://localhost/c
ontainers/homeassistant/s...
============================================================
============================================================
CMD: sudo sqlite3 /config/home-assistant_v2.db.corrupt 'DELETE FROM states;'...
============================================================
============================================================
CMD: sudo sqlite3 /config/home-assistant_v2.db.corrupt 'DELETE FROM state_attrib
utes;'...
============================================================
============================================================
CMD: sudo sqlite3 /config/home-assistant_v2.db.corrupt 'DELETE FROM events;'...
============================================================
============================================================
CMD: sudo sqlite3 /config/home-assistant_v2.db.corrupt 'DELETE FROM event_data;'
...
============================================================
============================================================
CMD: sudo sqlite3 /config/home-assistant_v2.db.corrupt 'VACUUM;'...
============================================================
============================================================
CMD: sudo mv /config/home-assistant_v2.db /config/home-assistant_v2.db.empty_bac
kup...
============================================================
============================================================
CMD: sudo rm -f /config/home-assistant_v2.db-shm...
============================================================
============================================================
CMD: sudo rm -f /config/home-assistant_v2.db-wal...
============================================================
============================================================
CMD: sudo mv /config/home-assistant_v2.db.corrupt /config/home-assistant_v2.db..
.
============================================================
============================================================
CMD: sudo curl -s -X POST --unix-socket /var/run/docker.sock 'http://localhost/c
ontainers/homeassistant/s...
============================================================
[SUCCESS] Energy data restored and HA restarted!
