
Reading package lists...
Building dependency tree...
Reading state information...
The following package was automatically installed and is no longer required:
  proxmox-kernel-6.17.4-2-pve-signed
Use 'apt autoremove' to remove it.
Suggested packages:
  libsasl2-modules-gssapi-mit | libsasl2-modules-gssapi-heimdal
  libsasl2-modules-ldap libsasl2-modules-otp libsasl2-modules-sql
The following NEW packages will be installed:
  libsasl2-modules
0 upgraded, 1 newly installed, 0 to remove and 145 not upgraded.
Need to get 66.7 kB of archives.
After this operation, 289 kB of additional disk space will be used.
Get:1 http://deb.debian.org/debian trixie/main amd64 libsasl2-modules amd64 2.1.
28+dfsg1-9 [66.7 kB]
debconf: unable to initialize frontend: Dialog
debconf: (TERM is not set, so the dialog frontend is not usable.)
debconf: falling back to frontend: Readline
debconf: unable to initialize frontend: Readline
debconf: (This frontend requires a controlling tty.)
debconf: falling back to frontend: Teletype
debconf: unable to initialize frontend: Teletype
debconf: (This frontend requires a controlling tty.)
debconf: falling back to frontend: Noninteractive
Fetched 66.7 kB in 0s (289 kB/s)
Selecting previously unselected package libsasl2-modules:amd64.
(Reading database ... 121532 files and directories currently installed.)
Preparing to unpack .../libsasl2-modules_2.1.28+dfsg1-9_amd64.deb ...
Unpacking libsasl2-modules:amd64 (2.1.28+dfsg1-9) ...
Setting up libsasl2-modules:amd64 (2.1.28+dfsg1-9) ...
Aug 08 06:29:16 proxmox postfix/postfix-script[205779]: stopping the Postfix mai
l system
Aug 08 06:29:16 proxmox postfix/master[205412]: terminating on signal 15
Aug 08 06:29:16 proxmox systemd[1]: postfix.service: Deactivated successfully.
Aug 08 06:29:16 proxmox systemd[1]: Stopped postfix.service - Postfix Mail Trans
port Agent (main/default instance).
Aug 08 06:29:16 proxmox systemd[1]: Starting postfix.service - Postfix Mail Tran
sport Agent (main/default instance)...
Aug 08 06:29:17 proxmox postfix/master[205896]: daemon started -- version 3.10.5
, configuration /etc/postfix
Aug 08 06:29:17 proxmox systemd[1]: Started postfix.service - Postfix Mail Trans
port Agent (main/default instance).
Aug 08 06:29:17 proxmox postfix/pickup[205897]: 3A80D242054: uid=0 from=<root>
Aug 08 06:29:17 proxmox postfix/cleanup[205903]: 3A80D242054: message-id=<202608
08012917.3A80D242054@proxmox.hp>
Aug 08 06:29:17 proxmox postfix/qmgr[205898]: 3A80D242054: from=<ahmad@creativef
actory.pk>, size=355, nrcpt=1 (queue active)
