/home/ahmad/.config/libreoffice/4/user/backup
/home/ahmad/.config/systemd/user/default.target.wants/rclone-onedrive.service
/home/ahmad/.config/systemd/user/rclone-onedrive.service
/home/ahmad/.config/mozilla/firefox/p0q5ez86.default-backup-crashrecovery-202605
04_175909
/home/ahmad/.config/mozilla/firefox/p0q5ez86.default-backup-crashrecovery-202607
23_231214
/home/ahmad/.config/mozilla/firefox/p0q5ez86.default-backup-crashrecovery-202608
02_233237
/home/ahmad/.config/mozilla/firefox/p0q5ez86.default-backup-crashrecovery-202608
05_181457
/home/ahmad/.config/mozilla/firefox/1hd51avx.default-release-backup-crashrecover
y-20260805_181457
/home/ahmad/.config/mozilla/firefox/1hd51avx.default-release-backup-crashrecover
y-20260805_181457/bookmarkbackups
/home/ahmad/.config/mozilla/firefox/1hd51avx.default-release-backup-crashrecover
y-20260805_181457/sessionstore-backups
/home/ahmad/.config/mozilla/firefox/1hd51avx.default-release-backup-crashrecover
y-20260805_181457/logins-backup.json
/home/ahmad/.config/mozilla/firefox/p0q5ez86.default-backup
/home/ahmad/.config/mozilla/firefox/1hd51avx.default-release-backup
/home/ahmad/.config/mozilla/firefox/1hd51avx.default-release-backup/bookmarkback
ups
/home/ahmad/.config/mozilla/firefox/1hd51avx.default-release-backup/sessionstore
-backups
/home/ahmad/.config/mozilla/firefox/1hd51avx.default-release-backup/logins-backu
p.json
/home/ahmad/.config/onedrive-gui
/home/ahmad/.config/Antigravity/User/globalStorage/state.vscdb.backup
/home/ahmad/.config/Antigravity/User/workspaceStorage/239a8c68c48da9ba9f430c6fcf
01300c/state.vscdb.backup
/home/ahmad/.config/Antigravity/User/workspaceStorage/1777133152796/state.vscdb.
backup
