
total 25434948
drwxrwxrwx 2 100000 100000       4096 Aug  2 01:04 .
drwxrwxrwx 3 100000 100000       4096 Apr 18 04:41 ..
-rw-r--r-- 1 root   root         1047 Jul 19 01:14 vzdump-lxc-101-2026_07_19-01_
10_23.log
-rw-r--r-- 1 root   root   1865436045 Jul 19 01:14 vzdump-lxc-101-2026_07_19-01_
10_23.tar.zst
-rw-r--r-- 1 root   root            6 Jul 19 01:14 vzdump-lxc-101-2026_07_19-01_
10_23.tar.zst.notes
-rw-r--r-- 1 root   root         1047 Jul 26 01:16 vzdump-lxc-101-2026_07_26-01_
11_35.log
-rw-r--r-- 1 root   root   1876025748 Jul 26 01:16 vzdump-lxc-101-2026_07_26-01_
11_35.tar.zst
-rw-r--r-- 1 root   root            6 Jul 26 01:16 vzdump-lxc-101-2026_07_26-01_
11_35.tar.zst.notes
-rw-r--r-- 1 root   root         1047 Aug  2 01:03 vzdump-lxc-101-2026_08_02-01_
02_27.log
-rw-r--r-- 1 root   root   1878167312 Aug  2 01:03 vzdump-lxc-101-2026_08_02-01_
02_27.tar.zst
-rw-r--r-- 1 root   root            6 Aug  2 01:03 vzdump-lxc-101-2026_08_02-01_
02_27.tar.zst.notes
-rw-r--r-- 1 root   root         1051 Jul 19 01:15 vzdump-lxc-102-2026_07_19-01_
14_56.log
-rw-r--r-- 1 root   root    284952021 Jul 19 01:15 vzdump-lxc-102-2026_07_19-01_
14_56.tar.zst
-rw-r--r-- 1 root   root           11 Jul 19 01:15 vzdump-lxc-102-2026_07_19-01_
14_56.tar.zst.notes
-rw-r--r-- 1 root   root         1051 Jul 26 01:17 vzdump-lxc-102-2026_07_26-01_
16_31.log
-rw-r--r-- 1 root   root    285335554 Jul 26 01:17 vzdump-lxc-102-2026_07_26-01_
16_31.tar.zst
-rw-r--r-- 1 root   root           11 Jul 26 01:17 vzdump-lxc-102-2026_07_26-01_
16_31.tar.zst.notes
-rw-r--r-- 1 root   root         1051 Aug  2 01:04 vzdump-lxc-102-2026_08_02-01_
03_51.log
-rw-r--r-- 1 root   root    281344327 Aug  2 01:04 vzdump-lxc-102-2026_08_02-01_
03_51.tar.zst
-rw-r--r-- 1 root   root           11 Aug  2 01:04 vzdump-lxc-102-2026_08_02-01_
03_51.tar.zst.notes
-rw-r--r-- 1 root   root          902 May 31 01:15 vzdump-lxc-103-2026_05_31-01_
14_41.log
-rw-r--r-- 1 root   root    216078059 May 31 01:15 vzdump-lxc-103-2026_05_31-01_
14_41.tar.zst
-rw-r--r-- 1 root   root            7 May 31 01:15 vzdump-lxc-103-2026_05_31-01_
14_41.tar.zst.notes
-rw-r--r-- 1 root   root          902 Jun  7 01:05 vzdump-lxc-103-2026_06_07-01_
04_50.log
-rw-r--r-- 1 root   root    216270632 Jun  7 01:05 vzdump-lxc-103-2026_06_07-01_
04_50.tar.zst
-rw-r--r-- 1 root   root            7 Jun  7 01:05 vzdump-lxc-103-2026_06_07-01_
04_50.tar.zst.notes
-rw-r--r-- 1 root   root          902 Jun 28 01:04 vzdump-lxc-103-2026_06_28-01_
04_06.log
-rw-r--r-- 1 root   root    216928090 Jun 28 01:04 vzdump-lxc-103-2026_06_28-01_
04_06.tar.zst
-rw-r--r-- 1 root   root            7 Jun 28 01:04 vzdump-lxc-103-2026_06_28-01_
04_06.tar.zst.notes
-rw-r--r-- 1 root   root          559 Jul 12 01:18 vzdump-lxc-103-2026_07_12-01_
18_26.log
-rw-r--r-- 1 root   root          559 Jul 19 01:15 vzdump-lxc-103-2026_07_19-01_
15_53.log
-rw-r--r-- 1 root   root          559 Jul 26 01:17 vzdump-lxc-103-2026_07_26-01_
17_34.log
-rw-r--r-- 1 root   root          559 Aug  2 01:04 vzdump-lxc-103-2026_08_02-01_
04_08.log
-rw-r--r-- 1 root   root        10028 May 31 01:11 vzdump-qemu-100-2026_05_31-01
_00_03.log
-rw------- 1 100000 100100 1643991040 May 31 01:02 vzdump-qemu-100-2026_05_31-01
_00_03.vma.dat
-rw-r--r-- 1 root   root         9925 Jul 12 01:13 vzdump-qemu-100-2026_07_12-01
_00_03.log
-rw------- 1 100000 100100 2134990848 Jul 12 01:04 vzdump-qemu-100-2026_07_12-01
_00_03.vma.dat
-rw-r--r-- 1 root   root   5584479008 Jul 12 01:13 vzdump-qemu-100-2026_07_12-01
_00_03.vma.zst
-rw-r--r-- 1 root   root            9 Jul 12 01:13 vzdump-qemu-100-2026_07_12-01
_00_03.vma.zst.notes
-rw-r--r-- 1 root   root         7206 Jul 19 01:10 vzdump-qemu-100-2026_07_19-01
_00_02.log
-rw------- 1 100000 100100 1651179520 Jul 19 01:03 vzdump-qemu-100-2026_07_19-01
_00_02.vma.dat
-rw-r--r-- 1 root   root         9453 Jul 26 01:11 vzdump-qemu-100-2026_07_26-01
_00_17.log
-rw-r--r-- 1 root   root   4156918192 Jul 26 01:11 vzdump-qemu-100-2026_07_26-01
_00_17.vma.zst
-rw-r--r-- 1 root   root
-rw-r--r-- 1 root   root            9 Jul 26 01:11 vzdump-qemu-100-2026_07_26-01
_00_17.vma.zst.notes
-rw-r--r-- 1 root   root         5910 Aug  2 01:02 vzdump-qemu-100-2026_08_02-01
_00_01.log
-rw-r--r-- 1 root   root   3753043780 Aug  2 01:02 vzdump-qemu-100-2026_08_02-01
_00_01.vma.zst
-rw-r--r-- 1 root   root            9 Aug  2 01:02 vzdump-qemu-100-2026_08_02-01
_00_01.vma.zst.notes
