
2026-08-08 06:51:35 INFO: Starting Backup of VM 103 (lxc)
2026-08-08 06:51:35 INFO: status = running
2026-08-08 06:51:35 INFO: CT Name: website
2026-08-08 06:51:35 INFO: including mount point rootfs ('/') in backup
2026-08-08 06:51:35 INFO: backup mode: snapshot
2026-08-08 06:51:35 INFO: ionice priority: 7
2026-08-08 06:51:35 INFO: create storage snapshot 'vzdump'
2026-08-08 06:51:35 INFO: creating vzdump archive '/mnt/lums-cloud/dump/vzdump-l
xc-103-2026_08_08-06_51_11.tar.zst'
2026-08-08 06:51:43 INFO: /bin/bash: line 1: /mnt/lums-cloud/dump/vzdump-lxc-103
-2026_08_08-06_51_11.tar.dat: Input/output error
2026-08-08 06:51:43 INFO: cleanup temporary 'vzdump' snapshot
2026-08-08 06:51:51 ERROR: Backup of VM 103 failed - command 'set -o pipefail &&
 lxc-usernsexec -m u:0:100000:65536 -m g:0:100000:65536 -- tar cpf - --totals --
one-file-system -p --sparse --numeric-owner --acls --xattrs '--xattrs-include=us
er.*' '--xattrs-include=security.capability' '--warning=no-file-ignored' '--warn
ing=no-xattr-write' --one-file-system '--warning=no-file-ignored' '--directory=/
var/tmp/vzdumptmp215052_103' ./etc/vzdump/pct.conf ./etc/vzdump/pct.fw '--direct
ory=/mnt/vzsnap0' --no-anchored '--exclude=lost+found' --anchored '--exclude=./t
mp/?*' '--exclude=./var/tmp/?*' '--exclude=./var/run/?*.pid' ./ | zstd '--thread
s=1' >/mnt/lums-cloud/dump/vzdump-lxc-103-2026_08_08-06_51_11.tar.dat' failed: e
xit code 1
