
[lums_ondemand]
type = onedrive
client_id = d50ca740-c83f-4d1b-b616-12c519384f0c
client_secret =
auth_url = https://login.microsoftonline.com/common/oauth2/v2.0/authorize
token_url = https://login.microsoftonline.com/common/oauth2/v2.0/token
token = {"access_token":"eyJ0eXAiOiJKV1QiLCJub25jZSI6IjNaajB1SUpST3dUZlZsbXYwaTV
lWWN6RjFMSmNwcWhJZUpGNDZFejA0c2MiLCJhbGciOiJSUzI1NiIsIng1dCI6ImZFdHFyaEtUMWJYQUd
hZlNkUW9OMXZYVFJwSSIsImtpZCI6ImZFdHFyaEtUMWJYQUdhZlNkUW9OMXZYVFJwSSJ9.eyJhdWQiOi
IwMDAwMDAwMy0wMDAwLTAwMDAtYzAwMC0wMDAwMDAwMDAwMDAiLCJpc3MiOiJodHRwczovL3N0cy53aW
5kb3dzLm5ldC83NWRmMDk2Yy04YjcyLTQ4ZTQtOWI5MS1jYmY3OWQ4N2VlM2EvIiwiaWF0IjoxNzg2MT
Q5NTQwLCJuYmYiOjE3ODYxNDk1NDAsImV4cCI6MTc4NjE1MzY5NywiYWNjdCI6MCwiYWNyIjoiMSIsIm
FjcnMiOlsicGZkciJdLCJhaW8iOiJBVVFBdS84Y0FBQUF1YUR3d2NTbDRkMjJ3Z0Jwb0tRS2ZHMjBRS2
VvaFNaTnF2V05NaFJXdXdVbmRYdDBkMzhzN2NFNnNwZTJ5V3lNaUd1ci93Z1ZTS3NsQ3l3TWRsNU5mUT
09IiwiYW1yIjpbInB3ZCJdLCJhcHBfZGlzcGxheW5hbWUiOiJPbmVEcml2ZSBDbGllbnQgZm9yIExpbn
V4IiwiYXBwaWQiOiJkNTBjYTc0MC1jODNmLTRkMWItYjYxNi0xMmM1MTkzODRmMGMiLCJhcHBpZGFjci
I6IjAiLCJmYW1pbHlfbmFtZSI6Ik1hbGhpIiwiZ2l2ZW5fbmFtZSI6IkFobWFkIE1haG1vb2QiLCJpZH
R5cCI6InVzZXIiLCJpcGFkZHIiOiIxNTQuNTcuMTk0LjI2IiwibmFtZSI6IkFobWFkIE1haG1vb2QgTW
FsaGkiLCJvaWQiOiI2N2QyZWExZi1jMjkyLTQzYTgtYjVhMy02OTBkNTkzZDFlNTYiLCJwbGF0ZiI6Ij
giLCJwdWlkIjoiMTAwMzIwMDREOUJBMzhDRSIsInJoIjoiMS5BUXdBYkFuZmRYS0w1RWlia2N2M25ZZn
VPZ01BQUFBQUFBQUF3QUFBQUFBQUFBQUFBQlFNQUEuIiwic2NwIjoiRmlsZXMuUmVhZFdyaXRlIEZpbG
VzLlJlYWRXcml0ZS5BbGwgU2l0ZXMuUmVhZC5BbGwgU2l0ZXMuUmVhZFdyaXRlLkFsbCBwcm9maWxlIG
9wZW5pZCBlbWFpbCIsInNpZCI6IjAwNDA2YzRhLTliODYtZTAyNi1kMjY0LWEwZDRmZmQ2ZWUyYiIsIn
N1YiI6IkQxdVB4dXVRaHZaTlBYWlZna2lQZmQ2VDNBZW9SYWNvVEYzNU9qdnR3THciLCJ0ZW5hbnRfcm
VnaW9uX3Njb3BlIjoiRVUiLCJ0aWQiOiI3NWRmMDk2Yy04YjcyLTQ4ZTQtOWI5MS1jYmY3OWQ4N2VlM2
EiLCJ1bmlxdWVfbmFtZSI6IjI5MTAwMDk1QGx1bXMuZWR1LnBrIiwidXBuIjoiMjkxMDAwOTVAbHVtcy
5lZHUucGsiLCJ1dGkiOiJKSFFTY1dBajNFbTNDRURvU1lGbkFBIiwidmVyIjoiMS4wIiwid2lkcyI6Wy
JiNzlmYmY0ZC0zZWY5LTQ2ODktODE0My03NmIxOTRlODU1MDkiXSwieG1zX2FjZCI6MTU3O
JiNzlmYmY0ZC0zZWY5LTQ2ODktODE0My03NmIxOTRlODU1MDkiXSwieG1zX2FjZCI6MTU3ODQyMzIxNC
wieG1zX2FjdF9mY3QiOiIzIDkiLCJ4bXNfZnRkIjoiQm5sX1EwU1lzeUtoalpjSldLbU84eklKelNYSU
UxVS1HYWlObVRyVE1aTUJjM2RsWkdWdVl5MWtjMjF6IiwieG1zX2lkcmVsIjoiMSAxMiIsInhtc19wZn
RleHAiOjE3ODYyNDAwOTcsInhtc19zdCI6eyJzdWIiOiJsR0V4UGpXdmQ4XzFvV212UHNJdDVRdDJ0OV
9oM0JDYXNEZTM4WFBXNFRBIn0sInhtc19zdWJfZmN0IjoiMyAxOCIsInhtc190Y2R0IjoxMzk4MjM1Nj
M4LCJ4bXNfdG50X2ZjdCI6IjMgMTAifQ.WmahU_X2d7kmbo70Cxzs37kTxQ3NtrrkqzCU_Itvg6Ja_SG
kwkWmer_lh9EP1GbnRpDm2PW6iVanD2BNo4zhl90rUyvmz1ITFFV29wCqkek1Sf6Enm249e50w2BEAo8
F4gzxaGzarDAgYE1MC3FzwtR6luQeOcPfgfIYjCeOqfivtfjzXBkxhcHAQI9iu6irY6Y_7IesNEOlvhn
VwhM9r9SdTwheAjdXrbA0DIri624k5tAHTr1QY2fd50voP1kuxaHF6DNmQ45EX2055FH4GCWfANaL-rP
17dVsls8NWZIpzTfnrEi9iynMhF8ZPCnPnmsAgyg4WefOwOQsNfRElA","token_type":"Bearer","
refresh_token":"1.AQwAbAnfdXKL5Eibkcv3nYfuOkCnDNU_yBtNthYSxRk4TwwAABQMAA.BQABAwE
AAAADAOz_BQD0_0V2b1N0c0FydGlmYWN0cwIAAAAAAJkseJ7PdtvGyA-HcdTIa8C1Z8qloY12bMF13VL
O6ZxpWFK39OZw0tf33oA6pWeOrZQ0zJL6MQU5y5E8t8pVJsT8P-EwoffkR3d9Yu3tEa_-tNhNOFil_L7
bcTaqlIQ0byIrH-Re1Ax7O_4JGBpTY15ppv6ib3rcOL2u1Uqy1AL40cOx0lmrVg-CZ_eNHS3nop-rh9Z
roSZWxW2iZE6aGg-7K_Dsk3ua-cQtHgJBEj7NTbhqRkKFSY1C23Szp1AilYmvYUoCCOtTd75BQcW247f
zUBCINf64az5aQknGwbzfrudmV0zC3dIAz7asfv5xRITJSALrVVt9OYXRvJxMoH3sJrOnl2ALBBvSEq1
BQXYjINBpg8vduUqN2kqRXq5T9ThRTDQuuDRM-4G4dLSAb5qmiSn94Kcjqr2Nfgc_mpxSPeZBOEA4QZO
Jzyir6G_Ow-i8Dc4fWOq-ZTeVJQTmXarK1ZAQKZoPjmFYJiTAWAo24vs_huNKa8uvSRBa7R3bMbtEmi7
MT2HA3FpOWARPP87-mtze0u8CCx6dTpJ8z5vFrlvMbVqxjC0Ak6MFH8w67rlCtfNVqfDaKNHUL3P256D
2T56C1GFtx7B1GrZqiVY_DkS8hTboGQ4oIchzJDw3KrsMGUs9r3LC54lYrJqpdOaYzL1Z2iynjWTCbTr
PFFvShKGwO__G1dstjvDnQytJvk7SOtYh7wGv7qn3otZgyYrnVNUJU7GUvCfpE3OX-u_ezJzuexBLWrM
NsMGeihZ8R3ONsPE_aCMz6FQJWX4TEDZfz2ongMpBVsts-2vcbboiCaGqwltO77yMGsG3FeCWCtIU0CF
Doo7vrHsUSEUK_-0Olv6giS0t7FMBI9DuOHPiGSd5UNPsRdTygStdOmb_T1mlxqTxAWvOctM7wcXEWYd
Vxyqd6KcGJ_6ZclxyqsPWGD7Bud7XmQlF-Ekli5CCYQ9Zrwhb0-b3WsewfbUR9OPlTUVvFKiDnMWGgLT
gssdJNzf2qX-QJCV1fMIyWMBDJjCi37lh8g4MQQnpEHQGT5wrtwSJXs8LCjig3aajiammPV6jtqTMaMT
qUm7I6j80PMVMGR8kvBSYID6BWeQd1PQmmsZDd__BuyEx-kzwSKRILD50T5qVhcKYcWrGSEgFWZJJRBk
MGm2o-5mYhuniW11yHPWeUiBD-su7LlptDukybh0A9wddvmR2CoeeGcL-KrVEzm2e5nnoLNnW7xuDuWB
5PjXTGxUYA0dh7plDefnRTkrH_1wHC0T7KAtmSXgypiCUjvBNg1gbaPsqNH5ts1SAln1jXwnosQlhhOx
b_WzqyJ7n5Q6_gfOe","expiry":"2026-08-08T06:48:11.29896515+05:00","expires_in":38
56}
drive_id = b!jqiIy03qqUeW7OPKUs4CQaC0EsLHAKNBsLjeHm26ZRIjuoRH145kQqo2LqeQhuBE
drive_type = business
