
total 679484
drwx------  8 root root      4096 Aug  7 18:34 .
drwxr-xr-x 18 root root      4096 Apr 25 23:05 ..
-rw-------  1 root root     14659 Aug  7 18:34 .bash_history
-rw-r--r--  1 root root       607 Nov  7  2025 .bashrc
drwxrwxr-x  8 root root      4096 Feb  5  2026 .cache
drwx------  5 root root      4096 Apr 18 04:16 .config
-rw-r--r--  1 root root        35 May 31 01:42 .forward
-rw-r--r--  1 root root      4902 Feb 21 22:21 .install-a947a35f.log
-rw-r--r--  1 root root        97 Jan 16  2026 .install-f027e824.log
-rw-r--r--  1 root root 695639552 Jun 27 16:23 jammy-server-cloudimg-amd64.img
-rw-------  1 root root        20 Jun 25 01:41 .lesshst
drwxr-xr-x  3 root root      4096 Jan 17  2026 .local
drwxr-xr-x  4 root root      4096 Feb  5  2026 .mozilla
-rw-r--r--  1 root root       132 Nov  7  2025 .profile
-rw-r--r--  1 root root     56469 Feb  5  2026 pve-mod-gui-sensors.sh
drwxr-xr-x  2 root root      4096 Feb  5  2026 PVE-MODS
-rw-------  1 root root      1024 Jan 16  2026 .rnd
drwx------  2 root root      4096 Jul  1 23:55 .ssh
-rw-r--r--  1 root root       215 Feb  5  2026 .wget-hsts
-rw-------  1 root root         0 Apr 25 22:27 .Xauthority
-rw-------  1 root root       630 Apr 25 22:27 .xsession-errors
---
---
