
Aug 08 06:50:00 proxmox rclone[214764]: ERROR : dump/: Dir.Stat error: couldn't
list files: Get "https://graph.microsoft.com/v1.0/drives/b!jqiIy03qqUeW7OPKUs4CQ
aC0EsLHAKNBsLjeHm26ZRIjuoRH145kQqo2LqeQhuBE/items/01RUSCGOJJCA6G2HWY2VA3YJ5HRJ6Q
GGR7/children?$top=1000": couldn't fetch token - maybe it has expired? - refresh
 with "rclone config reconnect lums_ondemand:": oauth2: "invalid_client" "AADSTS
7000215: Invalid client secret provided. Ensure the secret being sent in the req
uest is the client secret value, not the client secret ID, for a secret added to
 app 'd50ca740-c83f-4d1b-b616-12c519384f0c'. Trace ID: 8c886241-a53c-47bd-87d3-c
0722d933700 Correlation ID: e2ec0a12-1cc8-42f3-b484-ee1c4984e92e Timestamp: 2026
-08-08 01:49:59Z" "https://login.microsoftonline.com/error?code=7000215"
Aug 08 06:50:00 proxmox rclone[214764]: ERROR : IO error: couldn't list files: G
et "https://graph.microsoft.com/v1.0/drives/b!jqiIy03qqUeW7OPKUs4CQaC0EsLHAKNBsL
jeHm26ZRIjuoRH145kQqo2LqeQhuBE/items/01RUSCGOJJCA6G2HWY2VA3YJ5HRJ6QGGR7/children
?$top=1000": couldn't fetch token - maybe it has expired? - refresh with "rclone
 config reconnect lums_ondemand:": oauth2: "invalid_client" "AADSTS7000215: Inva
lid client secret provided. Ensure the secret being sent in the request is the c
lient secret value, not the client secret ID, for a secret added to app 'd50ca74
0-c83f-4d1b-b616-12c519384f0c'. Trace ID: 8c886241-a53c-47bd-87d3-c0722d933700 C
orrelation ID: e2ec0a12-1cc8-42f3-b484-ee1c4984e92e Timestamp: 2026-08-08 01:49:
59Z" "https://login.microsoftonline.com/error?code=7000215"
Aug 08 06:50:08 proxmox rclone[214764]: ERROR : dump/: Dir.Stat error: couldn't
list files: Get "https://graph.microsoft.com/v1.0/drives/b!jqiIy03qqUeW7OPKUs4CQ
aC0EsLHAKNBsLjeHm26ZRIjuoRH145kQqo2LqeQhuBE/items/01RUSCGOJJCA6G2HWY2VA3YJ5HRJ6Q
GGR7/children?$top=1000": couldn't fetch token - maybe it has expired? - refresh
 with "rclone config reconnect lums_ondemand:": oauth2: "invalid_client" "AADSTS
7000215: Invalid client s
7000215: Invalid client secret provided. Ensure the secret being sent in the req
uest is the client secret value, not the client secret ID, for a secret added to
 app 'd50ca740-c83f-4d1b-b616-12c519384f0c'. Trace ID: 29d44c74-1928-43df-a85d-2
c0738307c01 Correlation ID: 88114671-afee-419c-9c95-e753175c907c Timestamp: 2026
-08-08 01:50:07Z" "https://login.microsoftonline.com/error?code=7000215"
Aug 08 06:50:08 proxmox rclone[214764]: ERROR : IO error: couldn't list files: G
et "https://graph.microsoft.com/v1.0/drives/b!jqiIy03qqUeW7OPKUs4CQaC0EsLHAKNBsL
jeHm26ZRIjuoRH145kQqo2LqeQhuBE/items/01RUSCGOJJCA6G2HWY2VA3YJ5HRJ6QGGR7/children
?$top=1000": couldn't fetch token - maybe it has expired? - refresh with "rclone
 config reconnect lums_ondemand:": oauth2: "invalid_client" "AADSTS7000215: Inva
lid client secret provided. Ensure the secret being sent in the request is the c
lient secret value, not the client secret ID, for a secret added to app 'd50ca74
0-c83f-4d1b-b616-12c519384f0c'. Trace ID: 29d44c74-1928-43df-a85d-2c0738307c01 C
orrelation ID: 88114671-afee-419c-9c95-e753175c907c Timestamp: 2026-08-08 01:50:
07Z" "https://login.microsoftonline.com/error?code=7000215"
Aug 08 06:50:16 proxmox rclone[214764]: ERROR : dump/: Dir.Stat error: couldn't
list files: Get "https://graph.microsoft.com/v1.0/drives/b!jqiIy03qqUeW7OPKUs4CQ
aC0EsLHAKNBsLjeHm26ZRIjuoRH145kQqo2LqeQhuBE/items/01RUSCGOJJCA6G2HWY2VA3YJ5HRJ6Q
GGR7/children?$top=1000": couldn't fetch token - maybe it has expired? - refresh
 with "rclone config reconnect lums_ondemand:": oauth2: "invalid_client" "AADSTS
7000215: Invalid client secret provided. Ensure the secret being sent in the req
uest is the client secret value, not the client secret ID, for a secret added to
 app 'd50ca740-c83f-4d1b-b616-12c519384f0c'. Trace ID: 3ba20909-f8de-4b09-9e8a-1
fcee3c84000 Correlation ID: f9b142a4-9794-4271-8cc5-be4d80cb9303 Timestamp: 2026
-08-08 01:50:15Z" "https://login.microsoftonline.com/error?code=7000215"
Aug 08 06:50:16 proxmox rclone[214764]: ERROR : IO error: couldn't list files: G
et "https://graph.microsoft.com/v1.0/drives/b!jqiIy03qqUeW7OPKUs4CQaC0EsLHAKNBsL
jeHm26ZRIjuoRH145kQqo2LqeQhuBE/items/01RUSCGOJJCA6G2HWY2VA3YJ5HRJ6QGGR7/children
?$top=1000": couldn't fetch token - maybe it has expired? - refresh with "rclone
 config reconnect lums_ondemand:": oauth2: "invalid_client" "AADSTS7000215: Inva
lid client secret provided. Ensure the secret being sent in the request is the c
lient secret value, not the client secret ID, for a secret added to app 'd50ca74
0-c83f-4d1b-b616-12c519384f0c'. Trace ID: 3ba20909-f8de-4b09-9e8a-1fcee3c84000 C
orrelation ID: f9b142a4-9794-4271-8cc5-be4d80cb9303 Timestamp: 2026-08-08 01:50:
15Z" "https://login.microsoftonline.com/error?code=7000215"
Aug 08 06:50:32 proxmox rclone[214764]: ERROR : dump/: Dir.Stat error: couldn't
list files: Get "https://graph.microsoft.com/v1.0/drives/b!jqiIy03qqUeW7OPKUs4CQ
aC0EsLHAKNBsLjeHm26ZRIjuoRH145kQqo2LqeQhuBE/items/01RUSCGOJJCA6G2HWY2VA3YJ5HRJ6Q
GGR7/children?$top=1000": couldn't fetch token - maybe it has expired? - refresh
 with "rclone config reconnect lums_ondemand:": oauth2: "invalid_client" "AADSTS
7000215: Invalid client secret provided. Ensure the secret being sent in the req
uest is the client secret value, not the client secret ID, for a secret added to
 app 'd50ca740-c83f-4d1b-b616-12c519384f0c'. Trace ID: 4984827d-9866-45bc-a2af-7
d0f654e4f00 Correlation ID: 48d43e1b-9fd1-4d12-810b-176573add739 Timestamp: 2026
-08-08 01:50:31Z" "https://login.microsoftonline.com/error?code=7000215"
Aug 08 06:50:32 proxmox rclone[214764]: ERROR : IO error: couldn't list files: G
et "https://graph.microsoft.com/v1.0/drives/b!jqiIy03qqUeW7OPKUs4CQaC0EsLHAKNBsL
jeHm26ZRIjuoRH145kQqo2LqeQhuBE/items/01RUSCGOJJCA6G2HWY2VA3YJ5HRJ6QGGR7/children
?$top=1000": couldn't fetch token - maybe it has expired? - refresh with "rclone
 config reconnect lums_ondemand:": oauth2: "invalid_client" "AADSTS7000215: Inva
lid client secret provided. Ensure the secret being sent in the request is the c
lient secret value, not the client secret ID, for a secret added to app 'd50ca74
0-c83f-4d1b
0-c83f-4d1b-b616-12c519384f0c'. Trace ID: 4984827d-9866-45bc-a2af-7d0f654e4f00 C
orrelation ID: 48d43e1b-9fd1-4d12-810b-176573add739 Timestamp: 2026-08-08 01:50:
31Z" "https://login.microsoftonline.com/error?code=7000215"
Aug 08 06:50:40 proxmox rclone[214764]: ERROR : dump/vzdump-lxc-101-2026_08_08-0
6_47_04.tar.dat: Failed to copy: Post "https://graph.microsoft.com/v1.0/drives/b
!jqiIy03qqUeW7OPKUs4CQaC0EsLHAKNBsLjeHm26ZRIjuoRH145kQqo2LqeQhuBE/items/01RUSCGO
JJCA6G2HWY2VA3YJ5HRJ6QGGR7:/vzdump-lxc-101-2026_08_08-06_47_04.tar.dat:/createUp
loadSession": couldn't fetch token - maybe it has expired? - refresh with "rclon
e config reconnect lums_ondemand:": oauth2: "invalid_client" "AADSTS7000215: Inv
alid client secret provided. Ensure the secret being sent in the request is the
client secret value, not the client secret ID, for a secret added to app 'd50ca7
40-c83f-4d1b-b616-12c519384f0c'. Trace ID: abb4daf9-41d5-4063-9607-a6a5ecdb5700
Correlation ID: f1438a9f-f810-4e83-b840-eb51af12ce79 Timestamp: 2026-08-08 01:50
:39Z" "https://login.microsoftonline.com/error?code=7000215"
Aug 08 06:50:40 proxmox rclone[214764]: ERROR : dump/vzdump-lxc-101-2026_08_08-0
6_47_04.tar.dat: vfs cache: failed to upload try #4, will retry in 1m20s: vfs ca
che: failed to transfer file from cache to remote: Post "https://graph.microsoft
.com/v1.0/drives/b!jqiIy03qqUeW7OPKUs4CQaC0EsLHAKNBsLjeHm26ZRIjuoRH145kQqo2LqeQh
uBE/items/01RUSCGOJJCA6G2HWY2VA3YJ5HRJ6QGGR7:/vzdump-lxc-101-2026_08_08-06_47_04
.tar.dat:/createUploadSession": couldn't fetch token - maybe it has expired? - r
efresh with "rclone config reconnect lums_ondemand:": oauth2: "invalid_client" "
AADSTS7000215: Invalid client secret provided. Ensure the secret being sent in t
he request is the client secret value, not the client secret ID, for a secret ad
ded to app 'd50ca740-c83f-4d1b-b616-12c519384f0c'. Trace ID: abb4daf9-41d5-4063-
9607-a6a5ecdb5700 Correlation ID: f1438a9f-f810-4e83-b840-eb51af12ce79 Timestamp
: 2026-08-08 01:50:39Z" "https://login.microsoftonline.com/error?code=7000215"
Aug 08 06:50:48 proxmox rclone[214764]: ERROR : dump/: Dir.Stat error: couldn't
list files: Get "https://graph.microsoft.com/v1.0/drives/b!jqiIy03qqUeW7OPKUs4CQ
aC0EsLHAKNBsLjeHm26ZRIjuoRH145kQqo2LqeQhuBE/items/01RUSCGOJJCA6G2HWY2VA3YJ5HRJ6Q
GGR7/children?$top=1000": couldn't fetch token - maybe it has expired? - refresh
 with "rclone config reconnect lums_ondemand:": oauth2: "invalid_client" "AADSTS
7000215: Invalid client secret provided. Ensure the secret being sent in the req
uest is the client secret value, not the client secret ID, for a secret added to
 app 'd50ca740-c83f-4d1b-b616-12c519384f0c'. Trace ID: 4984827d-9866-45bc-a2af-7
d0f844f4f00 Correlation ID: 45818a3b-0619-458f-b5b2-6c8da53fc351 Timestamp: 2026
-08-08 01:50:46Z" "https://login.microsoftonline.com/error?code=7000215"
Aug 08 06:50:48 proxmox rclone[214764]: ERROR : IO error: couldn't list files: G
et "https://graph.microsoft.com/v1.0/drives/b!jqiIy03qqUeW7OPKUs4CQaC0EsLHAKNBsL
jeHm26ZRIjuoRH145kQqo2LqeQhuBE/items/01RUSCGOJJCA6G2HWY2VA3YJ5HRJ6QGGR7/children
?$top=1000": couldn't fetch token - maybe it has expired? - refresh with "rclone
 config reconnect lums_ondemand:": oauth2: "invalid_client" "AADSTS7000215: Inva
lid client secret provided. Ensure the secret being sent in the request is the c
lient secret value, not the client secret ID, for a secret added to app 'd50ca74
0-c83f-4d1b-b616-12c519384f0c'. Trace ID: 4984827d-9866-45bc-a2af-7d0f844f4f00 C
orrelation ID: 45818a3b-0619-458f-b5b2-6c8da53fc351 Timestamp: 2026-08-08 01:50:
46Z" "https://login.microsoftonline.com/error?code=7000215"
Aug 08 06:50:55 proxmox rclone[214764]: ERROR : dump/vzdump-qemu-100-2026_08_08-
06_45_46.vma.zst: Failed to copy: Post "https://graph.microsoft.com/v1.0/drives/
b!jqiIy03qqUeW7OPKUs4CQaC0EsLHAKNBsLjeHm26ZRIjuoRH145kQqo2LqeQhuBE/items/01RUSCG
OJJCA6G2HWY2VA3YJ5HRJ6QGGR7:/vzdump-qemu-100-2026_08_08-06_45_46.vma.zst:/create
UploadSession": couldn't fetch token - maybe it has expired? - refresh with "rcl
one config reconnect lums_ondemand:": oauth2: "invalid_client" "AADSTS7000215: I
nvalid client secret prov
nvalid client secret provided. Ensure the secret being sent in the request is th
e client secret value, not the client secret ID, for a secret added to app 'd50c
a740-c83f-4d1b-b616-12c519384f0c'. Trace ID: 4984827d-9866-45bc-a2af-7d0f0f504f0
0 Correlation ID: 650d29c5-1bf3-47ae-bd44-775c142493f9 Timestamp: 2026-08-08 01:
50:54Z" "https://login.microsoftonline.com/error?code=7000215"
Aug 08 06:50:55 proxmox rclone[214764]: ERROR : dump/vzdump-qemu-100-2026_08_08-
06_45_46.vma.zst: vfs cache: failed to upload try #4, will retry in 1m20s: vfs c
ache: failed to transfer file from cache to remote: Post "https://graph.microsof
t.com/v1.0/drives/b!jqiIy03qqUeW7OPKUs4CQaC0EsLHAKNBsLjeHm26ZRIjuoRH145kQqo2LqeQ
huBE/items/01RUSCGOJJCA6G2HWY2VA3YJ5HRJ6QGGR7:/vzdump-qemu-100-2026_08_08-06_45_
46.vma.zst:/createUploadSession": couldn't fetch token - maybe it has expired? -
 refresh with "rclone config reconnect lums_ondemand:": oauth2: "invalid_client"
 "AADSTS7000215: Invalid client secret provided. Ensure the secret being sent in
 the request is the client secret value, not the client secret ID, for a secret
added to app 'd50ca740-c83f-4d1b-b616-12c519384f0c'. Trace ID: 4984827d-9866-45b
c-a2af-7d0f0f504f00 Correlation ID: 650d29c5-1bf3-47ae-bd44-775c142493f9 Timesta
mp: 2026-08-08 01:50:54Z" "https://login.microsoftonline.com/error?code=7000215"
Aug 08 06:51:03 proxmox rclone[214764]: ERROR : dump/: Dir.Stat error: couldn't
list files: Get "https://graph.microsoft.com/v1.0/drives/b!jqiIy03qqUeW7OPKUs4CQ
aC0EsLHAKNBsLjeHm26ZRIjuoRH145kQqo2LqeQhuBE/items/01RUSCGOJJCA6G2HWY2VA3YJ5HRJ6Q
GGR7/children?$top=1000": couldn't fetch token - maybe it has expired? - refresh
 with "rclone config reconnect lums_ondemand:": oauth2: "invalid_client" "AADSTS
7000215: Invalid client secret provided. Ensure the secret being sent in the req
uest is the client secret value, not the client secret ID, for a secret added to
 app 'd50ca740-c83f-4d1b-b616-12c519384f0c'. Trace ID: ea76c800-4d75-499e-b921-4
64313766800 Correlation ID: 26423287-2664-4e62-ab18-5dbfa3b80740 Timestamp: 2026
-08-08 01:51:02Z" "https://login.microsoftonline.com/error?code=7000215"
Aug 08 06:51:03 proxmox rclone[214764]: ERROR : IO error: couldn't list files: G
et "https://graph.microsoft.com/v1.0/drives/b!jqiIy03qqUeW7OPKUs4CQaC0EsLHAKNBsL
jeHm26ZRIjuoRH145kQqo2LqeQhuBE/items/01RUSCGOJJCA6G2HWY2VA3YJ5HRJ6QGGR7/children
?$top=1000": couldn't fetch token - maybe it has expired? - refresh with "rclone
 config reconnect lums_ondemand:": oauth2: "invalid_client" "AADSTS7000215: Inva
lid client secret provided. Ensure the secret being sent in the request is the c
lient secret value, not the client secret ID, for a secret added to app 'd50ca74
0-c83f-4d1b-b616-12c519384f0c'. Trace ID: ea76c800-4d75-499e-b921-464313766800 C
orrelation ID: 26423287-2664-4e62-ab18-5dbfa3b80740 Timestamp: 2026-08-08 01:51:
02Z" "https://login.microsoftonline.com/error?code=7000215"
Aug 08 06:51:11 proxmox rclone[214764]: ERROR : dump/: Dir.Stat error: couldn't
list files: Get "https://graph.microsoft.com/v1.0/drives/b!jqiIy03qqUeW7OPKUs4CQ
aC0EsLHAKNBsLjeHm26ZRIjuoRH145kQqo2LqeQhuBE/items/01RUSCGOJJCA6G2HWY2VA3YJ5HRJ6Q
GGR7/children?$top=1000": couldn't fetch token - maybe it has expired? - refresh
 with "rclone config reconnect lums_ondemand:": oauth2: "invalid_client" "AADSTS
7000215: Invalid client secret provided. Ensure the secret being sent in the req
uest is the client secret value, not the client secret ID, for a secret added to
 app 'd50ca740-c83f-4d1b-b616-12c519384f0c'. Trace ID: 3ba20909-f8de-4b09-9e8a-1
fce5dcd4000 Correlation ID: 1e05b3e5-806d-4683-b8f1-0928fcaea079 Timestamp: 2026
-08-08 01:51:10Z" "https://login.microsoftonline.com/error?code=7000215"
Aug 08 06:51:11 proxmox rclone[214764]: ERROR : IO error: couldn't list files: G
et "https://graph.microsoft.com/v1.0/drives/b!jqiIy03qqUeW7OPKUs4CQaC0EsLHAKNBsL
jeHm26ZRIjuoRH145kQqo2LqeQhuBE/items/01RUSCGOJJCA6G2HWY2VA3YJ5HRJ6QGGR7/children
?$top=1000": couldn't fetch token - maybe it has expired? - refresh with "rclone
 config reconnect lums_ondemand:": oauth2: "invalid_client" "AADSTS7000215: Inva
lid client secret provided. Ensure the secret being sent in the request is the c
lient secret value, not the client secret ID, for a secret added to app 'd50ca74
0-c83f-4d1b-b616-12c519384f0c'. Trace ID: 3ba20909-f8de-4b09-9e8a-1fce5dcd4000 C
orrelation ID: 1e05b3e5-806d-4683-b8f1-0928fcaea079 Timestamp: 2026-08-08 01:51:
10Z" "https://login.microsoftonline.com/error?code=7000215"
Aug 08 06:51:19 proxmox rclone[214764]: ERROR : dump/: Dir.Stat error: couldn't
list files: Get "https://graph.microsoft.com/v1.0/drives/b!jqiIy03qqUeW7OPKUs4CQ
aC0EsLHAKNBsLjeHm26ZRIjuoRH145kQqo2LqeQhuBE/items/01RUSCGOJJCA6G2HWY2VA3YJ5HRJ6Q
GGR7/children?$top=1000": couldn't fetch token - maybe it has expired? - refresh
 with "rclone config reconnect lums_ondemand:": oauth2: "invalid_client" "AADSTS
7000215: Invalid client secret provided. Ensure the secret being sent in the req
uest is the client secret value, not the client secret ID, for a secret added to
 app 'd50ca740-c83f-4d1b-b616-12c519384f0c'. Trace ID: f14b14c2-ade3-4d22-8a05-9
d0403221600 Correlation ID: 0ac361af-aec3-4176-980a-a6d959f7d44e Timestamp: 2026
-08-08 01:51:18Z" "https://login.microsoftonline.com/error?code=7000215"
Aug 08 06:51:19 proxmox rclone[214764]: ERROR : IO error: couldn't list files: G
et "https://graph.microsoft.com/v1.0/drives/b!jqiIy03qqUeW7OPKUs4CQaC0EsLHAKNBsL
jeHm26ZRIjuoRH145kQqo2LqeQhuBE/items/01RUSCGOJJCA6G2HWY2VA3YJ5HRJ6QGGR7/children
?$top=1000": couldn't fetch token - maybe it has expired? - refresh with "rclone
 config reconnect lums_ondemand:": oauth2: "invalid_client" "AADSTS7000215: Inva
lid client secret provided. Ensure the secret being sent in the request is the c
lient secret value, not the client secret ID, for a secret added to app 'd50ca74
0-c83f-4d1b-b616-12c519384f0c'. Trace ID: f14b14c2-ade3-4d22-8a05-9d0403221600 C
orrelation ID: 0ac361af-aec3-4176-980a-a6d959f7d44e Timestamp: 2026-08-08 01:51:
18Z" "https://login.microsoftonline.com/error?code=7000215"
Aug 08 06:51:35 proxmox rclone[214764]: ERROR : dump/: Dir.Stat error: couldn't
list files: Get "https://graph.microsoft.com/v1.0/drives/b!jqiIy03qqUeW7OPKUs4CQ
aC0EsLHAKNBsLjeHm26ZRIjuoRH145kQqo2LqeQhuBE/items/01RUSCGOJJCA6G2HWY2VA3YJ5HRJ6Q
GGR7/children?$top=1000": couldn't fetch token - maybe it has expired? - refresh
 with "rclone config reconnect lums_ondemand:": oauth2: "invalid_client" "AADSTS
7000215: Invalid client secret provided. Ensure the secret being sent in the req
uest is the client secret value, not the client secret ID, for a secret added to
 app 'd50ca740-c83f-4d1b-b616-12c519384f0c'. Trace ID: 693e2b5e-3b96-4662-8157-4
57894317701 Correlation ID: 98c055c4-9ee1-4c90-8d58-24a9dfecfbbf Timestamp: 2026
-08-08 01:51:33Z" "https://login.microsoftonline.com/error?code=7000215"
Aug 08 06:51:35 proxmox rclone[214764]: ERROR : IO error: couldn't list files: G
et "https://graph.microsoft.com/v1.0/drives/b!jqiIy03qqUeW7OPKUs4CQaC0EsLHAKNBsL
jeHm26ZRIjuoRH145kQqo2LqeQhuBE/items/01RUSCGOJJCA6G2HWY2VA3YJ5HRJ6QGGR7/children
?$top=1000": couldn't fetch token - maybe it has expired? - refresh with "rclone
 config reconnect lums_ondemand:": oauth2: "invalid_client" "AADSTS7000215: Inva
lid client secret provided. Ensure the secret being sent in the request is the c
lient secret value, not the client secret ID, for a secret added to app 'd50ca74
0-c83f-4d1b-b616-12c519384f0c'. Trace ID: 693e2b5e-3b96-4662-8157-457894317701 C
orrelation ID: 98c055c4-9ee1-4c90-8d58-24a9dfecfbbf Timestamp: 2026-08-08 01:51:
33Z" "https://login.microsoftonline.com/error?code=7000215"
Aug 08 06:51:43 proxmox rclone[214764]: ERROR : dump/: Dir.Stat error: couldn't
list files: Get "https://graph.microsoft.com/v1.0/drives/b!jqiIy03qqUeW7OPKUs4CQ
aC0EsLHAKNBsLjeHm26ZRIjuoRH145kQqo2LqeQhuBE/items/01RUSCGOJJCA6G2HWY2VA3YJ5HRJ6Q
GGR7/children?$top=1000": couldn't fetch token - maybe it has expired? - refresh
 with "rclone config reconnect lums_ondemand:": oauth2: "invalid_client" "AADSTS
7000215: Invalid client secret provided. Ensure the secret being sent in the req
uest is the client secret value, not the client secret ID, for a secret added t
uest is the client secret value, not the client secret ID, for a secret added to
 app 'd50ca740-c83f-4d1b-b616-12c519384f0c'. Trace ID: 3ba20909-f8de-4b09-9e8a-1
fce94cf4000 Correlation ID: d41b9685-acfc-489e-94e0-e3215cc826be Timestamp: 2026
-08-08 01:51:42Z" "https://login.microsoftonline.com/error?code=7000215"
Aug 08 06:51:43 proxmox rclone[214764]: ERROR : IO error: couldn't list files: G
et "https://graph.microsoft.com/v1.0/drives/b!jqiIy03qqUeW7OPKUs4CQaC0EsLHAKNBsL
jeHm26ZRIjuoRH145kQqo2LqeQhuBE/items/01RUSCGOJJCA6G2HWY2VA3YJ5HRJ6QGGR7/children
?$top=1000": couldn't fetch token - maybe it has expired? - refresh with "rclone
 config reconnect lums_ondemand:": oauth2: "invalid_client" "AADSTS7000215: Inva
lid client secret provided. Ensure the secret being sent in the request is the c
lient secret value, not the client secret ID, for a secret added to app 'd50ca74
0-c83f-4d1b-b616-12c519384f0c'. Trace ID: 3ba20909-f8de-4b09-9e8a-1fce94cf4000 C
orrelation ID: d41b9685-acfc-489e-94e0-e3215cc826be Timestamp: 2026-08-08 01:51:
42Z" "https://login.microsoftonline.com/error?code=7000215"
Aug 08 06:51:51 proxmox rclone[214764]: ERROR : dump/: Dir.Stat error: couldn't
list files: Get "https://graph.microsoft.com/v1.0/drives/b!jqiIy03qqUeW7OPKUs4CQ
aC0EsLHAKNBsLjeHm26ZRIjuoRH145kQqo2LqeQhuBE/items/01RUSCGOJJCA6G2HWY2VA3YJ5HRJ6Q
GGR7/children?$top=1000": couldn't fetch token - maybe it has expired? - refresh
 with "rclone config reconnect lums_ondemand:": oauth2: "invalid_client" "AADSTS
7000215: Invalid client secret provided. Ensure the secret being sent in the req
uest is the client secret value, not the client secret ID, for a secret added to
 app 'd50ca740-c83f-4d1b-b616-12c519384f0c'. Trace ID: 3ba20909-f8de-4b09-9e8a-1
fce43d04000 Correlation ID: 0440416e-8f04-446f-8c30-ddab1ac4d30e Timestamp: 2026
-08-08 01:51:50Z" "https://login.microsoftonline.com/error?code=7000215"
Aug 08 06:51:51 proxmox rclone[214764]: ERROR : IO error: couldn't list files: G
et "https://graph.microsoft.com/v1.0/drives/b!jqiIy03qqUeW7OPKUs4CQaC0EsLHAKNBsL
jeHm26ZRIjuoRH145kQqo2LqeQhuBE/items/01RUSCGOJJCA6G2HWY2VA3YJ5HRJ6QGGR7/children
?$top=1000": couldn't fetch token - maybe it has expired? - refresh with "rclone
 config reconnect lums_ondemand:": oauth2: "invalid_client" "AADSTS7000215: Inva
lid client secret provided. Ensure the secret being sent in the request is the c
lient secret value, not the client secret ID, for a secret added to app 'd50ca74
0-c83f-4d1b-b616-12c519384f0c'. Trace ID: 3ba20909-f8de-4b09-9e8a-1fce43d04000 C
orrelation ID: 0440416e-8f04-446f-8c30-ddab1ac4d30e Timestamp: 2026-08-08 01:51:
50Z" "https://login.microsoftonline.com/error?code=7000215"
Aug 08 06:51:59 proxmox rclone[214764]: ERROR : dump/: Dir.Stat error: couldn't
list files: Get "https://graph.microsoft.com/v1.0/drives/b!jqiIy03qqUeW7OPKUs4CQ
aC0EsLHAKNBsLjeHm26ZRIjuoRH145kQqo2LqeQhuBE/items/01RUSCGOJJCA6G2HWY2VA3YJ5HRJ6Q
GGR7/children?$top=1000": couldn't fetch token - maybe it has expired? - refresh
 with "rclone config reconnect lums_ondemand:": oauth2: "invalid_client" "AADSTS
7000215: Invalid client secret provided. Ensure the secret being sent in the req
uest is the client secret value, not the client secret ID, for a secret added to
 app 'd50ca740-c83f-4d1b-b616-12c519384f0c'. Trace ID: 29d44c74-1928-43df-a85d-2
c07cf387c01 Correlation ID: 11f4797d-063b-4484-90e1-ee24d994bbda Timestamp: 2026
-08-08 01:51:58Z" "https://login.microsoftonline.com/error?code=7000215"
Aug 08 06:51:59 proxmox rclone[214764]: ERROR : IO error: couldn't list files: G
et "https://graph.microsoft.com/v1.0/drives/b!jqiIy03qqUeW7OPKUs4CQaC0EsLHAKNBsL
jeHm26ZRIjuoRH145kQqo2LqeQhuBE/items/01RUSCGOJJCA6G2HWY2VA3YJ5HRJ6QGGR7/children
?$top=1000": couldn't fetch token - maybe it has expired? - refresh with "rclone
 config reconnect lums_ondemand:": oauth2: "invalid_client" "AADSTS7000215: Inva
lid client secret provided. Ensure the secret being sent in the request is the c
lient secret value, not the client secret ID, for a secret added to app 'd50ca74
0-c83f-4d1b-b616-12c519384f0c'. Trace ID: 29d44c74-1928-43df-a85d-2c07cf387c01 C
orrelation ID: 11f4797d-063b-4484-90e1-ee24d994bbda Timestamp: 20
orrelation ID: 11f4797d-063b-4484-90e1-ee24d994bbda Timestamp: 2026-08-08 01:51:
58Z" "https://login.microsoftonline.com/error?code=7000215"
Aug 08 06:52:07 proxmox rclone[214764]: ERROR : dump/: Dir.Stat error: couldn't
list files: Get "https://graph.microsoft.com/v1.0/drives/b!jqiIy03qqUeW7OPKUs4CQ
aC0EsLHAKNBsLjeHm26ZRIjuoRH145kQqo2LqeQhuBE/items/01RUSCGOJJCA6G2HWY2VA3YJ5HRJ6Q
GGR7/children?$top=1000": couldn't fetch token - maybe it has expired? - refresh
 with "rclone config reconnect lums_ondemand:": oauth2: "invalid_client" "AADSTS
7000215: Invalid client secret provided. Ensure the secret being sent in the req
uest is the client secret value, not the client secret ID, for a secret added to
 app 'd50ca740-c83f-4d1b-b616-12c519384f0c'. Trace ID: 8c886241-a53c-47bd-87d3-c
072719b3700 Correlation ID: 424214f4-122c-4aab-988c-bc940694255d Timestamp: 2026
-08-08 01:52:06Z" "https://login.microsoftonline.com/error?code=7000215"
Aug 08 06:52:07 proxmox rclone[214764]: ERROR : IO error: couldn't list files: G
et "https://graph.microsoft.com/v1.0/drives/b!jqiIy03qqUeW7OPKUs4CQaC0EsLHAKNBsL
jeHm26ZRIjuoRH145kQqo2LqeQhuBE/items/01RUSCGOJJCA6G2HWY2VA3YJ5HRJ6QGGR7/children
?$top=1000": couldn't fetch token - maybe it has expired? - refresh with "rclone
 config reconnect lums_ondemand:": oauth2: "invalid_client" "AADSTS7000215: Inva
lid client secret provided. Ensure the secret being sent in the request is the c
lient secret value, not the client secret ID, for a secret added to app 'd50ca74
0-c83f-4d1b-b616-12c519384f0c'. Trace ID: 8c886241-a53c-47bd-87d3-c072719b3700 C
orrelation ID: 424214f4-122c-4aab-988c-bc940694255d Timestamp: 2026-08-08 01:52:
06Z" "https://login.microsoftonline.com/error?code=7000215"
Aug 08 06:52:15 proxmox rclone[214764]: ERROR : dump/vzdump-lxc-101-2026_08_08-0
6_47_04.tar.dat: Failed to copy: Post "https://graph.microsoft.com/v1.0/drives/b
!jqiIy03qqUeW7OPKUs4CQaC0EsLHAKNBsLjeHm26ZRIjuoRH145kQqo2LqeQhuBE/items/01RUSCGO
JJCA6G2HWY2VA3YJ5HRJ6QGGR7:/vzdump-lxc-101-2026_08_08-06_47_04.tar.dat:/createUp
loadSession": couldn't fetch token - maybe it has expired? - refresh with "rclon
e config reconnect lums_ondemand:": oauth2: "invalid_client" "AADSTS7000215: Inv
alid client secret provided. Ensure the secret being sent in the request is the
client secret value, not the client secret ID, for a secret added to app 'd50ca7
40-c83f-4d1b-b616-12c519384f0c'. Trace ID: 08879de8-0992-4635-bb11-a837ace93901
Correlation ID: fbe9a698-1933-4d0e-8f76-eb666a9d4e26 Timestamp: 2026-08-08 01:52
:14Z" "https://login.microsoftonline.com/error?code=7000215"
Aug 08 06:52:15 proxmox rclone[214764]: ERROR : dump/vzdump-lxc-101-2026_08_08-0
6_47_04.tar.dat: vfs cache: failed to upload try #5, will retry in 2m40s: vfs ca
che: failed to transfer file from cache to remote: Post "https://graph.microsoft
.com/v1.0/drives/b!jqiIy03qqUeW7OPKUs4CQaC0EsLHAKNBsLjeHm26ZRIjuoRH145kQqo2LqeQh
uBE/items/01RUSCGOJJCA6G2HWY2VA3YJ5HRJ6QGGR7:/vzdump-lxc-101-2026_08_08-06_47_04
.tar.dat:/createUploadSession": couldn't fetch token - maybe it has expired? - r
efresh with "rclone config reconnect lums_ondemand:": oauth2: "invalid_client" "
AADSTS7000215: Invalid client secret provided. Ensure the secret being sent in t
he request is the client secret value, not the client secret ID, for a secret ad
ded to app 'd50ca740-c83f-4d1b-b616-12c519384f0c'. Trace ID: 08879de8-0992-4635-
bb11-a837ace93901 Correlation ID: fbe9a698-1933-4d0e-8f76-eb666a9d4e26 Timestamp
: 2026-08-08 01:52:14Z" "https://login.microsoftonline.com/error?code=7000215"
Aug 08 06:52:23 proxmox rclone[214764]: ERROR : dump/vzdump-qemu-100-2026_08_08-
06_45_46.vma.zst: Failed to copy: Post "https://graph.microsoft.com/v1.0/drives/
b!jqiIy03qqUeW7OPKUs4CQaC0EsLHAKNBsLjeHm26ZRIjuoRH145kQqo2LqeQhuBE/items/01RUSCG
OJJCA6G2HWY2VA3YJ5HRJ6QGGR7:/vzdump-qemu-100-2026_08_08-06_45_46.vma.zst:/create
UploadSession": couldn't fetch token - maybe it has expired? - refresh with "rcl
one config reconnect lums_ondemand:": oauth2: "invalid_client" "AADSTS7000215: I
nvalid client secret provided. Ensure the secret being sent in the request is th
e client secret value, not the client secret ID, for a se
e client secret value, not the client secret ID, for a secret added to app 'd50c
a740-c83f-4d1b-b616-12c519384f0c'. Trace ID: abb4daf9-41d5-4063-9607-a6a5bfe2570
0 Correlation ID: cb97e65d-1437-4530-a8dc-bfb65e36c586 Timestamp: 2026-08-08 01:
52:22Z" "https://login.microsoftonline.com/error?code=7000215"
Aug 08 06:52:23 proxmox rclone[214764]: ERROR : dump/vzdump-qemu-100-2026_08_08-
06_45_46.vma.zst: vfs cache: failed to upload try #5, will retry in 2m40s: vfs c
ache: failed to transfer file from cache to remote: Post "https://graph.microsof
t.com/v1.0/drives/b!jqiIy03qqUeW7OPKUs4CQaC0EsLHAKNBsLjeHm26ZRIjuoRH145kQqo2LqeQ
huBE/items/01RUSCGOJJCA6G2HWY2VA3YJ5HRJ6QGGR7:/vzdump-qemu-100-2026_08_08-06_45_
46.vma.zst:/createUploadSession": couldn't fetch token - maybe it has expired? -
 refresh with "rclone config reconnect lums_ondemand:": oauth2: "invalid_client"
 "AADSTS7000215: Invalid client secret provided. Ensure the secret being sent in
 the request is the client secret value, not the client secret ID, for a secret
added to app 'd50ca740-c83f-4d1b-b616-12c519384f0c'. Trace ID: abb4daf9-41d5-406
3-9607-a6a5bfe25700 Correlation ID: cb97e65d-1437-4530-a8dc-bfb65e36c586 Timesta
mp: 2026-08-08 01:52:22Z" "https://login.microsoftonline.com/error?code=7000215"
Aug 08 06:55:03 proxmox rclone[214764]: ERROR : dump/vzdump-lxc-101-2026_08_08-0
6_47_04.tar.dat: Failed to copy: Post "https://graph.microsoft.com/v1.0/drives/b
!jqiIy03qqUeW7OPKUs4CQaC0EsLHAKNBsLjeHm26ZRIjuoRH145kQqo2LqeQhuBE/items/01RUSCGO
JJCA6G2HWY2VA3YJ5HRJ6QGGR7:/vzdump-lxc-101-2026_08_08-06_47_04.tar.dat:/createUp
loadSession": couldn't fetch token - maybe it has expired? - refresh with "rclon
e config reconnect lums_ondemand:": oauth2: "invalid_client" "AADSTS7000215: Inv
alid client secret provided. Ensure the secret being sent in the request is the
client secret value, not the client secret ID, for a secret added to app 'd50ca7
40-c83f-4d1b-b616-12c519384f0c'. Trace ID: f14b14c2-ade3-4d22-8a05-9d04c5321600
Correlation ID: d44cce9a-a4ab-440f-9c90-80e66020c5d0 Timestamp: 2026-08-08 01:55
:02Z" "https://login.microsoftonline.com/error?code=7000215"
Aug 08 06:55:03 proxmox rclone[214764]: ERROR : dump/vzdump-lxc-101-2026_08_08-0
6_47_04.tar.dat: vfs cache: failed to upload try #6, will retry in 5m0s: vfs cac
he: failed to transfer file from cache to remote: Post "https://graph.microsoft.
com/v1.0/drives/b!jqiIy03qqUeW7OPKUs4CQaC0EsLHAKNBsLjeHm26ZRIjuoRH145kQqo2LqeQhu
BE/items/01RUSCGOJJCA6G2HWY2VA3YJ5HRJ6QGGR7:/vzdump-lxc-101-2026_08_08-06_47_04.
tar.dat:/createUploadSession": couldn't fetch token - maybe it has expired? - re
fresh with "rclone config reconnect lums_ondemand:": oauth2: "invalid_client" "A
ADSTS7000215: Invalid client secret provided. Ensure the secret being sent in th
e request is the client secret value, not the client secret ID, for a secret add
ed to app 'd50ca740-c83f-4d1b-b616-12c519384f0c'. Trace ID: f14b14c2-ade3-4d22-8
a05-9d04c5321600 Correlation ID: d44cce9a-a4ab-440f-9c90-80e66020c5d0 Timestamp:
 2026-08-08 01:55:02Z" "https://login.microsoftonline.com/error?code=7000215"
Aug 08 06:55:11 proxmox rclone[214764]: ERROR : dump/vzdump-qemu-100-2026_08_08-
06_45_46.vma.zst: Failed to copy: Post "https://graph.microsoft.com/v1.0/drives/
b!jqiIy03qqUeW7OPKUs4CQaC0EsLHAKNBsLjeHm26ZRIjuoRH145kQqo2LqeQhuBE/items/01RUSCG
OJJCA6G2HWY2VA3YJ5HRJ6QGGR7:/vzdump-qemu-100-2026_08_08-06_45_46.vma.zst:/create
UploadSession": couldn't fetch token - maybe it has expired? - refresh with "rcl
one config reconnect lums_ondemand:": oauth2: "invalid_client" "AADSTS7000215: I
nvalid client secret provided. Ensure the secret being sent in the request is th
e client secret value, not the client secret ID, for a secret added to app 'd50c
a740-c83f-4d1b-b616-12c519384f0c'. Trace ID: 693e2b5e-3b96-4662-8157-45789d42770
1 Correlation ID: 769bb672-f477-43cd-98d3-1a4349cf9b54 Timestamp: 2026-08-08 01:
55:10Z" "https://login.microsoftonline.com/error?code=7000215"
Aug 08 06:55:11 proxmox rclone[214764]: ERROR : dump/vzdump-qemu-100-2026_08_08-
06_45_46.vma.zst: vfs cache: failed to upload try #6, will retry in 5m0s: vfs ca
che: failed to transfer file from ca
che: failed to transfer file from cache to remote: Post "https://graph.microsoft
.com/v1.0/drives/b!jqiIy03qqUeW7OPKUs4CQaC0EsLHAKNBsLjeHm26ZRIjuoRH145kQqo2LqeQh
uBE/items/01RUSCGOJJCA6G2HWY2VA3YJ5HRJ6QGGR7:/vzdump-qemu-100-2026_08_08-06_45_4
6.vma.zst:/createUploadSession": couldn't fetch token - maybe it has expired? -
refresh with "rclone config reconnect lums_ondemand:": oauth2: "invalid_client"
"AADSTS7000215: Invalid client secret provided. Ensure the secret being sent in
the request is the client secret value, not the client secret ID, for a secret a
dded to app 'd50ca740-c83f-4d1b-b616-12c519384f0c'. Trace ID: 693e2b5e-3b96-4662
-8157-45789d427701 Correlation ID: 769bb672-f477-43cd-98d3-1a4349cf9b54 Timestam
p: 2026-08-08 01:55:10Z" "https://login.microsoftonline.com/error?code=7000215"
