
2026-08-08 00:00:02 INFO: Starting Backup of VM 100 (qemu)
2026-08-08 00:00:02 INFO: status = running
2026-08-08 00:00:02 INFO: VM Name: haos-16.3
2026-08-08 00:00:02 INFO: include disk 'scsi0' 'local-lvm:vm-100-disk-0' 32G
2026-08-08 00:00:02 INFO: include disk 'efidisk0' 'local-lvm:vm-100-disk-1' 4M
2026-08-08 00:00:02 INFO: backup mode: snapshot
2026-08-08 00:00:02 INFO: ionice priority: 7
2026-08-08 00:00:02 INFO: creating vzdump archive '/var/lib/vz/dump/vzdump-qemu-
100-2026_08_08-00_00_02.vma.zst'
2026-08-08 00:00:02 INFO: issuing guest-agent 'fs-freeze' command
2026-08-08 00:00:03 INFO: starting backup via QMP command
2026-08-08 00:00:03 INFO: issuing guest-agent 'fs-thaw' command
2026-08-08 00:00:03 INFO: started backup task '6047138d-3413-4d0c-9fbf-8217a07fc
c55'
2026-08-08 00:00:03 INFO: resuming VM again
2026-08-08 00:00:06 INFO:   0% (217.5 MiB of 32.0 GiB) in 3s, read: 72.5 MiB/s,
write: 59.6 MiB/s
2026-08-08 00:00:09 INFO:   1% (348.0 MiB of 32.0 GiB) in 6s, read: 43.5 MiB/s,
write: 40.4 MiB/s
2026-08-08 00:00:14 INFO:   2% (888.1 MiB of 32.0 GiB) in 11s, read: 108.0 MiB/s
, write: 72.0 MiB/s
2026-08-08 00:00:17 INFO:   4% (1.3 GiB of 32.0 GiB) in 14s, read: 155.9 MiB/s,
write: 95.5 MiB/s
2026-08-08 00:00:20 INFO:   6% (2.0 GiB of 32.0 GiB) in 17s, read: 235.6 MiB/s,
write: 69.5 MiB/s
2026-08-08 00:00:23 INFO:  10% (3.5 GiB of 32.0 GiB) in 20s, read: 494.2 MiB/s,
write: 36.7 MiB/s
2026-08-08 00:00:27 INFO:  11% (3.6 GiB of 32.0 GiB) in 24s, read: 22.7 MiB/s, w
rite: 22.5 MiB/s
2026-08-08 00:00:30 INFO:  12% (4.0 GiB of 32.0 GiB) in 27s, read: 136.5 MiB/s,
write: 95.6 MiB/s
2026-08-08 00:00:37 INFO:  13% (4.3 GiB of 32.0 GiB) in 34s, read: 48.2 MiB/s, w
rite: 18.5 MiB/s
2026-08-08 00:00:40 INFO:  14% (4.5 GiB of 32.0 GiB) in 37s, read: 79.8 MiB/s, w
rite: 58.7 MiB/s
2026-08-08 00:00:43 INFO:  15% (5.0 GiB of 32.0 GiB) in 40s, read: 157.1 MiB/s,
write: 80.0 MiB/s
2026-08-08 00:00:46 INFO:  16% (5.2 GiB of 32.0 GiB) in 43s, read: 88.2 MiB/s, w
rite: 52.9 MiB/s
2026-08-08 00:00:49 INFO:  18% (5.8 GiB of 32.0 GiB) in 46s, read: 181.2 MiB/s,
write: 98.6 MiB/s
2026-08-08 00:00:53 INFO:  19% (6.2 GiB of 32.0 GiB) in 50s, read: 111.5 MiB/s,
write: 43.8 MiB/s
2026-08-08 00:00:56 INFO:  21% (6.8 GiB of 32.0 GiB) in 53s, read: 193.3 MiB/s,
write: 39.8 MiB/s
2026-08-08 00:00:59 INFO:  22% (7.1 GiB of 32.0 GiB) in 56s, read: 108.8 MiB/s,
write: 43.4 MiB/s
2026-08-08 00:01:02 INFO:  23% (7.4 GiB of 32.0 GiB) in 59s, read: 110.0 MiB/s,
write: 44.5 MiB/s
2026-08-08 00:01:05 INFO:  24% (7.9 GiB of 32.0 GiB) in 1m 2s, read: 170.4 MiB/s
, write: 61.4 MiB/s
2026-08-08 00:01:08 INFO:  26% (8.6 GiB of 32.0 GiB) in 1m 5s, read: 238.0 MiB/s
, write: 56.7 MiB/s
2026-08-08 00:01:11 INFO:  28% (9.0 GiB of 32.0 GiB) in 1m 8s, read: 124.5 MiB/s
, write: 74.1 MiB/s
2026-08-08 00:01:15 INFO:  32% (10.3 GiB of 32.0 GiB) in 1m 12s, read: 348.0 MiB
/s, write: 66.6 MiB/s
2026-08-08 00:01:18 INFO:  33% (10.6 GiB of 32.0 GiB) in 1m 15s, read: 96.7 MiB/
s, write: 50.6 MiB/s
2026-08-08 00:01:21 INFO:  34% (11.2 GiB of 32.0 GiB) in 1m 18s, read: 197.0 MiB
/s, write: 90.0 MiB/s
2026-08-08 00:01:24 INFO:  35% (11.4 GiB of 32.0 GiB) in 1m 21s, read: 62.8 MiB/
s, write: 61.0 MiB/s
2026-08-08 00:01:27 INFO:  37% (12.1 GiB of 32.0 GiB) in 1m 24s, read: 265.8 MiB
/s, write: 83.0 MiB/s
2026-08-08 00:01:30 INFO:  43% (13.8 GiB of 32.0 GiB) in 1m 27s, read: 567.4 MiB
/s, write: 70.7 MiB/s
2026-08-08 00:01:33 INFO:  47% (15.1 GiB of 32.0 GiB) in 1m 30s, read: 450.0 MiB
/s, write: 86.2 MiB/s
2026-08-08 00:01:37 INFO:  48% (15.5 GiB of 32.0 GiB) in 1m 34s, read: 83.4 MiB/
s, write: 38.2 MiB/s
2026-08-08 00:01:40 INFO:  49% (15.8 GiB of 32.0 GiB) in 1m 37s, read: 129.3 MiB
/s, write: 66.6 MiB/s
2026-08-08 00:01:44 INFO:  50% (16.1 GiB of 32.0 GiB) in 1m 41s, read: 76.1 MiB/
s, write: 38.1 MiB/s
2026-08-08 00:01:47 INFO:  51% (16.3 GiB of 32.0 GiB) in 1m 44s, read: 65.2 MiB/
s, write: 47.8 MiB/s
2026-08-08 00:01:50 INFO:  52% (16.8 GiB of 32.0 GiB) in 1m 47s, read: 169.2 MiB
/s, write: 77.0
/s, write: 77.0 MiB/s
2026-08-08 00:01:53 INFO:  58% (18.9 GiB of 32.0 GiB) in 1m 50s, read: 696.0 MiB
/s, write: 46.7 MiB/s
2026-08-08 00:01:57 INFO:  65% (20.8 GiB of 32.0 GiB) in 1m 54s, read: 503.9 MiB
/s, write: 25.6 MiB/s
2026-08-08 00:02:01 INFO:  67% (21.7 GiB of 32.0 GiB) in 1m 58s, read: 216.6 MiB
/s, write: 60.7 MiB/s
2026-08-08 00:02:04 INFO:  74% (23.7 GiB of 32.0 GiB) in 2m 1s, read: 700.8 MiB/
s, write: 72.9 MiB/s
2026-08-08 00:02:07 INFO:  75% (24.2 GiB of 32.0 GiB) in 2m 4s, read: 164.3 MiB/
s, write: 57.3 MiB/s
2026-08-08 00:02:10 INFO:  80% (25.8 GiB of 32.0 GiB) in 2m 7s, read: 557.0 MiB/
s, write: 52.8 MiB/s
2026-08-08 00:02:16 INFO:  81% (25.9 GiB of 32.0 GiB) in 2m 13s, read: 15.1 MiB/
s, write: 12.4 MiB/s
2026-08-08 00:02:19 INFO:  84% (27.0 GiB of 32.0 GiB) in 2m 16s, read: 350.4 MiB
/s, write: 7.1 MiB/s
2026-08-08 00:02:26 INFO:  85% (27.2 GiB of 32.0 GiB) in 2m 23s, read: 37.8 MiB/
s, write: 34.1 MiB/s
2026-08-08 00:02:31 INFO:  87% (28.1 GiB of 32.0 GiB) in 2m 28s, read: 183.4 MiB
/s, write: 28.4 MiB/s
2026-08-08 00:02:34 INFO:  88% (28.3 GiB of 32.0 GiB) in 2m 31s, read: 60.4 MiB/
s, write: 31.1 MiB/s
2026-08-08 00:02:37 INFO:  95% (30.5 GiB of 32.0 GiB) in 2m 34s, read: 750.4 MiB
/s, write: 12.3 MiB/s
2026-08-08 00:02:42 INFO:  96% (30.7 GiB of 32.0 GiB) in 2m 39s, read: 51.5 MiB/
s, write: 41.3 MiB/s
2026-08-08 00:02:49 INFO:  97% (31.1 GiB of 32.0 GiB) in 2m 46s, read: 46.6 MiB/
s, write: 34.3 MiB/s
2026-08-08 00:02:58 INFO:  98% (31.4 GiB of 32.0 GiB) in 2m 55s, read: 39.9 MiB/
s, write: 38.4 MiB/s
2026-08-08 00:03:03 INFO:  99% (31.7 GiB of 32.0 GiB) in 3m, read: 64.5 MiB/s, w
rite: 52.3 MiB/s
2026-08-08 00:03:08 INFO: 100% (32.0 GiB of 32.0 GiB) in 3m 5s, read: 57.7 MiB/s
, write: 48.1 MiB/s
2026-08-08 00:03:08 INFO: backup is sparse: 23.03 GiB (71%) total zero data
2026-08-08 00:03:08 INFO: transferred 32.00 GiB in 185 seconds (177.1 MiB/s)
2026-08-08 00:03:08 INFO: archive file size: 3.49GB
2026-08-08 00:03:08 INFO: adding notes to backup
2026-08-08 00:03:08 INFO: prune older backups with retention: keep-last=3
2026-08-08 00:03:08 INFO: removing backup 'local:backup/vzdump-qemu-100-2026_08_
05-00_00_02.vma.zst'
2026-08-08 00:03:08 INFO: pruned 1 backup(s) not covered by keep-retention polic
y
2026-08-08 00:03:08 INFO: Finished Backup of VM 100 (00:03:06)
---
2026-08-08 00:05:56 INFO: Starting Backup of VM 103 (lxc)
2026-08-08 00:05:56 INFO: status = running
2026-08-08 00:05:56 INFO: CT Name: website
2026-08-08 00:05:56 INFO: including mount point rootfs ('/') in backup
2026-08-08 00:05:56 INFO: backup mode: snapshot
2026-08-08 00:05:56 INFO: ionice priority: 7
2026-08-08 00:05:56 INFO: create storage snapshot 'vzdump'
2026-08-08 00:05:57 ERROR: Backup of VM 103 failed - lvcreate snapshot 'pve/snap
_vm-103-disk-0_vzdump' error:   Logical Volume "snap_vm-103-disk-0_vzdump" alrea
dy exists in volume group "pve"
