
Aug 08 06:05:53 proxmox postfix/smtp[194192]: connect to gmail-smtp-in.l.google.
com[2404:6800:4000:1025::1a]:25: Network is unreachable
Aug 08 06:06:23 proxmox postfix/smtp[194192]: connect to gmail-smtp-in.l.google.
com[192.178.211.26]:25: Connection timed out
Aug 08 06:06:26 proxmox postfix/smtp[194192]: 6666D242DB3: to=<am526315@gmail.co
m>, relay=alt1.gmail-smtp-in.l.google.com[173.194.41.26]:25, delay=33, delays=0.
01/0/32/1.2, dsn=5.7.1, status=bounced (host alt1.gmail-smtp-in.l.google.com[173
.194.41.26] said: 550-5.7.1 [154.57.194.26] The IP you're using to send mail is
not authorized to 550-5.7.1 send email directly to our servers. Please use the S
MTP relay at your 550-5.7.1 service provider instead. For more information, go t
o 550 5.7.1  https://support.google.com/mail/?p=NotAuthorizedError 41be03b00d2f7
-cbe8f41c660si5199449a12.355 - gsmtp (in reply to end of DATA command))
Aug 08 06:06:26 proxmox postfix/qmgr[1081]: 6666D242DB3: removed
Aug 08 06:06:26 proxmox postfix/cleanup[194190]: 9E5D7242DC0: message-id=<202608
08010626.9E5D7242DC0@proxmox.hp>
Aug 08 06:06:26 proxmox postfix/cleanup[194190]: 9E5D7242DC0: removed (canceled)
Aug 08 06:27:27 proxmox systemd[1]: Stopping postfix.service - Postfix Mail Tran
sport Agent (main/default instance)...
Aug 08 06:27:29 proxmox postfix[204336]: postfix/postlog: stopping the Postfix m
ail system
Aug 08 06:27:29 proxmox postfix/postfix-script[204336]: stopping the Postfix mai
l system
Aug 08 06:27:29 proxmox postfix/master[1079]: terminating on signal 15
Aug 08 06:27:29 proxmox systemd[1]: postfix.service: Deactivated successfully.
Aug 08 06:27:29 proxmox systemd[1]: Stopped postfix.service - Postfix Mail Trans
port Agent (main/default instance).
Aug 08 06:27:29 proxmox systemd[1]: postfix.service: Consumed 1.356s CPU time, 1
9.5M memory peak, 1.6M memory swap peak.
Aug 08 06:27:29 proxmox systemd[1]: Starting postfix.service - Postfix Mail Tran
sport Agent (main/default instance)...
Aug 08 06:27:30 proxmox postfix[204396]: updating /etc/resolv.conf => /var/spool
/postfix//etc/resolv.conf
Aug 08 06:27:30 proxmox postfix/master[204453]: daemon started -- version 3.10.5
, configuration /etc/postfix
Aug 08 06:27:30 proxmox systemd[1]: Started postfix.service - Postfix Mail Trans
port Agent (main/default instance).
Aug 08 06:27:32 proxmox postfix/pickup[204454]: 411BA242F7F: uid=0 from=<root>
Aug 08 06:27:32 proxmox postfix/cleanup[204467]: 411BA242F7F: message-id=<202608
08012732.411BA242F7F@proxmox.hp>
Aug 08 06:27:32 proxmox postfix/qmgr[204455]: 411BA242F7F: from=<ahmad@creativef
actory.pk>, size=340, nrcpt=1 (queue active)
