Error: Timeout exceeded.
<pexpect.pty_spawn.spawn object at 0x7d01ae7cbbf0>
command: /usr/bin/ssh
args: [b'/usr/bin/ssh', b'-o', b'StrictHostKeyChecking=no', b'root@192.168.86.57
', b'apt update && DEBIAN_FRONTEND=noninteractive apt dist-upgrade -y']
buffer (last 100 chars): '.com/debian/pve trixie/pve-no-subscription amd64 pve-e
dk2-firmware-ovmf all 4.2025.05-3 [8,370 kB]\r\n'
before (last 100 chars): '.com/debian/pve trixie/pve-no-subscription amd64 pve-e
dk2-firmware-ovmf all 4.2025.05-3 [8,370 kB]\r\n'
after: <class 'pexpect.exceptions.TIMEOUT'>
match: None
match_index: None
exitstatus: None
flag_eof: False
pid: 147139
child_fd: 13
closed: False
timeout: 30
delimiter: <class 'pexpect.exceptions.EOF'>
logfile: None
logfile_read: None
logfile_send: None
maxread: 2000
ignorecase: False
searchwindowsize: None
delaybeforesend: 0.05
delayafterclose: 0.1
delayafterterminate: 0.1
searcher: searcher_re:
    0: EOF
