
Aug 08 06:28:02 proxmox postfix/smtp[204470]: 411BA242F7F: to=<29100095@lums.edu
.pk>, relay=none, delay=30, delays=0.04/0.05/30/0, dsn=4.4.1, status=deferred (c
onnect to smtp.zoho.com[136.143.182.56]:587: Connection timed out)
Aug 08 06:28:49 proxmox systemd[1]: Stopping postfix.service - Postfix Mail Tran
sport Agent (main/default instance)...
Aug 08 06:28:51 proxmox postfix[205285]: postfix/postlog: stopping the Postfix m
ail system
Aug 08 06:28:51 proxmox postfix/postfix-script[205285]: stopping the Postfix mai
l system
Aug 08 06:28:51 proxmox postfix/master[204453]: terminating on signal 15
Aug 08 06:28:51 proxmox systemd[1]: postfix.service: Deactivated successfully.
Aug 08 06:28:51 proxmox systemd[1]: Stopped postfix.service - Postfix Mail Trans
port Agent (main/default instance).
Aug 08 06:28:51 proxmox systemd[1]: Starting postfix.service - Postfix Mail Tran
sport Agent (main/default instance)...
Aug 08 06:28:51 proxmox postfix/master[205412]: daemon started -- version 3.10.5
, configuration /etc/postfix
Aug 08 06:28:51 proxmox systemd[1]: Started postfix.service - Postfix Mail Trans
port Agent (main/default instance).
Aug 08 06:28:53 proxmox postfix/pickup[205413]: D0B8F242F9F: uid=0 from=<root>
Aug 08 06:28:53 proxmox postfix/cleanup[205446]: D0B8F242F9F: message-id=<202608
08012853.D0B8F242F9F@proxmox.hp>
Aug 08 06:28:53 proxmox postfix/qmgr[205414]: D0B8F242F9F: from=<ahmad@creativef
actory.pk>, size=361, nrcpt=1 (queue active)
Aug 08 06:28:56 proxmox postfix/smtp[205449]: warning: SASL authentication failu
re: No worthy mechs found
Aug 08 06:28:56 proxmox postfix/smtp[205449]: D0B8F242F9F: to=<29100095@lums.edu
.pk>, relay=smtp.zoho.com[136.143.182.56]:465, delay=3.1, delays=0.03/0.02/3/0,
dsn=4.7.0, status=deferred (SASL authentication failed; cannot authenticate to s
erver smtp.zoho.com[136.143.182.56]: no mechanism available)
